<testsuites id="" name="" tests="45" failures="0" skipped="0" errors="0" time="125.035159">
<testsuite name="login.spec.ts" timestamp="2025-10-14T09:46:56.852Z" hostname="chromium" tests="9" failures="0" skipped="0" time="250.16" errors="0">
<testcase name="Login Page Tests › Enter valid credentials @smoke" classname="login.spec.ts" time="28.223">
<system-out>
<![CDATA[🔍 LoginPage constructor - url param: http://devwebpanel.sadadqa.com:3004, defaultUrl: http://devwebpanel.sadadqa.com:3004
🔍 LoginPage constructor - final URL: http://devwebpanel.sadadqa.com:3004
[2025-10-14T09:47:13.788Z] [INFO] [LoginPage] User data loaded successfully
🔍 Starting navigation with maxRetries: 0
🔍 Calling navigateToLogin() - attempt 1
[2025-10-14T09:47:13.790Z] [INFO] [LoginPage] Navigating to: http://devwebpanel.sadadqa.com:3004
[2025-10-14T09:47:13.790Z] [INFO] [LoginPage] Navigating to: http://devwebpanel.sadadqa.com:3004
[2025-10-14T09:47:17.190Z] [INFO] [LoginPage] DOM content loaded
[2025-10-14T09:47:27.216Z] [INFO] [LoginPage] Network idle timeout (expected for pages with continuous activity). DOM is ready.
🔍 navigateToLogin() completed successfully
[2025-10-14T09:47:27.218Z] [INFO] [Enter valid credentials @smoke] Starting test: Enter valid credentials @smoke
[2025-10-14T09:47:27.219Z] [INFO] [Enter valid credentials @smoke] 🔹 Step: Enter valid credentials
[2025-10-14T09:47:27.219Z] [INFO] [LoginPage] Attempting login for mobile: 90336607
[2025-10-14T09:47:27.237Z] [INFO] [LoginPage] DOM content loaded
[2025-10-14T09:47:37.250Z] [INFO] [LoginPage] Network idle timeout (expected for pages with continuous activity). DOM is ready.
[2025-10-14T09:47:37.251Z] [INFO] [LoginPage] Waiting until element is present: //h2[normalize-space()='Login in to SADAD']
[2025-10-14T09:47:37.486Z] [INFO] [LoginPage] Comparing text for element: //h2[normalize-space()='Login in to SADAD']
[2025-10-14T09:47:37.486Z] [INFO] [LoginPage] Expected: "Login in to SADAD"
[2025-10-14T09:47:37.486Z] [INFO] [LoginPage] Actual: "Login in to SADAD"
[2025-10-14T09:47:37.486Z] [INFO] [LoginPage] Text comparison result: MATCH
[2025-10-14T09:47:37.487Z] [INFO] [LoginPage] Filling element: input[type="text"] with value: 90336607
[2025-10-14T09:47:38.541Z] [INFO] [LoginPage] Mobile number entered: 90336607
[2025-10-14T09:47:38.542Z] [INFO] [LoginPage] Filling element: input[type="password"] with value: QAble@2020
[2025-10-14T09:47:39.569Z] [INFO] [LoginPage] Password entered
[2025-10-14T09:47:39.570Z] [INFO] [LoginPage] Waiting until element is clickable: //button[@type="submit"]
[2025-10-14T09:47:39.828Z] [INFO] [LoginPage] Clicking on element: //button[@type="submit"]
[2025-10-14T09:47:39.977Z] [INFO] [LoginPage] Login button clicked
[2025-10-14T09:47:39.978Z] [INFO] [LoginPage] Login attempt completed
[2025-10-14T09:47:39.978Z] [INFO] [Enter valid credentials @smoke] ✅ Step completed: Enter valid credentials
[2025-10-14T09:47:39.978Z] [INFO] [Enter valid credentials @smoke] 🔹 Step: Verify page loads and elements are visible
[2025-10-14T09:47:39.978Z] [INFO] [LoginPage] Verifying login page elements
[2025-10-14T09:47:39.978Z] [INFO] [LoginPage] Waiting for element to be visible: input[type="text"]
[2025-10-14T09:47:40.099Z] [INFO] [LoginPage] Element is now visible: input[type="text"]
[2025-10-14T09:47:40.099Z] [INFO] [LoginPage] Waiting for element to be visible: input[type="password"]
[2025-10-14T09:47:40.232Z] [INFO] [LoginPage] Element is now visible: input[type="password"]
[2025-10-14T09:47:40.233Z] [INFO] [LoginPage] Waiting for element to be visible: //button[@type="submit"]
[2025-10-14T09:47:40.339Z] [INFO] [LoginPage] Element is now visible: //button[@type="submit"]
[2025-10-14T09:47:40.339Z] [INFO] [LoginPage] All login page elements verified
[2025-10-14T09:47:40.339Z] [INFO] [Enter valid credentials @smoke] ✅ Step completed: Verify page loads and elements are visible
[2025-10-14T09:47:40.339Z] [INFO] [Enter valid credentials @smoke] 🔹 Step: Take screenshot of login page
[2025-10-14T09:47:40.340Z] [INFO] [ScreenshotHelper] Taking screenshot: Enter_valid_credentials__smoke_login-page-loaded_2025-10-14T09-47-40-339Z.png
[2025-10-14T09:47:41.060Z] [INFO] [ScreenshotHelper] Screenshot saved: E:\Project\web_pw_framework\screenshots\Enter_valid_credentials__smoke_login-page-loaded_2025-10-14T09-47-40-339Z.png
[2025-10-14T09:47:41.061Z] [INFO] [Enter valid credentials @smoke] ✅ Step completed: Take screenshot of login page
[2025-10-14T09:47:41.068Z] [INFO] [Enter valid credentials @smoke] Test completed: Enter valid credentials @smoke

[[ATTACHMENT|test-results\login-Login-Page-Tests-Enter-valid-credentials-smoke-chromium\attachments\login-page-loaded-288c43827d091e11df233b8dd05c4ff078fe1774.png]]
]]>
</system-out>
</testcase>
<testcase name="Login Page Tests › #2 Enter valid credentials @smoke" classname="login.spec.ts" time="28.137">
<system-out>
<![CDATA[🔍 LoginPage constructor - url param: http://devwebpanel.sadadqa.com:3004, defaultUrl: http://devwebpanel.sadadqa.com:3004
🔍 LoginPage constructor - final URL: http://devwebpanel.sadadqa.com:3004
[2025-10-14T09:47:13.909Z] [INFO] [LoginPage] User data loaded successfully
🔍 Starting navigation with maxRetries: 0
🔍 Calling navigateToLogin() - attempt 1
[2025-10-14T09:47:13.912Z] [INFO] [LoginPage] Navigating to: http://devwebpanel.sadadqa.com:3004
[2025-10-14T09:47:13.913Z] [INFO] [LoginPage] Navigating to: http://devwebpanel.sadadqa.com:3004
[2025-10-14T09:47:17.299Z] [INFO] [LoginPage] DOM content loaded
[2025-10-14T09:47:27.321Z] [INFO] [LoginPage] Network idle timeout (expected for pages with continuous activity). DOM is ready.
🔍 navigateToLogin() completed successfully
[2025-10-14T09:47:27.323Z] [INFO] [#2 Enter valid credentials @smoke] Starting test: #2 Enter valid credentials @smoke
[2025-10-14T09:47:27.326Z] [INFO] [#2 Enter valid credentials @smoke] 🔹 Step: Enter valid credentials
[2025-10-14T09:47:27.328Z] [INFO] [LoginPage] Attempting login for mobile: 90336607
[2025-10-14T09:47:27.340Z] [INFO] [LoginPage] DOM content loaded
[2025-10-14T09:47:37.365Z] [INFO] [LoginPage] Network idle timeout (expected for pages with continuous activity). DOM is ready.
[2025-10-14T09:47:37.366Z] [INFO] [LoginPage] Waiting until element is present: //h2[normalize-space()='Login in to SADAD']
[2025-10-14T09:47:37.603Z] [INFO] [LoginPage] Comparing text for element: //h2[normalize-space()='Login in to SADAD']
[2025-10-14T09:47:37.604Z] [INFO] [LoginPage] Expected: "Login in to SADAD"
[2025-10-14T09:47:37.604Z] [INFO] [LoginPage] Actual: "Login in to SADAD"
[2025-10-14T09:47:37.604Z] [INFO] [LoginPage] Text comparison result: MATCH
[2025-10-14T09:47:37.605Z] [INFO] [LoginPage] Filling element: input[type="text"] with value: 90336607
[2025-10-14T09:47:38.632Z] [INFO] [LoginPage] Mobile number entered: 90336607
[2025-10-14T09:47:38.633Z] [INFO] [LoginPage] Filling element: input[type="password"] with value: QAble@2020
[2025-10-14T09:47:39.670Z] [INFO] [LoginPage] Password entered
[2025-10-14T09:47:39.670Z] [INFO] [LoginPage] Waiting until element is clickable: //button[@type="submit"]
[2025-10-14T09:47:39.912Z] [INFO] [LoginPage] Clicking on element: //button[@type="submit"]
[2025-10-14T09:47:40.054Z] [INFO] [LoginPage] Login button clicked
[2025-10-14T09:47:40.055Z] [INFO] [LoginPage] Login attempt completed
[2025-10-14T09:47:40.055Z] [INFO] [#2 Enter valid credentials @smoke] ✅ Step completed: Enter valid credentials
[2025-10-14T09:47:40.055Z] [INFO] [#2 Enter valid credentials @smoke] 🔹 Step: Verify page loads and elements are visible
[2025-10-14T09:47:40.055Z] [INFO] [LoginPage] Verifying login page elements
[2025-10-14T09:47:40.056Z] [INFO] [LoginPage] Waiting for element to be visible: input[type="text"]
[2025-10-14T09:47:40.185Z] [INFO] [LoginPage] Element is now visible: input[type="text"]
[2025-10-14T09:47:40.186Z] [INFO] [LoginPage] Waiting for element to be visible: input[type="password"]
[2025-10-14T09:47:40.312Z] [INFO] [LoginPage] Element is now visible: input[type="password"]
[2025-10-14T09:47:40.312Z] [INFO] [LoginPage] Waiting for element to be visible: //button[@type="submit"]
[2025-10-14T09:47:40.415Z] [INFO] [LoginPage] Element is now visible: //button[@type="submit"]
[2025-10-14T09:47:40.415Z] [INFO] [LoginPage] All login page elements verified
[2025-10-14T09:47:40.415Z] [INFO] [#2 Enter valid credentials @smoke] ✅ Step completed: Verify page loads and elements are visible
[2025-10-14T09:47:40.415Z] [INFO] [#2 Enter valid credentials @smoke] 🔹 Step: Take screenshot of login page
[2025-10-14T09:47:40.416Z] [INFO] [ScreenshotHelper] Taking screenshot: _2_Enter_valid_credentials__smoke_login-page-loaded_2025-10-14T09-47-40-415Z.png
[2025-10-14T09:47:41.115Z] [INFO] [ScreenshotHelper] Screenshot saved: E:\Project\web_pw_framework\screenshots\_2_Enter_valid_credentials__smoke_login-page-loaded_2025-10-14T09-47-40-415Z.png
[2025-10-14T09:47:41.115Z] [INFO] [#2 Enter valid credentials @smoke] ✅ Step completed: Take screenshot of login page
[2025-10-14T09:47:41.119Z] [INFO] [#2 Enter valid credentials @smoke] Test completed: #2 Enter valid credentials @smoke

[[ATTACHMENT|test-results\login-Login-Page-Tests-2-Enter-valid-credentials-smoke-chromium\attachments\login-page-loaded-23df903bc3a24078294c49afafc3d7d64a4bc733.png]]
]]>
</system-out>
</testcase>
<testcase name="Login Page Tests › #3Enter valid credentials @smoke" classname="login.spec.ts" time="28.088">
<system-out>
<![CDATA[🔍 LoginPage constructor - url param: http://devwebpanel.sadadqa.com:3004, defaultUrl: http://devwebpanel.sadadqa.com:3004
🔍 LoginPage constructor - final URL: http://devwebpanel.sadadqa.com:3004
[2025-10-14T09:47:13.652Z] [INFO] [LoginPage] User data loaded successfully
🔍 Starting navigation with maxRetries: 0
🔍 Calling navigateToLogin() - attempt 1
[2025-10-14T09:47:13.654Z] [INFO] [LoginPage] Navigating to: http://devwebpanel.sadadqa.com:3004
[2025-10-14T09:47:13.655Z] [INFO] [LoginPage] Navigating to: http://devwebpanel.sadadqa.com:3004
[2025-10-14T09:47:17.087Z] [INFO] [LoginPage] DOM content loaded
[2025-10-14T09:47:27.103Z] [INFO] [LoginPage] Network idle timeout (expected for pages with continuous activity). DOM is ready.
🔍 navigateToLogin() completed successfully
[2025-10-14T09:47:27.104Z] [INFO] [#3Enter valid credentials @smoke] Starting test: #3Enter valid credentials @smoke
[2025-10-14T09:47:27.104Z] [INFO] [#3Enter valid credentials @smoke] 🔹 Step: Enter valid credentials
[2025-10-14T09:47:27.105Z] [INFO] [LoginPage] Attempting login for mobile: 90336607
[2025-10-14T09:47:27.116Z] [INFO] [LoginPage] DOM content loaded
[2025-10-14T09:47:37.132Z] [INFO] [LoginPage] Network idle timeout (expected for pages with continuous activity). DOM is ready.
[2025-10-14T09:47:37.134Z] [INFO] [LoginPage] Waiting until element is present: //h2[normalize-space()='Login in to SADAD']
[2025-10-14T09:47:37.379Z] [INFO] [LoginPage] Comparing text for element: //h2[normalize-space()='Login in to SADAD']
[2025-10-14T09:47:37.379Z] [INFO] [LoginPage] Expected: "Login in to SADAD"
[2025-10-14T09:47:37.379Z] [INFO] [LoginPage] Actual: "Login in to SADAD"
[2025-10-14T09:47:37.380Z] [INFO] [LoginPage] Text comparison result: MATCH
[2025-10-14T09:47:37.380Z] [INFO] [LoginPage] Filling element: input[type="text"] with value: 90336607
[2025-10-14T09:47:38.412Z] [INFO] [LoginPage] Mobile number entered: 90336607
[2025-10-14T09:47:38.414Z] [INFO] [LoginPage] Filling element: input[type="password"] with value: QAble@2020
[2025-10-14T09:47:39.421Z] [INFO] [LoginPage] Password entered
[2025-10-14T09:47:39.421Z] [INFO] [LoginPage] Waiting until element is clickable: //button[@type="submit"]
[2025-10-14T09:47:39.654Z] [INFO] [LoginPage] Clicking on element: //button[@type="submit"]
[2025-10-14T09:47:39.799Z] [INFO] [LoginPage] Login button clicked
[2025-10-14T09:47:39.799Z] [INFO] [LoginPage] Login attempt completed
[2025-10-14T09:47:39.799Z] [INFO] [#3Enter valid credentials @smoke] ✅ Step completed: Enter valid credentials
[2025-10-14T09:47:39.799Z] [INFO] [#3Enter valid credentials @smoke] 🔹 Step: Verify page loads and elements are visible
[2025-10-14T09:47:39.800Z] [INFO] [LoginPage] Verifying login page elements
[2025-10-14T09:47:39.800Z] [INFO] [LoginPage] Waiting for element to be visible: input[type="text"]
[2025-10-14T09:47:39.913Z] [INFO] [LoginPage] Element is now visible: input[type="text"]
[2025-10-14T09:47:39.914Z] [INFO] [LoginPage] Waiting for element to be visible: input[type="password"]
[2025-10-14T09:47:40.033Z] [INFO] [LoginPage] Element is now visible: input[type="password"]
[2025-10-14T09:47:40.033Z] [INFO] [LoginPage] Waiting for element to be visible: //button[@type="submit"]
[2025-10-14T09:47:40.135Z] [INFO] [LoginPage] Element is now visible: //button[@type="submit"]
[2025-10-14T09:47:40.135Z] [INFO] [LoginPage] All login page elements verified
[2025-10-14T09:47:40.135Z] [INFO] [#3Enter valid credentials @smoke] ✅ Step completed: Verify page loads and elements are visible
[2025-10-14T09:47:40.135Z] [INFO] [#3Enter valid credentials @smoke] 🔹 Step: Take screenshot of login page
[2025-10-14T09:47:40.136Z] [INFO] [ScreenshotHelper] Taking screenshot: _3Enter_valid_credentials__smoke_login-page-loaded_2025-10-14T09-47-40-136Z.png
[2025-10-14T09:47:40.832Z] [INFO] [ScreenshotHelper] Screenshot saved: E:\Project\web_pw_framework\screenshots\_3Enter_valid_credentials__smoke_login-page-loaded_2025-10-14T09-47-40-136Z.png
[2025-10-14T09:47:40.833Z] [INFO] [#3Enter valid credentials @smoke] ✅ Step completed: Take screenshot of login page
[2025-10-14T09:47:40.836Z] [INFO] [#3Enter valid credentials @smoke] Test completed: #3Enter valid credentials @smoke

[[ATTACHMENT|test-results\login-Login-Page-Tests-3Enter-valid-credentials-smoke-chromium\attachments\login-page-loaded-2fd5ba7225302311009b97de9995f2ba6f6e3e4b.png]]
]]>
</system-out>
</testcase>
<testcase name="Login Page Tests › #4 Enter valid credentials @smoke" classname="login.spec.ts" time="27.585">
<system-out>
<![CDATA[🔍 LoginPage constructor - url param: http://devwebpanel.sadadqa.com:3004, defaultUrl: http://devwebpanel.sadadqa.com:3004
🔍 LoginPage constructor - final URL: http://devwebpanel.sadadqa.com:3004
[2025-10-14T09:47:12.698Z] [INFO] [LoginPage] User data loaded successfully
🔍 Starting navigation with maxRetries: 0
🔍 Calling navigateToLogin() - attempt 1
[2025-10-14T09:47:12.702Z] [INFO] [LoginPage] Navigating to: http://devwebpanel.sadadqa.com:3004
[2025-10-14T09:47:12.702Z] [INFO] [LoginPage] Navigating to: http://devwebpanel.sadadqa.com:3004
[2025-10-14T09:47:16.073Z] [INFO] [LoginPage] DOM content loaded
[2025-10-14T09:47:26.100Z] [INFO] [LoginPage] Network idle timeout (expected for pages with continuous activity). DOM is ready.
🔍 navigateToLogin() completed successfully
[2025-10-14T09:47:26.102Z] [INFO] [#4 Enter valid credentials @smoke] Starting test: #4 Enter valid credentials @smoke
[2025-10-14T09:47:26.102Z] [INFO] [#4 Enter valid credentials @smoke] 🔹 Step: Enter valid credentials
[2025-10-14T09:47:26.103Z] [INFO] [LoginPage] Attempting login for mobile: 90336607
[2025-10-14T09:47:26.118Z] [INFO] [LoginPage] DOM content loaded
[2025-10-14T09:47:36.133Z] [INFO] [LoginPage] Network idle timeout (expected for pages with continuous activity). DOM is ready.
[2025-10-14T09:47:36.134Z] [INFO] [LoginPage] Waiting until element is present: //h2[normalize-space()='Login in to SADAD']
[2025-10-14T09:47:36.373Z] [INFO] [LoginPage] Comparing text for element: //h2[normalize-space()='Login in to SADAD']
[2025-10-14T09:47:36.374Z] [INFO] [LoginPage] Expected: "Login in to SADAD"
[2025-10-14T09:47:36.374Z] [INFO] [LoginPage] Actual: "Login in to SADAD"
[2025-10-14T09:47:36.374Z] [INFO] [LoginPage] Text comparison result: MATCH
[2025-10-14T09:47:36.375Z] [INFO] [LoginPage] Filling element: input[type="text"] with value: 90336607
[2025-10-14T09:47:37.397Z] [INFO] [LoginPage] Mobile number entered: 90336607
[2025-10-14T09:47:37.398Z] [INFO] [LoginPage] Filling element: input[type="password"] with value: QAble@2020
[2025-10-14T09:47:38.398Z] [INFO] [LoginPage] Password entered
[2025-10-14T09:47:38.399Z] [INFO] [LoginPage] Waiting until element is clickable: //button[@type="submit"]
[2025-10-14T09:47:38.622Z] [INFO] [LoginPage] Clicking on element: //button[@type="submit"]
[2025-10-14T09:47:38.755Z] [INFO] [LoginPage] Login button clicked
[2025-10-14T09:47:38.755Z] [INFO] [LoginPage] Login attempt completed
[2025-10-14T09:47:38.755Z] [INFO] [#4 Enter valid credentials @smoke] ✅ Step completed: Enter valid credentials
[2025-10-14T09:47:38.755Z] [INFO] [#4 Enter valid credentials @smoke] 🔹 Step: Verify page loads and elements are visible
[2025-10-14T09:47:38.755Z] [INFO] [LoginPage] Verifying login page elements
[2025-10-14T09:47:38.756Z] [INFO] [LoginPage] Waiting for element to be visible: input[type="text"]
[2025-10-14T09:47:38.867Z] [INFO] [LoginPage] Element is now visible: input[type="text"]
[2025-10-14T09:47:38.867Z] [INFO] [LoginPage] Waiting for element to be visible: input[type="password"]
[2025-10-14T09:47:38.974Z] [INFO] [LoginPage] Element is now visible: input[type="password"]
[2025-10-14T09:47:38.974Z] [INFO] [LoginPage] Waiting for element to be visible: //button[@type="submit"]
[2025-10-14T09:47:39.089Z] [INFO] [LoginPage] Element is now visible: //button[@type="submit"]
[2025-10-14T09:47:39.089Z] [INFO] [LoginPage] All login page elements verified
[2025-10-14T09:47:39.089Z] [INFO] [#4 Enter valid credentials @smoke] ✅ Step completed: Verify page loads and elements are visible
[2025-10-14T09:47:39.095Z] [INFO] [#4 Enter valid credentials @smoke] Test completed: #4 Enter valid credentials @smoke
]]>
</system-out>
</testcase>
<testcase name="Login Page Tests › #5 Enter valid credentials @smoke" classname="login.spec.ts" time="27.51">
<system-out>
<![CDATA[🔍 LoginPage constructor - url param: http://devwebpanel.sadadqa.com:3004, defaultUrl: http://devwebpanel.sadadqa.com:3004
🔍 LoginPage constructor - final URL: http://devwebpanel.sadadqa.com:3004
[2025-10-14T09:47:13.939Z] [INFO] [LoginPage] User data loaded successfully
🔍 Starting navigation with maxRetries: 0
🔍 Calling navigateToLogin() - attempt 1
[2025-10-14T09:47:13.944Z] [INFO] [LoginPage] Navigating to: http://devwebpanel.sadadqa.com:3004
[2025-10-14T09:47:13.944Z] [INFO] [LoginPage] Navigating to: http://devwebpanel.sadadqa.com:3004
[2025-10-14T09:47:17.127Z] [INFO] [LoginPage] DOM content loaded
[2025-10-14T09:47:27.150Z] [INFO] [LoginPage] Network idle timeout (expected for pages with continuous activity). DOM is ready.
🔍 navigateToLogin() completed successfully
[2025-10-14T09:47:27.151Z] [INFO] [#5 Enter valid credentials @smoke] Starting test: #5 Enter valid credentials @smoke
[2025-10-14T09:47:27.151Z] [INFO] [#5 Enter valid credentials @smoke] 🔹 Step: Enter valid credentials
[2025-10-14T09:47:27.151Z] [INFO] [LoginPage] Attempting login for mobile: 90336607
[2025-10-14T09:47:27.155Z] [INFO] [LoginPage] DOM content loaded
[2025-10-14T09:47:37.172Z] [INFO] [LoginPage] Network idle timeout (expected for pages with continuous activity). DOM is ready.
[2025-10-14T09:47:37.174Z] [INFO] [LoginPage] Waiting until element is present: //h2[normalize-space()='Login in to SADAD']
[2025-10-14T09:47:37.413Z] [INFO] [LoginPage] Comparing text for element: //h2[normalize-space()='Login in to SADAD']
[2025-10-14T09:47:37.414Z] [INFO] [LoginPage] Expected: "Login in to SADAD"
[2025-10-14T09:47:37.414Z] [INFO] [LoginPage] Actual: "Login in to SADAD"
[2025-10-14T09:47:37.414Z] [INFO] [LoginPage] Text comparison result: MATCH
[2025-10-14T09:47:37.415Z] [INFO] [LoginPage] Filling element: input[type="text"] with value: 90336607
[2025-10-14T09:47:38.432Z] [INFO] [LoginPage] Mobile number entered: 90336607
[2025-10-14T09:47:38.433Z] [INFO] [LoginPage] Filling element: input[type="password"] with value: QAble@2020
[2025-10-14T09:47:39.421Z] [INFO] [LoginPage] Password entered
[2025-10-14T09:47:39.422Z] [INFO] [LoginPage] Waiting until element is clickable: //button[@type="submit"]
[2025-10-14T09:47:39.654Z] [INFO] [LoginPage] Clicking on element: //button[@type="submit"]
[2025-10-14T09:47:39.799Z] [INFO] [LoginPage] Login button clicked
[2025-10-14T09:47:39.799Z] [INFO] [LoginPage] Login attempt completed
[2025-10-14T09:47:39.799Z] [INFO] [#5 Enter valid credentials @smoke] ✅ Step completed: Enter valid credentials
[2025-10-14T09:47:39.799Z] [INFO] [#5 Enter valid credentials @smoke] 🔹 Step: Verify page loads and elements are visible
[2025-10-14T09:47:39.799Z] [INFO] [LoginPage] Verifying login page elements
[2025-10-14T09:47:39.800Z] [INFO] [LoginPage] Waiting for element to be visible: input[type="text"]
[2025-10-14T09:47:39.916Z] [INFO] [LoginPage] Element is now visible: input[type="text"]
[2025-10-14T09:47:39.917Z] [INFO] [LoginPage] Waiting for element to be visible: input[type="password"]
[2025-10-14T09:47:40.024Z] [INFO] [LoginPage] Element is now visible: input[type="password"]
[2025-10-14T09:47:40.025Z] [INFO] [LoginPage] Waiting for element to be visible: //button[@type="submit"]
[2025-10-14T09:47:40.135Z] [INFO] [LoginPage] Element is now visible: //button[@type="submit"]
[2025-10-14T09:47:40.135Z] [INFO] [LoginPage] All login page elements verified
[2025-10-14T09:47:40.135Z] [INFO] [#5 Enter valid credentials @smoke] ✅ Step completed: Verify page loads and elements are visible
[2025-10-14T09:47:40.139Z] [INFO] [#5 Enter valid credentials @smoke] Test completed: #5 Enter valid credentials @smoke
]]>
</system-out>
</testcase>
<testcase name="Login Page Tests › #6 Enter valid credentials @smoke" classname="login.spec.ts" time="27.852">
<system-out>
<![CDATA[🔍 LoginPage constructor - url param: http://devwebpanel.sadadqa.com:3004, defaultUrl: http://devwebpanel.sadadqa.com:3004
🔍 LoginPage constructor - final URL: http://devwebpanel.sadadqa.com:3004
[2025-10-14T09:47:14.103Z] [INFO] [LoginPage] User data loaded successfully
🔍 Starting navigation with maxRetries: 0
🔍 Calling navigateToLogin() - attempt 1
[2025-10-14T09:47:14.104Z] [INFO] [LoginPage] Navigating to: http://devwebpanel.sadadqa.com:3004
[2025-10-14T09:47:14.104Z] [INFO] [LoginPage] Navigating to: http://devwebpanel.sadadqa.com:3004
[2025-10-14T09:47:17.485Z] [INFO] [LoginPage] DOM content loaded
[2025-10-14T09:47:27.521Z] [INFO] [LoginPage] Network idle timeout (expected for pages with continuous activity). DOM is ready.
🔍 navigateToLogin() completed successfully
[2025-10-14T09:47:27.529Z] [INFO] [#6 Enter valid credentials @smoke] Starting test: #6 Enter valid credentials @smoke
[2025-10-14T09:47:27.536Z] [INFO] [#6 Enter valid credentials @smoke] 🔹 Step: Enter valid credentials
[2025-10-14T09:47:27.537Z] [INFO] [LoginPage] Attempting login for mobile: 90336607
[2025-10-14T09:47:27.555Z] [INFO] [LoginPage] DOM content loaded
[2025-10-14T09:47:37.584Z] [INFO] [LoginPage] Network idle timeout (expected for pages with continuous activity). DOM is ready.
[2025-10-14T09:47:37.585Z] [INFO] [LoginPage] Waiting until element is present: //h2[normalize-space()='Login in to SADAD']
[2025-10-14T09:47:37.837Z] [INFO] [LoginPage] Comparing text for element: //h2[normalize-space()='Login in to SADAD']
[2025-10-14T09:47:37.838Z] [INFO] [LoginPage] Expected: "Login in to SADAD"
[2025-10-14T09:47:37.838Z] [INFO] [LoginPage] Actual: "Login in to SADAD"
[2025-10-14T09:47:37.838Z] [INFO] [LoginPage] Text comparison result: MATCH
[2025-10-14T09:47:37.838Z] [INFO] [LoginPage] Filling element: input[type="text"] with value: 90336607
[2025-10-14T09:47:38.888Z] [INFO] [LoginPage] Mobile number entered: 90336607
[2025-10-14T09:47:38.889Z] [INFO] [LoginPage] Filling element: input[type="password"] with value: QAble@2020
[2025-10-14T09:47:39.937Z] [INFO] [LoginPage] Password entered
[2025-10-14T09:47:39.937Z] [INFO] [LoginPage] Waiting until element is clickable: //button[@type="submit"]
[2025-10-14T09:47:40.186Z] [INFO] [LoginPage] Clicking on element: //button[@type="submit"]
[2025-10-14T09:47:40.331Z] [INFO] [LoginPage] Login button clicked
[2025-10-14T09:47:40.331Z] [INFO] [LoginPage] Login attempt completed
[2025-10-14T09:47:40.332Z] [INFO] [#6 Enter valid credentials @smoke] ✅ Step completed: Enter valid credentials
[2025-10-14T09:47:40.332Z] [INFO] [#6 Enter valid credentials @smoke] 🔹 Step: Verify page loads and elements are visible
[2025-10-14T09:47:40.332Z] [INFO] [LoginPage] Verifying login page elements
[2025-10-14T09:47:40.333Z] [INFO] [LoginPage] Waiting for element to be visible: input[type="text"]
[2025-10-14T09:47:40.456Z] [INFO] [LoginPage] Element is now visible: input[type="text"]
[2025-10-14T09:47:40.456Z] [INFO] [LoginPage] Waiting for element to be visible: input[type="password"]
[2025-10-14T09:47:40.577Z] [INFO] [LoginPage] Element is now visible: input[type="password"]
[2025-10-14T09:47:40.578Z] [INFO] [LoginPage] Waiting for element to be visible: //button[@type="submit"]
[2025-10-14T09:47:40.695Z] [INFO] [LoginPage] Element is now visible: //button[@type="submit"]
[2025-10-14T09:47:40.695Z] [INFO] [LoginPage] All login page elements verified
[2025-10-14T09:47:40.695Z] [INFO] [#6 Enter valid credentials @smoke] ✅ Step completed: Verify page loads and elements are visible
[2025-10-14T09:47:40.701Z] [INFO] [#6 Enter valid credentials @smoke] Test completed: #6 Enter valid credentials @smoke
]]>
</system-out>
</testcase>
<testcase name="Login Page Tests › #7 Enter valid credentials @smoke" classname="login.spec.ts" time="27.821">
<system-out>
<![CDATA[🔍 LoginPage constructor - url param: http://devwebpanel.sadadqa.com:3004, defaultUrl: http://devwebpanel.sadadqa.com:3004
🔍 LoginPage constructor - final URL: http://devwebpanel.sadadqa.com:3004
[2025-10-14T09:47:14.356Z] [INFO] [LoginPage] User data loaded successfully
🔍 Starting navigation with maxRetries: 0
🔍 Calling navigateToLogin() - attempt 1
[2025-10-14T09:47:14.361Z] [INFO] [LoginPage] Navigating to: http://devwebpanel.sadadqa.com:3004
[2025-10-14T09:47:14.362Z] [INFO] [LoginPage] Navigating to: http://devwebpanel.sadadqa.com:3004
[2025-10-14T09:47:17.742Z] [INFO] [LoginPage] DOM content loaded
[2025-10-14T09:47:27.772Z] [INFO] [LoginPage] Network idle timeout (expected for pages with continuous activity). DOM is ready.
🔍 navigateToLogin() completed successfully
[2025-10-14T09:47:27.781Z] [INFO] [#7 Enter valid credentials @smoke] Starting test: #7 Enter valid credentials @smoke
[2025-10-14T09:47:27.783Z] [INFO] [#7 Enter valid credentials @smoke] 🔹 Step: Enter valid credentials
[2025-10-14T09:47:27.783Z] [INFO] [LoginPage] Attempting login for mobile: 90336607
[2025-10-14T09:47:27.801Z] [INFO] [LoginPage] DOM content loaded
[2025-10-14T09:47:37.816Z] [INFO] [LoginPage] Network idle timeout (expected for pages with continuous activity). DOM is ready.
[2025-10-14T09:47:37.817Z] [INFO] [LoginPage] Waiting until element is present: //h2[normalize-space()='Login in to SADAD']
[2025-10-14T09:47:38.052Z] [INFO] [LoginPage] Comparing text for element: //h2[normalize-space()='Login in to SADAD']
[2025-10-14T09:47:38.052Z] [INFO] [LoginPage] Expected: "Login in to SADAD"
[2025-10-14T09:47:38.052Z] [INFO] [LoginPage] Actual: "Login in to SADAD"
[2025-10-14T09:47:38.052Z] [INFO] [LoginPage] Text comparison result: MATCH
[2025-10-14T09:47:38.052Z] [INFO] [LoginPage] Filling element: input[type="text"] with value: 90336607
[2025-10-14T09:47:39.118Z] [INFO] [LoginPage] Mobile number entered: 90336607
[2025-10-14T09:47:39.118Z] [INFO] [LoginPage] Filling element: input[type="password"] with value: QAble@2020
[2025-10-14T09:47:40.170Z] [INFO] [LoginPage] Password entered
[2025-10-14T09:47:40.170Z] [INFO] [LoginPage] Waiting until element is clickable: //button[@type="submit"]
[2025-10-14T09:47:40.402Z] [INFO] [LoginPage] Clicking on element: //button[@type="submit"]
[2025-10-14T09:47:40.534Z] [INFO] [LoginPage] Login button clicked
[2025-10-14T09:47:40.534Z] [INFO] [LoginPage] Login attempt completed
[2025-10-14T09:47:40.534Z] [INFO] [#7 Enter valid credentials @smoke] ✅ Step completed: Enter valid credentials
[2025-10-14T09:47:40.534Z] [INFO] [#7 Enter valid credentials @smoke] 🔹 Step: Verify page loads and elements are visible
[2025-10-14T09:47:40.535Z] [INFO] [LoginPage] Verifying login page elements
[2025-10-14T09:47:40.535Z] [INFO] [LoginPage] Waiting for element to be visible: input[type="text"]
[2025-10-14T09:47:40.681Z] [INFO] [LoginPage] Element is now visible: input[type="text"]
[2025-10-14T09:47:40.681Z] [INFO] [LoginPage] Waiting for element to be visible: input[type="password"]
[2025-10-14T09:47:40.785Z] [INFO] [LoginPage] Element is now visible: input[type="password"]
[2025-10-14T09:47:40.785Z] [INFO] [LoginPage] Waiting for element to be visible: //button[@type="submit"]
[2025-10-14T09:47:40.929Z] [INFO] [LoginPage] Element is now visible: //button[@type="submit"]
[2025-10-14T09:47:40.930Z] [INFO] [LoginPage] All login page elements verified
[2025-10-14T09:47:40.930Z] [INFO] [#7 Enter valid credentials @smoke] ✅ Step completed: Verify page loads and elements are visible
[2025-10-14T09:47:40.935Z] [INFO] [#7 Enter valid credentials @smoke] Test completed: #7 Enter valid credentials @smoke
]]>
</system-out>
</testcase>
<testcase name="Login Page Tests › #9 Enter valid credentials @smoke" classname="login.spec.ts" time="27.88">
<system-out>
<![CDATA[🔍 LoginPage constructor - url param: http://devwebpanel.sadadqa.com:3004, defaultUrl: http://devwebpanel.sadadqa.com:3004
🔍 LoginPage constructor - final URL: http://devwebpanel.sadadqa.com:3004
[2025-10-14T09:47:13.958Z] [INFO] [LoginPage] User data loaded successfully
🔍 Starting navigation with maxRetries: 0
🔍 Calling navigateToLogin() - attempt 1
[2025-10-14T09:47:13.962Z] [INFO] [LoginPage] Navigating to: http://devwebpanel.sadadqa.com:3004
[2025-10-14T09:47:13.964Z] [INFO] [LoginPage] Navigating to: http://devwebpanel.sadadqa.com:3004
[2025-10-14T09:47:17.456Z] [INFO] [LoginPage] DOM content loaded
[2025-10-14T09:47:27.486Z] [INFO] [LoginPage] Network idle timeout (expected for pages with continuous activity). DOM is ready.
🔍 navigateToLogin() completed successfully
[2025-10-14T09:47:27.488Z] [INFO] [#9 Enter valid credentials @smoke] Starting test: #9 Enter valid credentials @smoke
[2025-10-14T09:47:27.488Z] [INFO] [#9 Enter valid credentials @smoke] 🔹 Step: Enter valid credentials
[2025-10-14T09:47:27.489Z] [INFO] [LoginPage] Attempting login for mobile: 90336607
[2025-10-14T09:47:27.506Z] [INFO] [LoginPage] DOM content loaded
[2025-10-14T09:47:37.536Z] [INFO] [LoginPage] Network idle timeout (expected for pages with continuous activity). DOM is ready.
[2025-10-14T09:47:37.536Z] [INFO] [LoginPage] Waiting until element is present: //h2[normalize-space()='Login in to SADAD']
[2025-10-14T09:47:37.780Z] [INFO] [LoginPage] Comparing text for element: //h2[normalize-space()='Login in to SADAD']
[2025-10-14T09:47:37.782Z] [INFO] [LoginPage] Expected: "Login in to SADAD"
[2025-10-14T09:47:37.782Z] [INFO] [LoginPage] Actual: "Login in to SADAD"
[2025-10-14T09:47:37.782Z] [INFO] [LoginPage] Text comparison result: MATCH
[2025-10-14T09:47:37.783Z] [INFO] [LoginPage] Filling element: input[type="text"] with value: 90336607
[2025-10-14T09:47:38.838Z] [INFO] [LoginPage] Mobile number entered: 90336607
[2025-10-14T09:47:38.839Z] [INFO] [LoginPage] Filling element: input[type="password"] with value: QAble@2020
[2025-10-14T09:47:39.854Z] [INFO] [LoginPage] Password entered
[2025-10-14T09:47:39.854Z] [INFO] [LoginPage] Waiting until element is clickable: //button[@type="submit"]
[2025-10-14T09:47:40.081Z] [INFO] [LoginPage] Clicking on element: //button[@type="submit"]
[2025-10-14T09:47:40.232Z] [INFO] [LoginPage] Login button clicked
[2025-10-14T09:47:40.232Z] [INFO] [LoginPage] Login attempt completed
[2025-10-14T09:47:40.232Z] [INFO] [#9 Enter valid credentials @smoke] ✅ Step completed: Enter valid credentials
[2025-10-14T09:47:40.232Z] [INFO] [#9 Enter valid credentials @smoke] 🔹 Step: Verify page loads and elements are visible
[2025-10-14T09:47:40.233Z] [INFO] [LoginPage] Verifying login page elements
[2025-10-14T09:47:40.233Z] [INFO] [LoginPage] Waiting for element to be visible: input[type="text"]
[2025-10-14T09:47:40.339Z] [INFO] [LoginPage] Element is now visible: input[type="text"]
[2025-10-14T09:47:40.339Z] [INFO] [LoginPage] Waiting for element to be visible: input[type="password"]
[2025-10-14T09:47:40.448Z] [INFO] [LoginPage] Element is now visible: input[type="password"]
[2025-10-14T09:47:40.448Z] [INFO] [LoginPage] Waiting for element to be visible: //button[@type="submit"]
[2025-10-14T09:47:40.567Z] [INFO] [LoginPage] Element is now visible: //button[@type="submit"]
[2025-10-14T09:47:40.567Z] [INFO] [LoginPage] All login page elements verified
[2025-10-14T09:47:40.567Z] [INFO] [#9 Enter valid credentials @smoke] ✅ Step completed: Verify page loads and elements are visible
[2025-10-14T09:47:40.570Z] [INFO] [#9 Enter valid credentials @smoke] Test completed: #9 Enter valid credentials @smoke
]]>
</system-out>
</testcase>
<testcase name="Login Page Tests › #10 Enter valid credentials @smoke" classname="login.spec.ts" time="27.064">
<system-out>
<![CDATA[🔍 LoginPage constructor - url param: http://devwebpanel.sadadqa.com:3004, defaultUrl: http://devwebpanel.sadadqa.com:3004
🔍 LoginPage constructor - final URL: http://devwebpanel.sadadqa.com:3004
[2025-10-14T09:47:13.379Z] [INFO] [LoginPage] User data loaded successfully
🔍 Starting navigation with maxRetries: 0
🔍 Calling navigateToLogin() - attempt 1
[2025-10-14T09:47:13.384Z] [INFO] [LoginPage] Navigating to: http://devwebpanel.sadadqa.com:3004
[2025-10-14T09:47:13.385Z] [INFO] [LoginPage] Navigating to: http://devwebpanel.sadadqa.com:3004
[2025-10-14T09:47:16.438Z] [INFO] [LoginPage] DOM content loaded
[2025-10-14T09:47:26.456Z] [INFO] [LoginPage] Network idle timeout (expected for pages with continuous activity). DOM is ready.
🔍 navigateToLogin() completed successfully
[2025-10-14T09:47:26.461Z] [INFO] [#10 Enter valid credentials @smoke] Starting test: #10 Enter valid credentials @smoke
[2025-10-14T09:47:26.462Z] [INFO] [#10 Enter valid credentials @smoke] 🔹 Step: Enter valid credentials
[2025-10-14T09:47:26.463Z] [INFO] [LoginPage] Attempting login for mobile: 90336607
[2025-10-14T09:47:26.480Z] [INFO] [LoginPage] DOM content loaded
[2025-10-14T09:47:36.507Z] [INFO] [LoginPage] Network idle timeout (expected for pages with continuous activity). DOM is ready.
[2025-10-14T09:47:36.508Z] [INFO] [LoginPage] Waiting until element is present: //h2[normalize-space()='Login in to SADAD']
[2025-10-14T09:47:36.743Z] [INFO] [LoginPage] Comparing text for element: //h2[normalize-space()='Login in to SADAD']
[2025-10-14T09:47:36.744Z] [INFO] [LoginPage] Expected: "Login in to SADAD"
[2025-10-14T09:47:36.744Z] [INFO] [LoginPage] Actual: "Login in to SADAD"
[2025-10-14T09:47:36.744Z] [INFO] [LoginPage] Text comparison result: MATCH
[2025-10-14T09:47:36.744Z] [INFO] [LoginPage] Filling element: input[type="text"] with value: 90336607
[2025-10-14T09:47:37.799Z] [INFO] [LoginPage] Mobile number entered: 90336607
[2025-10-14T09:47:37.800Z] [INFO] [LoginPage] Filling element: input[type="password"] with value: QAble@2020
[2025-10-14T09:47:38.805Z] [INFO] [LoginPage] Password entered
[2025-10-14T09:47:38.805Z] [INFO] [LoginPage] Waiting until element is clickable: //button[@type="submit"]
[2025-10-14T09:47:39.048Z] [INFO] [LoginPage] Clicking on element: //button[@type="submit"]
[2025-10-14T09:47:39.183Z] [INFO] [LoginPage] Login button clicked
[2025-10-14T09:47:39.183Z] [INFO] [LoginPage] Login attempt completed
[2025-10-14T09:47:39.183Z] [INFO] [#10 Enter valid credentials @smoke] ✅ Step completed: Enter valid credentials
[2025-10-14T09:47:39.188Z] [INFO] [#10 Enter valid credentials @smoke] Test completed: #10 Enter valid credentials @smoke
]]>
</system-out>
</testcase>
</testsuite>
<testsuite name="login.spec.ts" timestamp="2025-10-14T09:46:56.852Z" hostname="firefox" tests="9" failures="0" skipped="0" time="263.504" errors="0">
<testcase name="Login Page Tests › Enter valid credentials @smoke" classname="login.spec.ts" time="29.349">
<system-out>
<![CDATA[🔍 LoginPage constructor - url param: http://devwebpanel.sadadqa.com:3004, defaultUrl: http://devwebpanel.sadadqa.com:3004
🔍 LoginPage constructor - final URL: http://devwebpanel.sadadqa.com:3004
[2025-10-14T09:47:15.036Z] [INFO] [LoginPage] User data loaded successfully
🔍 Starting navigation with maxRetries: 0
🔍 Calling navigateToLogin() - attempt 1
[2025-10-14T09:47:15.038Z] [INFO] [LoginPage] Navigating to: http://devwebpanel.sadadqa.com:3004
[2025-10-14T09:47:15.039Z] [INFO] [LoginPage] Navigating to: http://devwebpanel.sadadqa.com:3004
[2025-10-14T09:47:18.735Z] [INFO] [LoginPage] DOM content loaded
[2025-10-14T09:47:28.765Z] [INFO] [LoginPage] Network idle timeout (expected for pages with continuous activity). DOM is ready.
🔍 navigateToLogin() completed successfully
[2025-10-14T09:47:28.768Z] [INFO] [Enter valid credentials @smoke] Starting test: Enter valid credentials @smoke
[2025-10-14T09:47:28.769Z] [INFO] [Enter valid credentials @smoke] 🔹 Step: Enter valid credentials
[2025-10-14T09:47:28.770Z] [INFO] [LoginPage] Attempting login for mobile: 90336607
[2025-10-14T09:47:28.835Z] [INFO] [LoginPage] DOM content loaded
[2025-10-14T09:47:38.864Z] [INFO] [LoginPage] Network idle timeout (expected for pages with continuous activity). DOM is ready.
[2025-10-14T09:47:38.866Z] [INFO] [LoginPage] Waiting until element is present: //h2[normalize-space()='Login in to SADAD']
[2025-10-14T09:47:39.139Z] [INFO] [LoginPage] Comparing text for element: //h2[normalize-space()='Login in to SADAD']
[2025-10-14T09:47:39.139Z] [INFO] [LoginPage] Expected: "Login in to SADAD"
[2025-10-14T09:47:39.139Z] [INFO] [LoginPage] Actual: "Login in to SADAD"
[2025-10-14T09:47:39.139Z] [INFO] [LoginPage] Text comparison result: MATCH
[2025-10-14T09:47:39.140Z] [INFO] [LoginPage] Filling element: input[type="text"] with value: 90336607
[2025-10-14T09:47:40.249Z] [INFO] [LoginPage] Mobile number entered: 90336607
[2025-10-14T09:47:40.249Z] [INFO] [LoginPage] Filling element: input[type="password"] with value: QAble@2020
[2025-10-14T09:47:41.309Z] [INFO] [LoginPage] Password entered
[2025-10-14T09:47:41.311Z] [INFO] [LoginPage] Waiting until element is clickable: //button[@type="submit"]
[2025-10-14T09:47:41.556Z] [INFO] [LoginPage] Clicking on element: //button[@type="submit"]
[2025-10-14T09:47:41.747Z] [INFO] [LoginPage] Login button clicked
[2025-10-14T09:47:41.747Z] [INFO] [LoginPage] Login attempt completed
[2025-10-14T09:47:41.748Z] [INFO] [Enter valid credentials @smoke] ✅ Step completed: Enter valid credentials
[2025-10-14T09:47:41.748Z] [INFO] [Enter valid credentials @smoke] 🔹 Step: Verify page loads and elements are visible
[2025-10-14T09:47:41.748Z] [INFO] [LoginPage] Verifying login page elements
[2025-10-14T09:47:41.749Z] [INFO] [LoginPage] Waiting for element to be visible: input[type="text"]
[2025-10-14T09:47:41.861Z] [INFO] [LoginPage] Element is now visible: input[type="text"]
[2025-10-14T09:47:41.861Z] [INFO] [LoginPage] Waiting for element to be visible: input[type="password"]
[2025-10-14T09:47:41.981Z] [INFO] [LoginPage] Element is now visible: input[type="password"]
[2025-10-14T09:47:41.983Z] [INFO] [LoginPage] Waiting for element to be visible: //button[@type="submit"]
[2025-10-14T09:47:42.090Z] [INFO] [LoginPage] Element is now visible: //button[@type="submit"]
[2025-10-14T09:47:42.090Z] [INFO] [LoginPage] All login page elements verified
[2025-10-14T09:47:42.090Z] [INFO] [Enter valid credentials @smoke] ✅ Step completed: Verify page loads and elements are visible
[2025-10-14T09:47:42.090Z] [INFO] [Enter valid credentials @smoke] 🔹 Step: Take screenshot of login page
[2025-10-14T09:47:42.092Z] [INFO] [ScreenshotHelper] Taking screenshot: Enter_valid_credentials__smoke_login-page-loaded_2025-10-14T09-47-42-091Z.png
[2025-10-14T09:47:42.704Z] [INFO] [ScreenshotHelper] Screenshot saved: E:\Project\web_pw_framework\screenshots\Enter_valid_credentials__smoke_login-page-loaded_2025-10-14T09-47-42-091Z.png
[2025-10-14T09:47:42.704Z] [INFO] [Enter valid credentials @smoke] ✅ Step completed: Take screenshot of login page
[2025-10-14T09:47:42.707Z] [INFO] [Enter valid credentials @smoke] Test completed: Enter valid credentials @smoke

[[ATTACHMENT|test-results\login-Login-Page-Tests-Enter-valid-credentials-smoke-firefox\attachments\login-page-loaded-fb774dc88b0960b525db20d10b8b4466f40ef349.png]]
]]>
</system-out>
</testcase>
<testcase name="Login Page Tests › #2 Enter valid credentials @smoke" classname="login.spec.ts" time="30.476">
<system-out>
<![CDATA[🔍 LoginPage constructor - url param: http://devwebpanel.sadadqa.com:3004, defaultUrl: http://devwebpanel.sadadqa.com:3004
🔍 LoginPage constructor - final URL: http://devwebpanel.sadadqa.com:3004
[2025-10-14T09:47:16.607Z] [INFO] [LoginPage] User data loaded successfully
🔍 Starting navigation with maxRetries: 0
🔍 Calling navigateToLogin() - attempt 1
[2025-10-14T09:47:16.617Z] [INFO] [LoginPage] Navigating to: http://devwebpanel.sadadqa.com:3004
[2025-10-14T09:47:16.617Z] [INFO] [LoginPage] Navigating to: http://devwebpanel.sadadqa.com:3004
[2025-10-14T09:47:20.588Z] [INFO] [LoginPage] DOM content loaded
[2025-10-14T09:47:30.609Z] [INFO] [LoginPage] Network idle timeout (expected for pages with continuous activity). DOM is ready.
🔍 navigateToLogin() completed successfully
[2025-10-14T09:47:30.614Z] [INFO] [#2 Enter valid credentials @smoke] Starting test: #2 Enter valid credentials @smoke
[2025-10-14T09:47:30.618Z] [INFO] [#2 Enter valid credentials @smoke] 🔹 Step: Enter valid credentials
[2025-10-14T09:47:30.620Z] [INFO] [LoginPage] Attempting login for mobile: 90336607
[2025-10-14T09:47:30.642Z] [INFO] [LoginPage] DOM content loaded
[2025-10-14T09:47:40.674Z] [INFO] [LoginPage] Network idle timeout (expected for pages with continuous activity). DOM is ready.
[2025-10-14T09:47:40.676Z] [INFO] [LoginPage] Waiting until element is present: //h2[normalize-space()='Login in to SADAD']
[2025-10-14T09:47:40.940Z] [INFO] [LoginPage] Comparing text for element: //h2[normalize-space()='Login in to SADAD']
[2025-10-14T09:47:40.940Z] [INFO] [LoginPage] Expected: "Login in to SADAD"
[2025-10-14T09:47:40.941Z] [INFO] [LoginPage] Actual: "Login in to SADAD"
[2025-10-14T09:47:40.941Z] [INFO] [LoginPage] Text comparison result: MATCH
[2025-10-14T09:47:40.941Z] [INFO] [LoginPage] Filling element: input[type="text"] with value: 90336607
[2025-10-14T09:47:42.035Z] [INFO] [LoginPage] Mobile number entered: 90336607
[2025-10-14T09:47:42.036Z] [INFO] [LoginPage] Filling element: input[type="password"] with value: QAble@2020
[2025-10-14T09:47:43.085Z] [INFO] [LoginPage] Password entered
[2025-10-14T09:47:43.085Z] [INFO] [LoginPage] Waiting until element is clickable: //button[@type="submit"]
[2025-10-14T09:47:43.332Z] [INFO] [LoginPage] Clicking on element: //button[@type="submit"]
[2025-10-14T09:47:43.497Z] [INFO] [LoginPage] Login button clicked
[2025-10-14T09:47:43.498Z] [INFO] [LoginPage] Login attempt completed
[2025-10-14T09:47:43.498Z] [INFO] [#2 Enter valid credentials @smoke] ✅ Step completed: Enter valid credentials
[2025-10-14T09:47:43.499Z] [INFO] [#2 Enter valid credentials @smoke] 🔹 Step: Verify page loads and elements are visible
[2025-10-14T09:47:43.499Z] [INFO] [LoginPage] Verifying login page elements
[2025-10-14T09:47:43.499Z] [INFO] [LoginPage] Waiting for element to be visible: input[type="text"]
[2025-10-14T09:47:43.618Z] [INFO] [LoginPage] Element is now visible: input[type="text"]
[2025-10-14T09:47:43.619Z] [INFO] [LoginPage] Waiting for element to be visible: input[type="password"]
[2025-10-14T09:47:43.745Z] [INFO] [LoginPage] Element is now visible: input[type="password"]
[2025-10-14T09:47:43.745Z] [INFO] [LoginPage] Waiting for element to be visible: //button[@type="submit"]
[2025-10-14T09:47:43.854Z] [INFO] [LoginPage] Element is now visible: //button[@type="submit"]
[2025-10-14T09:47:43.854Z] [INFO] [LoginPage] All login page elements verified
[2025-10-14T09:47:43.854Z] [INFO] [#2 Enter valid credentials @smoke] ✅ Step completed: Verify page loads and elements are visible
[2025-10-14T09:47:43.854Z] [INFO] [#2 Enter valid credentials @smoke] 🔹 Step: Take screenshot of login page
[2025-10-14T09:47:43.855Z] [INFO] [ScreenshotHelper] Taking screenshot: _2_Enter_valid_credentials__smoke_login-page-loaded_2025-10-14T09-47-43-855Z.png
[2025-10-14T09:47:44.487Z] [INFO] [ScreenshotHelper] Screenshot saved: E:\Project\web_pw_framework\screenshots\_2_Enter_valid_credentials__smoke_login-page-loaded_2025-10-14T09-47-43-855Z.png
[2025-10-14T09:47:44.487Z] [INFO] [#2 Enter valid credentials @smoke] ✅ Step completed: Take screenshot of login page
[2025-10-14T09:47:44.490Z] [INFO] [#2 Enter valid credentials @smoke] Test completed: #2 Enter valid credentials @smoke

[[ATTACHMENT|test-results\login-Login-Page-Tests-2-Enter-valid-credentials-smoke-firefox\attachments\login-page-loaded-5ef7f3458cff5d51be23090256a307757e5fa3c1.png]]
]]>
</system-out>
</testcase>
<testcase name="Login Page Tests › #3Enter valid credentials @smoke" classname="login.spec.ts" time="29.493">
<system-out>
<![CDATA[🔍 LoginPage constructor - url param: http://devwebpanel.sadadqa.com:3004, defaultUrl: http://devwebpanel.sadadqa.com:3004
🔍 LoginPage constructor - final URL: http://devwebpanel.sadadqa.com:3004
[2025-10-14T09:47:14.305Z] [INFO] [LoginPage] User data loaded successfully
🔍 Starting navigation with maxRetries: 0
🔍 Calling navigateToLogin() - attempt 1
[2025-10-14T09:47:14.306Z] [INFO] [LoginPage] Navigating to: http://devwebpanel.sadadqa.com:3004
[2025-10-14T09:47:14.308Z] [INFO] [LoginPage] Navigating to: http://devwebpanel.sadadqa.com:3004
[2025-10-14T09:47:17.914Z] [INFO] [LoginPage] DOM content loaded
[2025-10-14T09:47:27.938Z] [INFO] [LoginPage] Network idle timeout (expected for pages with continuous activity). DOM is ready.
🔍 navigateToLogin() completed successfully
[2025-10-14T09:47:27.943Z] [INFO] [#3Enter valid credentials @smoke] Starting test: #3Enter valid credentials @smoke
[2025-10-14T09:47:27.945Z] [INFO] [#3Enter valid credentials @smoke] 🔹 Step: Enter valid credentials
[2025-10-14T09:47:27.946Z] [INFO] [LoginPage] Attempting login for mobile: 90336607
[2025-10-14T09:47:27.956Z] [INFO] [LoginPage] DOM content loaded
[2025-10-14T09:47:37.983Z] [INFO] [LoginPage] Network idle timeout (expected for pages with continuous activity). DOM is ready.
[2025-10-14T09:47:37.984Z] [INFO] [LoginPage] Waiting until element is present: //h2[normalize-space()='Login in to SADAD']
[2025-10-14T09:47:38.253Z] [INFO] [LoginPage] Comparing text for element: //h2[normalize-space()='Login in to SADAD']
[2025-10-14T09:47:38.253Z] [INFO] [LoginPage] Expected: "Login in to SADAD"
[2025-10-14T09:47:38.253Z] [INFO] [LoginPage] Actual: "Login in to SADAD"
[2025-10-14T09:47:38.253Z] [INFO] [LoginPage] Text comparison result: MATCH
[2025-10-14T09:47:38.253Z] [INFO] [LoginPage] Filling element: input[type="text"] with value: 90336607
[2025-10-14T09:47:39.333Z] [INFO] [LoginPage] Mobile number entered: 90336607
[2025-10-14T09:47:39.333Z] [INFO] [LoginPage] Filling element: input[type="password"] with value: QAble@2020
[2025-10-14T09:47:40.381Z] [INFO] [LoginPage] Password entered
[2025-10-14T09:47:40.381Z] [INFO] [LoginPage] Waiting until element is clickable: //button[@type="submit"]
[2025-10-14T09:47:40.610Z] [INFO] [LoginPage] Clicking on element: //button[@type="submit"]
[2025-10-14T09:47:40.787Z] [INFO] [LoginPage] Login button clicked
[2025-10-14T09:47:40.787Z] [INFO] [LoginPage] Login attempt completed
[2025-10-14T09:47:40.787Z] [INFO] [#3Enter valid credentials @smoke] ✅ Step completed: Enter valid credentials
[2025-10-14T09:47:40.787Z] [INFO] [#3Enter valid credentials @smoke] 🔹 Step: Verify page loads and elements are visible
[2025-10-14T09:47:40.788Z] [INFO] [LoginPage] Verifying login page elements
[2025-10-14T09:47:40.788Z] [INFO] [LoginPage] Waiting for element to be visible: input[type="text"]
[2025-10-14T09:47:40.914Z] [INFO] [LoginPage] Element is now visible: input[type="text"]
[2025-10-14T09:47:40.915Z] [INFO] [LoginPage] Waiting for element to be visible: input[type="password"]
[2025-10-14T09:47:41.040Z] [INFO] [LoginPage] Element is now visible: input[type="password"]
[2025-10-14T09:47:41.040Z] [INFO] [LoginPage] Waiting for element to be visible: //button[@type="submit"]
[2025-10-14T09:47:41.160Z] [INFO] [LoginPage] Element is now visible: //button[@type="submit"]
[2025-10-14T09:47:41.160Z] [INFO] [LoginPage] All login page elements verified
[2025-10-14T09:47:41.161Z] [INFO] [#3Enter valid credentials @smoke] ✅ Step completed: Verify page loads and elements are visible
[2025-10-14T09:47:41.161Z] [INFO] [#3Enter valid credentials @smoke] 🔹 Step: Take screenshot of login page
[2025-10-14T09:47:41.163Z] [INFO] [ScreenshotHelper] Taking screenshot: _3Enter_valid_credentials__smoke_login-page-loaded_2025-10-14T09-47-41-162Z.png
[2025-10-14T09:47:41.782Z] [INFO] [ScreenshotHelper] Screenshot saved: E:\Project\web_pw_framework\screenshots\_3Enter_valid_credentials__smoke_login-page-loaded_2025-10-14T09-47-41-162Z.png
[2025-10-14T09:47:41.782Z] [INFO] [#3Enter valid credentials @smoke] ✅ Step completed: Take screenshot of login page
[2025-10-14T09:47:41.786Z] [INFO] [#3Enter valid credentials @smoke] Test completed: #3Enter valid credentials @smoke

[[ATTACHMENT|test-results\login-Login-Page-Tests-3Enter-valid-credentials-smoke-firefox\attachments\login-page-loaded-188056ccb93fa325afbb388c0d7c3352fa1dddc0.png]]
]]>
</system-out>
</testcase>
<testcase name="Login Page Tests › #4 Enter valid credentials @smoke" classname="login.spec.ts" time="29.172">
<system-out>
<![CDATA[🔍 LoginPage constructor - url param: http://devwebpanel.sadadqa.com:3004, defaultUrl: http://devwebpanel.sadadqa.com:3004
🔍 LoginPage constructor - final URL: http://devwebpanel.sadadqa.com:3004
[2025-10-14T09:47:14.727Z] [INFO] [LoginPage] User data loaded successfully
🔍 Starting navigation with maxRetries: 0
🔍 Calling navigateToLogin() - attempt 1
[2025-10-14T09:47:14.729Z] [INFO] [LoginPage] Navigating to: http://devwebpanel.sadadqa.com:3004
[2025-10-14T09:47:14.729Z] [INFO] [LoginPage] Navigating to: http://devwebpanel.sadadqa.com:3004
[2025-10-14T09:47:18.321Z] [INFO] [LoginPage] DOM content loaded
[2025-10-14T09:47:28.353Z] [INFO] [LoginPage] Network idle timeout (expected for pages with continuous activity). DOM is ready.
🔍 navigateToLogin() completed successfully
[2025-10-14T09:47:28.361Z] [INFO] [#4 Enter valid credentials @smoke] Starting test: #4 Enter valid credentials @smoke
[2025-10-14T09:47:28.365Z] [INFO] [#4 Enter valid credentials @smoke] 🔹 Step: Enter valid credentials
[2025-10-14T09:47:28.367Z] [INFO] [LoginPage] Attempting login for mobile: 90336607
[2025-10-14T09:47:28.390Z] [INFO] [LoginPage] DOM content loaded
[2025-10-14T09:47:38.417Z] [INFO] [LoginPage] Network idle timeout (expected for pages with continuous activity). DOM is ready.
[2025-10-14T09:47:38.418Z] [INFO] [LoginPage] Waiting until element is present: //h2[normalize-space()='Login in to SADAD']
[2025-10-14T09:47:38.666Z] [INFO] [LoginPage] Comparing text for element: //h2[normalize-space()='Login in to SADAD']
[2025-10-14T09:47:38.666Z] [INFO] [LoginPage] Expected: "Login in to SADAD"
[2025-10-14T09:47:38.666Z] [INFO] [LoginPage] Actual: "Login in to SADAD"
[2025-10-14T09:47:38.666Z] [INFO] [LoginPage] Text comparison result: MATCH
[2025-10-14T09:47:38.666Z] [INFO] [LoginPage] Filling element: input[type="text"] with value: 90336607
[2025-10-14T09:47:39.745Z] [INFO] [LoginPage] Mobile number entered: 90336607
[2025-10-14T09:47:39.746Z] [INFO] [LoginPage] Filling element: input[type="password"] with value: QAble@2020
[2025-10-14T09:47:40.782Z] [INFO] [LoginPage] Password entered
[2025-10-14T09:47:40.783Z] [INFO] [LoginPage] Waiting until element is clickable: //button[@type="submit"]
[2025-10-14T09:47:41.021Z] [INFO] [LoginPage] Clicking on element: //button[@type="submit"]
[2025-10-14T09:47:41.197Z] [INFO] [LoginPage] Login button clicked
[2025-10-14T09:47:41.197Z] [INFO] [LoginPage] Login attempt completed
[2025-10-14T09:47:41.197Z] [INFO] [#4 Enter valid credentials @smoke] ✅ Step completed: Enter valid credentials
[2025-10-14T09:47:41.197Z] [INFO] [#4 Enter valid credentials @smoke] 🔹 Step: Verify page loads and elements are visible
[2025-10-14T09:47:41.198Z] [INFO] [LoginPage] Verifying login page elements
[2025-10-14T09:47:41.199Z] [INFO] [LoginPage] Waiting for element to be visible: input[type="text"]
[2025-10-14T09:47:41.312Z] [INFO] [LoginPage] Element is now visible: input[type="text"]
[2025-10-14T09:47:41.313Z] [INFO] [LoginPage] Waiting for element to be visible: input[type="password"]
[2025-10-14T09:47:41.452Z] [INFO] [LoginPage] Element is now visible: input[type="password"]
[2025-10-14T09:47:41.452Z] [INFO] [LoginPage] Waiting for element to be visible: //button[@type="submit"]
[2025-10-14T09:47:41.567Z] [INFO] [LoginPage] Element is now visible: //button[@type="submit"]
[2025-10-14T09:47:41.567Z] [INFO] [LoginPage] All login page elements verified
[2025-10-14T09:47:41.567Z] [INFO] [#4 Enter valid credentials @smoke] ✅ Step completed: Verify page loads and elements are visible
[2025-10-14T09:47:41.571Z] [INFO] [#4 Enter valid credentials @smoke] Test completed: #4 Enter valid credentials @smoke
]]>
</system-out>
</testcase>
<testcase name="Login Page Tests › #5 Enter valid credentials @smoke" classname="login.spec.ts" time="29.25">
<system-out>
<![CDATA[🔍 LoginPage constructor - url param: http://devwebpanel.sadadqa.com:3004, defaultUrl: http://devwebpanel.sadadqa.com:3004
🔍 LoginPage constructor - final URL: http://devwebpanel.sadadqa.com:3004
[2025-10-14T09:47:15.035Z] [INFO] [LoginPage] User data loaded successfully
🔍 Starting navigation with maxRetries: 0
🔍 Calling navigateToLogin() - attempt 1
[2025-10-14T09:47:15.036Z] [INFO] [LoginPage] Navigating to: http://devwebpanel.sadadqa.com:3004
[2025-10-14T09:47:15.037Z] [INFO] [LoginPage] Navigating to: http://devwebpanel.sadadqa.com:3004
[2025-10-14T09:47:18.669Z] [INFO] [LoginPage] DOM content loaded
[2025-10-14T09:47:28.691Z] [INFO] [LoginPage] Network idle timeout (expected for pages with continuous activity). DOM is ready.
🔍 navigateToLogin() completed successfully
[2025-10-14T09:47:28.693Z] [INFO] [#5 Enter valid credentials @smoke] Starting test: #5 Enter valid credentials @smoke
[2025-10-14T09:47:28.695Z] [INFO] [#5 Enter valid credentials @smoke] 🔹 Step: Enter valid credentials
[2025-10-14T09:47:28.695Z] [INFO] [LoginPage] Attempting login for mobile: 90336607
[2025-10-14T09:47:28.710Z] [INFO] [LoginPage] DOM content loaded
[2025-10-14T09:47:38.739Z] [INFO] [LoginPage] Network idle timeout (expected for pages with continuous activity). DOM is ready.
[2025-10-14T09:47:38.740Z] [INFO] [LoginPage] Waiting until element is present: //h2[normalize-space()='Login in to SADAD']
[2025-10-14T09:47:39.012Z] [INFO] [LoginPage] Comparing text for element: //h2[normalize-space()='Login in to SADAD']
[2025-10-14T09:47:39.012Z] [INFO] [LoginPage] Expected: "Login in to SADAD"
[2025-10-14T09:47:39.012Z] [INFO] [LoginPage] Actual: "Login in to SADAD"
[2025-10-14T09:47:39.013Z] [INFO] [LoginPage] Text comparison result: MATCH
[2025-10-14T09:47:39.013Z] [INFO] [LoginPage] Filling element: input[type="text"] with value: 90336607
[2025-10-14T09:47:40.125Z] [INFO] [LoginPage] Mobile number entered: 90336607
[2025-10-14T09:47:40.126Z] [INFO] [LoginPage] Filling element: input[type="password"] with value: QAble@2020
[2025-10-14T09:47:41.202Z] [INFO] [LoginPage] Password entered
[2025-10-14T09:47:41.202Z] [INFO] [LoginPage] Waiting until element is clickable: //button[@type="submit"]
[2025-10-14T09:47:41.456Z] [INFO] [LoginPage] Clicking on element: //button[@type="submit"]
[2025-10-14T09:47:41.700Z] [INFO] [LoginPage] Login button clicked
[2025-10-14T09:47:41.700Z] [INFO] [LoginPage] Login attempt completed
[2025-10-14T09:47:41.700Z] [INFO] [#5 Enter valid credentials @smoke] ✅ Step completed: Enter valid credentials
[2025-10-14T09:47:41.700Z] [INFO] [#5 Enter valid credentials @smoke] 🔹 Step: Verify page loads and elements are visible
[2025-10-14T09:47:41.700Z] [INFO] [LoginPage] Verifying login page elements
[2025-10-14T09:47:41.700Z] [INFO] [LoginPage] Waiting for element to be visible: input[type="text"]
[2025-10-14T09:47:41.821Z] [INFO] [LoginPage] Element is now visible: input[type="text"]
[2025-10-14T09:47:41.821Z] [INFO] [LoginPage] Waiting for element to be visible: input[type="password"]
[2025-10-14T09:47:41.945Z] [INFO] [LoginPage] Element is now visible: input[type="password"]
[2025-10-14T09:47:41.945Z] [INFO] [LoginPage] Waiting for element to be visible: //button[@type="submit"]
[2025-10-14T09:47:42.058Z] [INFO] [LoginPage] Element is now visible: //button[@type="submit"]
[2025-10-14T09:47:42.059Z] [INFO] [LoginPage] All login page elements verified
[2025-10-14T09:47:42.059Z] [INFO] [#5 Enter valid credentials @smoke] ✅ Step completed: Verify page loads and elements are visible
[2025-10-14T09:47:42.066Z] [INFO] [#5 Enter valid credentials @smoke] Test completed: #5 Enter valid credentials @smoke
]]>
</system-out>
</testcase>
<testcase name="Login Page Tests › #6 Enter valid credentials @smoke" classname="login.spec.ts" time="29.813">
<system-out>
<![CDATA[🔍 LoginPage constructor - url param: http://devwebpanel.sadadqa.com:3004, defaultUrl: http://devwebpanel.sadadqa.com:3004
🔍 LoginPage constructor - final URL: http://devwebpanel.sadadqa.com:3004
[2025-10-14T09:47:15.234Z] [INFO] [LoginPage] User data loaded successfully
🔍 Starting navigation with maxRetries: 0
🔍 Calling navigateToLogin() - attempt 1
[2025-10-14T09:47:15.235Z] [INFO] [LoginPage] Navigating to: http://devwebpanel.sadadqa.com:3004
[2025-10-14T09:47:15.236Z] [INFO] [LoginPage] Navigating to: http://devwebpanel.sadadqa.com:3004
[2025-10-14T09:47:18.837Z] [INFO] [LoginPage] DOM content loaded
[2025-10-14T09:47:28.868Z] [INFO] [LoginPage] Network idle timeout (expected for pages with continuous activity). DOM is ready.
🔍 navigateToLogin() completed successfully
[2025-10-14T09:47:28.871Z] [INFO] [#6 Enter valid credentials @smoke] Starting test: #6 Enter valid credentials @smoke
[2025-10-14T09:47:28.872Z] [INFO] [#6 Enter valid credentials @smoke] 🔹 Step: Enter valid credentials
[2025-10-14T09:47:28.872Z] [INFO] [LoginPage] Attempting login for mobile: 90336607
[2025-10-14T09:47:28.905Z] [INFO] [LoginPage] DOM content loaded
[2025-10-14T09:47:38.935Z] [INFO] [LoginPage] Network idle timeout (expected for pages with continuous activity). DOM is ready.
[2025-10-14T09:47:38.936Z] [INFO] [LoginPage] Waiting until element is present: //h2[normalize-space()='Login in to SADAD']
[2025-10-14T09:47:39.195Z] [INFO] [LoginPage] Comparing text for element: //h2[normalize-space()='Login in to SADAD']
[2025-10-14T09:47:39.195Z] [INFO] [LoginPage] Expected: "Login in to SADAD"
[2025-10-14T09:47:39.196Z] [INFO] [LoginPage] Actual: "Login in to SADAD"
[2025-10-14T09:47:39.196Z] [INFO] [LoginPage] Text comparison result: MATCH
[2025-10-14T09:47:39.196Z] [INFO] [LoginPage] Filling element: input[type="text"] with value: 90336607
[2025-10-14T09:47:40.268Z] [INFO] [LoginPage] Mobile number entered: 90336607
[2025-10-14T09:47:40.268Z] [INFO] [LoginPage] Filling element: input[type="password"] with value: QAble@2020
[2025-10-14T09:47:41.285Z] [INFO] [LoginPage] Password entered
[2025-10-14T09:47:41.286Z] [INFO] [LoginPage] Waiting until element is clickable: //button[@type="submit"]
[2025-10-14T09:47:41.520Z] [INFO] [LoginPage] Clicking on element: //button[@type="submit"]
[2025-10-14T09:47:41.695Z] [INFO] [LoginPage] Login button clicked
[2025-10-14T09:47:41.695Z] [INFO] [LoginPage] Login attempt completed
[2025-10-14T09:47:41.696Z] [INFO] [#6 Enter valid credentials @smoke] ✅ Step completed: Enter valid credentials
[2025-10-14T09:47:41.697Z] [INFO] [#6 Enter valid credentials @smoke] 🔹 Step: Verify page loads and elements are visible
[2025-10-14T09:47:41.698Z] [INFO] [LoginPage] Verifying login page elements
[2025-10-14T09:47:41.699Z] [INFO] [LoginPage] Waiting for element to be visible: input[type="text"]
[2025-10-14T09:47:41.821Z] [INFO] [LoginPage] Element is now visible: input[type="text"]
[2025-10-14T09:47:41.821Z] [INFO] [LoginPage] Waiting for element to be visible: input[type="password"]
[2025-10-14T09:47:41.945Z] [INFO] [LoginPage] Element is now visible: input[type="password"]
[2025-10-14T09:47:41.945Z] [INFO] [LoginPage] Waiting for element to be visible: //button[@type="submit"]
[2025-10-14T09:47:42.052Z] [INFO] [LoginPage] Element is now visible: //button[@type="submit"]
[2025-10-14T09:47:42.053Z] [INFO] [LoginPage] All login page elements verified
[2025-10-14T09:47:42.053Z] [INFO] [#6 Enter valid credentials @smoke] ✅ Step completed: Verify page loads and elements are visible
[2025-10-14T09:47:42.058Z] [INFO] [#6 Enter valid credentials @smoke] Test completed: #6 Enter valid credentials @smoke
]]>
</system-out>
</testcase>
<testcase name="Login Page Tests › #7 Enter valid credentials @smoke" classname="login.spec.ts" time="28.539">
<system-out>
<![CDATA[🔍 LoginPage constructor - url param: http://devwebpanel.sadadqa.com:3004, defaultUrl: http://devwebpanel.sadadqa.com:3004
🔍 LoginPage constructor - final URL: http://devwebpanel.sadadqa.com:3004
[2025-10-14T09:47:14.534Z] [INFO] [LoginPage] User data loaded successfully
🔍 Starting navigation with maxRetries: 0
🔍 Calling navigateToLogin() - attempt 1
[2025-10-14T09:47:14.536Z] [INFO] [LoginPage] Navigating to: http://devwebpanel.sadadqa.com:3004
[2025-10-14T09:47:14.536Z] [INFO] [LoginPage] Navigating to: http://devwebpanel.sadadqa.com:3004
[2025-10-14T09:47:17.553Z] [INFO] [LoginPage] DOM content loaded
[2025-10-14T09:47:27.573Z] [INFO] [LoginPage] Network idle timeout (expected for pages with continuous activity). DOM is ready.
🔍 navigateToLogin() completed successfully
[2025-10-14T09:47:27.578Z] [INFO] [#7 Enter valid credentials @smoke] Starting test: #7 Enter valid credentials @smoke
[2025-10-14T09:47:27.579Z] [INFO] [#7 Enter valid credentials @smoke] 🔹 Step: Enter valid credentials
[2025-10-14T09:47:27.580Z] [INFO] [LoginPage] Attempting login for mobile: 90336607
[2025-10-14T09:47:27.597Z] [INFO] [LoginPage] DOM content loaded
[2025-10-14T09:47:37.628Z] [INFO] [LoginPage] Network idle timeout (expected for pages with continuous activity). DOM is ready.
[2025-10-14T09:47:37.630Z] [INFO] [LoginPage] Waiting until element is present: //h2[normalize-space()='Login in to SADAD']
[2025-10-14T09:47:37.910Z] [INFO] [LoginPage] Comparing text for element: //h2[normalize-space()='Login in to SADAD']
[2025-10-14T09:47:37.910Z] [INFO] [LoginPage] Expected: "Login in to SADAD"
[2025-10-14T09:47:37.911Z] [INFO] [LoginPage] Actual: "Login in to SADAD"
[2025-10-14T09:47:37.911Z] [INFO] [LoginPage] Text comparison result: MATCH
[2025-10-14T09:47:37.911Z] [INFO] [LoginPage] Filling element: input[type="text"] with value: 90336607
[2025-10-14T09:47:39.105Z] [INFO] [LoginPage] Mobile number entered: 90336607
[2025-10-14T09:47:39.105Z] [INFO] [LoginPage] Filling element: input[type="password"] with value: QAble@2020
[2025-10-14T09:47:40.176Z] [INFO] [LoginPage] Password entered
[2025-10-14T09:47:40.177Z] [INFO] [LoginPage] Waiting until element is clickable: //button[@type="submit"]
[2025-10-14T09:47:40.418Z] [INFO] [LoginPage] Clicking on element: //button[@type="submit"]
[2025-10-14T09:47:40.604Z] [INFO] [LoginPage] Login button clicked
[2025-10-14T09:47:40.604Z] [INFO] [LoginPage] Login attempt completed
[2025-10-14T09:47:40.604Z] [INFO] [#7 Enter valid credentials @smoke] ✅ Step completed: Enter valid credentials
[2025-10-14T09:47:40.604Z] [INFO] [#7 Enter valid credentials @smoke] 🔹 Step: Verify page loads and elements are visible
[2025-10-14T09:47:40.604Z] [INFO] [LoginPage] Verifying login page elements
[2025-10-14T09:47:40.605Z] [INFO] [LoginPage] Waiting for element to be visible: input[type="text"]
[2025-10-14T09:47:40.719Z] [INFO] [LoginPage] Element is now visible: input[type="text"]
[2025-10-14T09:47:40.719Z] [INFO] [LoginPage] Waiting for element to be visible: input[type="password"]
[2025-10-14T09:47:40.850Z] [INFO] [LoginPage] Element is now visible: input[type="password"]
[2025-10-14T09:47:40.850Z] [INFO] [LoginPage] Waiting for element to be visible: //button[@type="submit"]
[2025-10-14T09:47:40.955Z] [INFO] [LoginPage] Element is now visible: //button[@type="submit"]
[2025-10-14T09:47:40.955Z] [INFO] [LoginPage] All login page elements verified
[2025-10-14T09:47:40.955Z] [INFO] [#7 Enter valid credentials @smoke] ✅ Step completed: Verify page loads and elements are visible
[2025-10-14T09:47:40.961Z] [INFO] [#7 Enter valid credentials @smoke] Test completed: #7 Enter valid credentials @smoke
]]>
</system-out>
</testcase>
<testcase name="Login Page Tests › #9 Enter valid credentials @smoke" classname="login.spec.ts" time="28.769">
<system-out>
<![CDATA[🔍 LoginPage constructor - url param: http://devwebpanel.sadadqa.com:3004, defaultUrl: http://devwebpanel.sadadqa.com:3004
🔍 LoginPage constructor - final URL: http://devwebpanel.sadadqa.com:3004
[2025-10-14T09:47:15.773Z] [INFO] [LoginPage] User data loaded successfully
🔍 Starting navigation with maxRetries: 0
🔍 Calling navigateToLogin() - attempt 1
[2025-10-14T09:47:15.781Z] [INFO] [LoginPage] Navigating to: http://devwebpanel.sadadqa.com:3004
[2025-10-14T09:47:15.782Z] [INFO] [LoginPage] Navigating to: http://devwebpanel.sadadqa.com:3004
[2025-10-14T09:47:19.012Z] [INFO] [LoginPage] DOM content loaded
[2025-10-14T09:47:29.047Z] [INFO] [LoginPage] Network idle timeout (expected for pages with continuous activity). DOM is ready.
🔍 navigateToLogin() completed successfully
[2025-10-14T09:47:29.051Z] [INFO] [#9 Enter valid credentials @smoke] Starting test: #9 Enter valid credentials @smoke
[2025-10-14T09:47:29.052Z] [INFO] [#9 Enter valid credentials @smoke] 🔹 Step: Enter valid credentials
[2025-10-14T09:47:29.052Z] [INFO] [LoginPage] Attempting login for mobile: 90336607
[2025-10-14T09:47:29.078Z] [INFO] [LoginPage] DOM content loaded
[2025-10-14T09:47:39.113Z] [INFO] [LoginPage] Network idle timeout (expected for pages with continuous activity). DOM is ready.
[2025-10-14T09:47:39.115Z] [INFO] [LoginPage] Waiting until element is present: //h2[normalize-space()='Login in to SADAD']
[2025-10-14T09:47:39.393Z] [INFO] [LoginPage] Comparing text for element: //h2[normalize-space()='Login in to SADAD']
[2025-10-14T09:47:39.394Z] [INFO] [LoginPage] Expected: "Login in to SADAD"
[2025-10-14T09:47:39.394Z] [INFO] [LoginPage] Actual: "Login in to SADAD"
[2025-10-14T09:47:39.394Z] [INFO] [LoginPage] Text comparison result: MATCH
[2025-10-14T09:47:39.395Z] [INFO] [LoginPage] Filling element: input[type="text"] with value: 90336607
[2025-10-14T09:47:40.488Z] [INFO] [LoginPage] Mobile number entered: 90336607
[2025-10-14T09:47:40.488Z] [INFO] [LoginPage] Filling element: input[type="password"] with value: QAble@2020
[2025-10-14T09:47:41.591Z] [INFO] [LoginPage] Password entered
[2025-10-14T09:47:41.592Z] [INFO] [LoginPage] Waiting until element is clickable: //button[@type="submit"]
[2025-10-14T09:47:41.845Z] [INFO] [LoginPage] Clicking on element: //button[@type="submit"]
[2025-10-14T09:47:42.020Z] [INFO] [LoginPage] Login button clicked
[2025-10-14T09:47:42.020Z] [INFO] [LoginPage] Login attempt completed
[2025-10-14T09:47:42.020Z] [INFO] [#9 Enter valid credentials @smoke] ✅ Step completed: Enter valid credentials
[2025-10-14T09:47:42.020Z] [INFO] [#9 Enter valid credentials @smoke] 🔹 Step: Verify page loads and elements are visible
[2025-10-14T09:47:42.020Z] [INFO] [LoginPage] Verifying login page elements
[2025-10-14T09:47:42.021Z] [INFO] [LoginPage] Waiting for element to be visible: input[type="text"]
[2025-10-14T09:47:42.144Z] [INFO] [LoginPage] Element is now visible: input[type="text"]
[2025-10-14T09:47:42.145Z] [INFO] [LoginPage] Waiting for element to be visible: input[type="password"]
[2025-10-14T09:47:42.265Z] [INFO] [LoginPage] Element is now visible: input[type="password"]
[2025-10-14T09:47:42.266Z] [INFO] [LoginPage] Waiting for element to be visible: //button[@type="submit"]
[2025-10-14T09:47:42.371Z] [INFO] [LoginPage] Element is now visible: //button[@type="submit"]
[2025-10-14T09:47:42.371Z] [INFO] [LoginPage] All login page elements verified
[2025-10-14T09:47:42.371Z] [INFO] [#9 Enter valid credentials @smoke] ✅ Step completed: Verify page loads and elements are visible
[2025-10-14T09:47:42.375Z] [INFO] [#9 Enter valid credentials @smoke] Test completed: #9 Enter valid credentials @smoke
]]>
</system-out>
</testcase>
<testcase name="Login Page Tests › #10 Enter valid credentials @smoke" classname="login.spec.ts" time="28.643">
<system-out>
<![CDATA[🔍 LoginPage constructor - url param: http://devwebpanel.sadadqa.com:3004, defaultUrl: http://devwebpanel.sadadqa.com:3004
🔍 LoginPage constructor - final URL: http://devwebpanel.sadadqa.com:3004
[2025-10-14T09:47:15.172Z] [INFO] [LoginPage] User data loaded successfully
🔍 Starting navigation with maxRetries: 0
🔍 Calling navigateToLogin() - attempt 1
[2025-10-14T09:47:15.173Z] [INFO] [LoginPage] Navigating to: http://devwebpanel.sadadqa.com:3004
[2025-10-14T09:47:15.173Z] [INFO] [LoginPage] Navigating to: http://devwebpanel.sadadqa.com:3004
[2025-10-14T09:47:18.689Z] [INFO] [LoginPage] DOM content loaded
[2025-10-14T09:47:28.727Z] [INFO] [LoginPage] Network idle timeout (expected for pages with continuous activity). DOM is ready.
🔍 navigateToLogin() completed successfully
[2025-10-14T09:47:28.731Z] [INFO] [#10 Enter valid credentials @smoke] Starting test: #10 Enter valid credentials @smoke
[2025-10-14T09:47:28.732Z] [INFO] [#10 Enter valid credentials @smoke] 🔹 Step: Enter valid credentials
[2025-10-14T09:47:28.732Z] [INFO] [LoginPage] Attempting login for mobile: 90336607
[2025-10-14T09:47:28.785Z] [INFO] [LoginPage] DOM content loaded
[2025-10-14T09:47:38.819Z] [INFO] [LoginPage] Network idle timeout (expected for pages with continuous activity). DOM is ready.
[2025-10-14T09:47:38.820Z] [INFO] [LoginPage] Waiting until element is present: //h2[normalize-space()='Login in to SADAD']
[2025-10-14T09:47:39.086Z] [INFO] [LoginPage] Comparing text for element: //h2[normalize-space()='Login in to SADAD']
[2025-10-14T09:47:39.087Z] [INFO] [LoginPage] Expected: "Login in to SADAD"
[2025-10-14T09:47:39.087Z] [INFO] [LoginPage] Actual: "Login in to SADAD"
[2025-10-14T09:47:39.087Z] [INFO] [LoginPage] Text comparison result: MATCH
[2025-10-14T09:47:39.087Z] [INFO] [LoginPage] Filling element: input[type="text"] with value: 90336607
[2025-10-14T09:47:40.186Z] [INFO] [LoginPage] Mobile number entered: 90336607
[2025-10-14T09:47:40.186Z] [INFO] [LoginPage] Filling element: input[type="password"] with value: QAble@2020
[2025-10-14T09:47:41.254Z] [INFO] [LoginPage] Password entered
[2025-10-14T09:47:41.254Z] [INFO] [LoginPage] Waiting until element is clickable: //button[@type="submit"]
[2025-10-14T09:47:41.498Z] [INFO] [LoginPage] Clicking on element: //button[@type="submit"]
[2025-10-14T09:47:41.669Z] [INFO] [LoginPage] Login button clicked
[2025-10-14T09:47:41.669Z] [INFO] [LoginPage] Login attempt completed
[2025-10-14T09:47:41.669Z] [INFO] [#10 Enter valid credentials @smoke] ✅ Step completed: Enter valid credentials
[2025-10-14T09:47:41.675Z] [INFO] [#10 Enter valid credentials @smoke] Test completed: #10 Enter valid credentials @smoke
]]>
</system-out>
</testcase>
</testsuite>
<testsuite name="login.spec.ts" timestamp="2025-10-14T09:46:56.852Z" hostname="webkit" tests="9" failures="0" skipped="0" time="273.25" errors="0">
<testcase name="Login Page Tests › Enter valid credentials @smoke" classname="login.spec.ts" time="30.801">
<system-out>
<![CDATA[🔍 LoginPage constructor - url param: http://devwebpanel.sadadqa.com:3004, defaultUrl: http://devwebpanel.sadadqa.com:3004
🔍 LoginPage constructor - final URL: http://devwebpanel.sadadqa.com:3004
[2025-10-14T09:47:36.186Z] [INFO] [LoginPage] User data loaded successfully
🔍 Starting navigation with maxRetries: 0
🔍 Calling navigateToLogin() - attempt 1
[2025-10-14T09:47:36.187Z] [INFO] [LoginPage] Navigating to: http://devwebpanel.sadadqa.com:3004
[2025-10-14T09:47:36.188Z] [INFO] [LoginPage] Navigating to: http://devwebpanel.sadadqa.com:3004
[2025-10-14T09:47:39.890Z] [INFO] [LoginPage] DOM content loaded
[2025-10-14T09:47:49.918Z] [INFO] [LoginPage] Network idle timeout (expected for pages with continuous activity). DOM is ready.
🔍 navigateToLogin() completed successfully
[2025-10-14T09:47:49.920Z] [INFO] [Enter valid credentials @smoke] Starting test: Enter valid credentials @smoke
[2025-10-14T09:47:49.921Z] [INFO] [Enter valid credentials @smoke] 🔹 Step: Enter valid credentials
[2025-10-14T09:47:49.921Z] [INFO] [LoginPage] Attempting login for mobile: 90336607
[2025-10-14T09:47:49.955Z] [INFO] [LoginPage] DOM content loaded
[2025-10-14T09:48:00.068Z] [INFO] [LoginPage] Network idle timeout (expected for pages with continuous activity). DOM is ready.
[2025-10-14T09:48:00.069Z] [INFO] [LoginPage] Waiting until element is present: //h2[normalize-space()='Login in to SADAD']
[2025-10-14T09:48:00.636Z] [INFO] [LoginPage] Comparing text for element: //h2[normalize-space()='Login in to SADAD']
[2025-10-14T09:48:00.636Z] [INFO] [LoginPage] Expected: "Login in to SADAD"
[2025-10-14T09:48:00.636Z] [INFO] [LoginPage] Actual: "Login in to SADAD"
[2025-10-14T09:48:00.636Z] [INFO] [LoginPage] Text comparison result: MATCH
[2025-10-14T09:48:00.637Z] [INFO] [LoginPage] Filling element: input[type="text"] with value: 90336607
[2025-10-14T09:48:01.719Z] [INFO] [LoginPage] Mobile number entered: 90336607
[2025-10-14T09:48:01.719Z] [INFO] [LoginPage] Filling element: input[type="password"] with value: QAble@2020
[2025-10-14T09:48:02.805Z] [INFO] [LoginPage] Password entered
[2025-10-14T09:48:02.806Z] [INFO] [LoginPage] Waiting until element is clickable: //button[@type="submit"]
[2025-10-14T09:48:03.061Z] [INFO] [LoginPage] Clicking on element: //button[@type="submit"]
[2025-10-14T09:48:03.235Z] [INFO] [LoginPage] Login button clicked
[2025-10-14T09:48:03.235Z] [INFO] [LoginPage] Login attempt completed
[2025-10-14T09:48:03.235Z] [INFO] [Enter valid credentials @smoke] ✅ Step completed: Enter valid credentials
[2025-10-14T09:48:03.235Z] [INFO] [Enter valid credentials @smoke] 🔹 Step: Verify page loads and elements are visible
[2025-10-14T09:48:03.235Z] [INFO] [LoginPage] Verifying login page elements
[2025-10-14T09:48:03.235Z] [INFO] [LoginPage] Waiting for element to be visible: input[type="text"]
[2025-10-14T09:48:03.367Z] [INFO] [LoginPage] Element is now visible: input[type="text"]
[2025-10-14T09:48:03.367Z] [INFO] [LoginPage] Waiting for element to be visible: input[type="password"]
[2025-10-14T09:48:03.649Z] [INFO] [LoginPage] Element is now visible: input[type="password"]
[2025-10-14T09:48:03.650Z] [INFO] [LoginPage] Waiting for element to be visible: //button[@type="submit"]
[2025-10-14T09:48:03.777Z] [INFO] [LoginPage] Element is now visible: //button[@type="submit"]
[2025-10-14T09:48:03.778Z] [INFO] [LoginPage] All login page elements verified
[2025-10-14T09:48:03.778Z] [INFO] [Enter valid credentials @smoke] ✅ Step completed: Verify page loads and elements are visible
[2025-10-14T09:48:03.778Z] [INFO] [Enter valid credentials @smoke] 🔹 Step: Take screenshot of login page
[2025-10-14T09:48:03.780Z] [INFO] [ScreenshotHelper] Taking screenshot: Enter_valid_credentials__smoke_login-page-loaded_2025-10-14T09-48-03-779Z.png
[2025-10-14T09:48:04.984Z] [INFO] [ScreenshotHelper] Screenshot saved: E:\Project\web_pw_framework\screenshots\Enter_valid_credentials__smoke_login-page-loaded_2025-10-14T09-48-03-779Z.png
[2025-10-14T09:48:04.984Z] [INFO] [Enter valid credentials @smoke] ✅ Step completed: Take screenshot of login page
[2025-10-14T09:48:04.986Z] [INFO] [Enter valid credentials @smoke] Test completed: Enter valid credentials @smoke

[[ATTACHMENT|test-results\login-Login-Page-Tests-Enter-valid-credentials-smoke-webkit\attachments\login-page-loaded-b7caaaa25d8fffff228255223a491d18bbc2158f.png]]
]]>
</system-out>
</testcase>
<testcase name="Login Page Tests › #2 Enter valid credentials @smoke" classname="login.spec.ts" time="30.016">
<system-out>
<![CDATA[🔍 LoginPage constructor - url param: http://devwebpanel.sadadqa.com:3004, defaultUrl: http://devwebpanel.sadadqa.com:3004
🔍 LoginPage constructor - final URL: http://devwebpanel.sadadqa.com:3004
[2025-10-14T09:47:16.769Z] [INFO] [LoginPage] User data loaded successfully
🔍 Starting navigation with maxRetries: 0
🔍 Calling navigateToLogin() - attempt 1
[2025-10-14T09:47:16.772Z] [INFO] [LoginPage] Navigating to: http://devwebpanel.sadadqa.com:3004
[2025-10-14T09:47:16.772Z] [INFO] [LoginPage] Navigating to: http://devwebpanel.sadadqa.com:3004
[2025-10-14T09:47:20.351Z] [INFO] [LoginPage] DOM content loaded
[2025-10-14T09:47:30.371Z] [INFO] [LoginPage] Network idle timeout (expected for pages with continuous activity). DOM is ready.
🔍 navigateToLogin() completed successfully
[2025-10-14T09:47:30.373Z] [INFO] [#2 Enter valid credentials @smoke] Starting test: #2 Enter valid credentials @smoke
[2025-10-14T09:47:30.373Z] [INFO] [#2 Enter valid credentials @smoke] 🔹 Step: Enter valid credentials
[2025-10-14T09:47:30.374Z] [INFO] [LoginPage] Attempting login for mobile: 90336607
[2025-10-14T09:47:30.392Z] [INFO] [LoginPage] DOM content loaded
[2025-10-14T09:47:40.404Z] [INFO] [LoginPage] Network idle timeout (expected for pages with continuous activity). DOM is ready.
[2025-10-14T09:47:40.405Z] [INFO] [LoginPage] Waiting until element is present: //h2[normalize-space()='Login in to SADAD']
[2025-10-14T09:47:40.664Z] [INFO] [LoginPage] Comparing text for element: //h2[normalize-space()='Login in to SADAD']
[2025-10-14T09:47:40.665Z] [INFO] [LoginPage] Expected: "Login in to SADAD"
[2025-10-14T09:47:40.665Z] [INFO] [LoginPage] Actual: "Login in to SADAD"
[2025-10-14T09:47:40.665Z] [INFO] [LoginPage] Text comparison result: MATCH
[2025-10-14T09:47:40.666Z] [INFO] [LoginPage] Filling element: input[type="text"] with value: 90336607
[2025-10-14T09:47:41.790Z] [INFO] [LoginPage] Mobile number entered: 90336607
[2025-10-14T09:47:41.791Z] [INFO] [LoginPage] Filling element: input[type="password"] with value: QAble@2020
[2025-10-14T09:47:42.818Z] [INFO] [LoginPage] Password entered
[2025-10-14T09:47:42.818Z] [INFO] [LoginPage] Waiting until element is clickable: //button[@type="submit"]
[2025-10-14T09:47:43.048Z] [INFO] [LoginPage] Clicking on element: //button[@type="submit"]
[2025-10-14T09:47:43.203Z] [INFO] [LoginPage] Login button clicked
[2025-10-14T09:47:43.203Z] [INFO] [LoginPage] Login attempt completed
[2025-10-14T09:47:43.203Z] [INFO] [#2 Enter valid credentials @smoke] ✅ Step completed: Enter valid credentials
[2025-10-14T09:47:43.203Z] [INFO] [#2 Enter valid credentials @smoke] 🔹 Step: Verify page loads and elements are visible
[2025-10-14T09:47:43.203Z] [INFO] [LoginPage] Verifying login page elements
[2025-10-14T09:47:43.204Z] [INFO] [LoginPage] Waiting for element to be visible: input[type="text"]
[2025-10-14T09:47:43.330Z] [INFO] [LoginPage] Element is now visible: input[type="text"]
[2025-10-14T09:47:43.332Z] [INFO] [LoginPage] Waiting for element to be visible: input[type="password"]
[2025-10-14T09:47:43.453Z] [INFO] [LoginPage] Element is now visible: input[type="password"]
[2025-10-14T09:47:43.453Z] [INFO] [LoginPage] Waiting for element to be visible: //button[@type="submit"]
[2025-10-14T09:47:43.562Z] [INFO] [LoginPage] Element is now visible: //button[@type="submit"]
[2025-10-14T09:47:43.562Z] [INFO] [LoginPage] All login page elements verified
[2025-10-14T09:47:43.563Z] [INFO] [#2 Enter valid credentials @smoke] ✅ Step completed: Verify page loads and elements are visible
[2025-10-14T09:47:43.563Z] [INFO] [#2 Enter valid credentials @smoke] 🔹 Step: Take screenshot of login page
[2025-10-14T09:47:43.565Z] [INFO] [ScreenshotHelper] Taking screenshot: _2_Enter_valid_credentials__smoke_login-page-loaded_2025-10-14T09-47-43-564Z.png
[2025-10-14T09:47:44.703Z] [INFO] [ScreenshotHelper] Screenshot saved: E:\Project\web_pw_framework\screenshots\_2_Enter_valid_credentials__smoke_login-page-loaded_2025-10-14T09-47-43-564Z.png
[2025-10-14T09:47:44.704Z] [INFO] [#2 Enter valid credentials @smoke] ✅ Step completed: Take screenshot of login page
[2025-10-14T09:47:44.708Z] [INFO] [#2 Enter valid credentials @smoke] Test completed: #2 Enter valid credentials @smoke

[[ATTACHMENT|test-results\login-Login-Page-Tests-2-Enter-valid-credentials-smoke-webkit\attachments\login-page-loaded-28c167a0961f5faa89367b4a4556a375432238d9.png]]
]]>
</system-out>
</testcase>
<testcase name="Login Page Tests › #3Enter valid credentials @smoke" classname="login.spec.ts" time="32.074">
<system-out>
<![CDATA[🔍 LoginPage constructor - url param: http://devwebpanel.sadadqa.com:3004, defaultUrl: http://devwebpanel.sadadqa.com:3004
🔍 LoginPage constructor - final URL: http://devwebpanel.sadadqa.com:3004
[2025-10-14T09:47:50.010Z] [INFO] [LoginPage] User data loaded successfully
🔍 Starting navigation with maxRetries: 0
🔍 Calling navigateToLogin() - attempt 1
[2025-10-14T09:47:50.015Z] [INFO] [LoginPage] Navigating to: http://devwebpanel.sadadqa.com:3004
[2025-10-14T09:47:50.015Z] [INFO] [LoginPage] Navigating to: http://devwebpanel.sadadqa.com:3004
[2025-10-14T09:47:53.985Z] [INFO] [LoginPage] DOM content loaded
[2025-10-14T09:48:03.999Z] [INFO] [LoginPage] Network idle timeout (expected for pages with continuous activity). DOM is ready.
🔍 navigateToLogin() completed successfully
[2025-10-14T09:48:04.000Z] [INFO] [#3Enter valid credentials @smoke] Starting test: #3Enter valid credentials @smoke
[2025-10-14T09:48:04.000Z] [INFO] [#3Enter valid credentials @smoke] 🔹 Step: Enter valid credentials
[2025-10-14T09:48:04.000Z] [INFO] [LoginPage] Attempting login for mobile: 90336607
[2025-10-14T09:48:04.004Z] [INFO] [LoginPage] DOM content loaded
[2025-10-14T09:48:14.020Z] [INFO] [LoginPage] Network idle timeout (expected for pages with continuous activity). DOM is ready.
[2025-10-14T09:48:14.021Z] [INFO] [LoginPage] Waiting until element is present: //h2[normalize-space()='Login in to SADAD']
[2025-10-14T09:48:14.310Z] [INFO] [LoginPage] Comparing text for element: //h2[normalize-space()='Login in to SADAD']
[2025-10-14T09:48:14.310Z] [INFO] [LoginPage] Expected: "Login in to SADAD"
[2025-10-14T09:48:14.310Z] [INFO] [LoginPage] Actual: "Login in to SADAD"
[2025-10-14T09:48:14.311Z] [INFO] [LoginPage] Text comparison result: MATCH
[2025-10-14T09:48:14.311Z] [INFO] [LoginPage] Filling element: input[type="text"] with value: 90336607
[2025-10-14T09:48:15.727Z] [INFO] [LoginPage] Mobile number entered: 90336607
[2025-10-14T09:48:15.728Z] [INFO] [LoginPage] Filling element: input[type="password"] with value: QAble@2020
[2025-10-14T09:48:17.101Z] [INFO] [LoginPage] Password entered
[2025-10-14T09:48:17.102Z] [INFO] [LoginPage] Waiting until element is clickable: //button[@type="submit"]
[2025-10-14T09:48:17.431Z] [INFO] [LoginPage] Clicking on element: //button[@type="submit"]
[2025-10-14T09:48:17.615Z] [INFO] [LoginPage] Login button clicked
[2025-10-14T09:48:17.615Z] [INFO] [LoginPage] Login attempt completed
[2025-10-14T09:48:17.616Z] [INFO] [#3Enter valid credentials @smoke] ✅ Step completed: Enter valid credentials
[2025-10-14T09:48:17.616Z] [INFO] [#3Enter valid credentials @smoke] 🔹 Step: Verify page loads and elements are visible
[2025-10-14T09:48:17.616Z] [INFO] [LoginPage] Verifying login page elements
[2025-10-14T09:48:17.617Z] [INFO] [LoginPage] Waiting for element to be visible: input[type="text"]
[2025-10-14T09:48:17.736Z] [INFO] [LoginPage] Element is now visible: input[type="text"]
[2025-10-14T09:48:17.736Z] [INFO] [LoginPage] Waiting for element to be visible: input[type="password"]
[2025-10-14T09:48:17.866Z] [INFO] [LoginPage] Element is now visible: input[type="password"]
[2025-10-14T09:48:17.867Z] [INFO] [LoginPage] Waiting for element to be visible: //button[@type="submit"]
[2025-10-14T09:48:17.980Z] [INFO] [LoginPage] Element is now visible: //button[@type="submit"]
[2025-10-14T09:48:17.981Z] [INFO] [LoginPage] All login page elements verified
[2025-10-14T09:48:17.981Z] [INFO] [#3Enter valid credentials @smoke] ✅ Step completed: Verify page loads and elements are visible
[2025-10-14T09:48:17.981Z] [INFO] [#3Enter valid credentials @smoke] 🔹 Step: Take screenshot of login page
[2025-10-14T09:48:17.982Z] [INFO] [ScreenshotHelper] Taking screenshot: _3Enter_valid_credentials__smoke_login-page-loaded_2025-10-14T09-48-17-981Z.png
[2025-10-14T09:48:19.670Z] [INFO] [ScreenshotHelper] Screenshot saved: E:\Project\web_pw_framework\screenshots\_3Enter_valid_credentials__smoke_login-page-loaded_2025-10-14T09-48-17-981Z.png
[2025-10-14T09:48:19.685Z] [INFO] [#3Enter valid credentials @smoke] ✅ Step completed: Take screenshot of login page
[2025-10-14T09:48:19.693Z] [INFO] [#3Enter valid credentials @smoke] Test completed: #3Enter valid credentials @smoke

[[ATTACHMENT|test-results\login-Login-Page-Tests-3Enter-valid-credentials-smoke-webkit\attachments\login-page-loaded-0c4ea8523677400b37294e2d9f4efc75e7ea4425.png]]
]]>
</system-out>
</testcase>
<testcase name="Login Page Tests › #4 Enter valid credentials @smoke" classname="login.spec.ts" time="29.818">
<system-out>
<![CDATA[🔍 LoginPage constructor - url param: http://devwebpanel.sadadqa.com:3004, defaultUrl: http://devwebpanel.sadadqa.com:3004
🔍 LoginPage constructor - final URL: http://devwebpanel.sadadqa.com:3004
[2025-10-14T09:47:50.632Z] [INFO] [LoginPage] User data loaded successfully
🔍 Starting navigation with maxRetries: 0
🔍 Calling navigateToLogin() - attempt 1
[2025-10-14T09:47:50.634Z] [INFO] [LoginPage] Navigating to: http://devwebpanel.sadadqa.com:3004
[2025-10-14T09:47:50.634Z] [INFO] [LoginPage] Navigating to: http://devwebpanel.sadadqa.com:3004
[2025-10-14T09:47:54.362Z] [INFO] [LoginPage] DOM content loaded
[2025-10-14T09:48:04.384Z] [INFO] [LoginPage] Network idle timeout (expected for pages with continuous activity). DOM is ready.
🔍 navigateToLogin() completed successfully
[2025-10-14T09:48:04.387Z] [INFO] [#4 Enter valid credentials @smoke] Starting test: #4 Enter valid credentials @smoke
[2025-10-14T09:48:04.389Z] [INFO] [#4 Enter valid credentials @smoke] 🔹 Step: Enter valid credentials
[2025-10-14T09:48:04.391Z] [INFO] [LoginPage] Attempting login for mobile: 90336607
[2025-10-14T09:48:04.434Z] [INFO] [LoginPage] DOM content loaded
[2025-10-14T09:48:14.455Z] [INFO] [LoginPage] Network idle timeout (expected for pages with continuous activity). DOM is ready.
[2025-10-14T09:48:14.456Z] [INFO] [LoginPage] Waiting until element is present: //h2[normalize-space()='Login in to SADAD']
[2025-10-14T09:48:14.715Z] [INFO] [LoginPage] Comparing text for element: //h2[normalize-space()='Login in to SADAD']
[2025-10-14T09:48:14.715Z] [INFO] [LoginPage] Expected: "Login in to SADAD"
[2025-10-14T09:48:14.715Z] [INFO] [LoginPage] Actual: "Login in to SADAD"
[2025-10-14T09:48:14.715Z] [INFO] [LoginPage] Text comparison result: MATCH
[2025-10-14T09:48:14.715Z] [INFO] [LoginPage] Filling element: input[type="text"] with value: 90336607
[2025-10-14T09:48:15.904Z] [INFO] [LoginPage] Mobile number entered: 90336607
[2025-10-14T09:48:15.905Z] [INFO] [LoginPage] Filling element: input[type="password"] with value: QAble@2020
[2025-10-14T09:48:17.101Z] [INFO] [LoginPage] Password entered
[2025-10-14T09:48:17.101Z] [INFO] [LoginPage] Waiting until element is clickable: //button[@type="submit"]
[2025-10-14T09:48:17.372Z] [INFO] [LoginPage] Clicking on element: //button[@type="submit"]
[2025-10-14T09:48:17.547Z] [INFO] [LoginPage] Login button clicked
[2025-10-14T09:48:17.547Z] [INFO] [LoginPage] Login attempt completed
[2025-10-14T09:48:17.547Z] [INFO] [#4 Enter valid credentials @smoke] ✅ Step completed: Enter valid credentials
[2025-10-14T09:48:17.548Z] [INFO] [#4 Enter valid credentials @smoke] 🔹 Step: Verify page loads and elements are visible
[2025-10-14T09:48:17.548Z] [INFO] [LoginPage] Verifying login page elements
[2025-10-14T09:48:17.548Z] [INFO] [LoginPage] Waiting for element to be visible: input[type="text"]
[2025-10-14T09:48:17.652Z] [INFO] [LoginPage] Element is now visible: input[type="text"]
[2025-10-14T09:48:17.652Z] [INFO] [LoginPage] Waiting for element to be visible: input[type="password"]
[2025-10-14T09:48:17.773Z] [INFO] [LoginPage] Element is now visible: input[type="password"]
[2025-10-14T09:48:17.773Z] [INFO] [LoginPage] Waiting for element to be visible: //button[@type="submit"]
[2025-10-14T09:48:17.882Z] [INFO] [LoginPage] Element is now visible: //button[@type="submit"]
[2025-10-14T09:48:17.882Z] [INFO] [LoginPage] All login page elements verified
[2025-10-14T09:48:17.882Z] [INFO] [#4 Enter valid credentials @smoke] ✅ Step completed: Verify page loads and elements are visible
[2025-10-14T09:48:17.886Z] [INFO] [#4 Enter valid credentials @smoke] Test completed: #4 Enter valid credentials @smoke
]]>
</system-out>
</testcase>
<testcase name="Login Page Tests › #5 Enter valid credentials @smoke" classname="login.spec.ts" time="29.892">
<system-out>
<![CDATA[🔍 LoginPage constructor - url param: http://devwebpanel.sadadqa.com:3004, defaultUrl: http://devwebpanel.sadadqa.com:3004
🔍 LoginPage constructor - final URL: http://devwebpanel.sadadqa.com:3004
[2025-10-14T09:47:53.034Z] [INFO] [LoginPage] User data loaded successfully
🔍 Starting navigation with maxRetries: 0
🔍 Calling navigateToLogin() - attempt 1
[2025-10-14T09:47:53.036Z] [INFO] [LoginPage] Navigating to: http://devwebpanel.sadadqa.com:3004
[2025-10-14T09:47:53.037Z] [INFO] [LoginPage] Navigating to: http://devwebpanel.sadadqa.com:3004
[2025-10-14T09:47:56.922Z] [INFO] [LoginPage] DOM content loaded
[2025-10-14T09:48:06.945Z] [INFO] [LoginPage] Network idle timeout (expected for pages with continuous activity). DOM is ready.
🔍 navigateToLogin() completed successfully
[2025-10-14T09:48:06.949Z] [INFO] [#5 Enter valid credentials @smoke] Starting test: #5 Enter valid credentials @smoke
[2025-10-14T09:48:06.949Z] [INFO] [#5 Enter valid credentials @smoke] 🔹 Step: Enter valid credentials
[2025-10-14T09:48:06.950Z] [INFO] [LoginPage] Attempting login for mobile: 90336607
[2025-10-14T09:48:06.959Z] [INFO] [LoginPage] DOM content loaded
[2025-10-14T09:48:16.989Z] [INFO] [LoginPage] Network idle timeout (expected for pages with continuous activity). DOM is ready.
[2025-10-14T09:48:17.005Z] [INFO] [LoginPage] Waiting until element is present: //h2[normalize-space()='Login in to SADAD']
[2025-10-14T09:48:17.416Z] [INFO] [LoginPage] Comparing text for element: //h2[normalize-space()='Login in to SADAD']
[2025-10-14T09:48:17.416Z] [INFO] [LoginPage] Expected: "Login in to SADAD"
[2025-10-14T09:48:17.416Z] [INFO] [LoginPage] Actual: "Login in to SADAD"
[2025-10-14T09:48:17.417Z] [INFO] [LoginPage] Text comparison result: MATCH
[2025-10-14T09:48:17.417Z] [INFO] [LoginPage] Filling element: input[type="text"] with value: 90336607
[2025-10-14T09:48:18.613Z] [INFO] [LoginPage] Mobile number entered: 90336607
[2025-10-14T09:48:18.614Z] [INFO] [LoginPage] Filling element: input[type="password"] with value: QAble@2020
[2025-10-14T09:48:19.786Z] [INFO] [LoginPage] Password entered
[2025-10-14T09:48:19.786Z] [INFO] [LoginPage] Waiting until element is clickable: //button[@type="submit"]
[2025-10-14T09:48:20.037Z] [INFO] [LoginPage] Clicking on element: //button[@type="submit"]
[2025-10-14T09:48:20.191Z] [INFO] [LoginPage] Login button clicked
[2025-10-14T09:48:20.192Z] [INFO] [LoginPage] Login attempt completed
[2025-10-14T09:48:20.192Z] [INFO] [#5 Enter valid credentials @smoke] ✅ Step completed: Enter valid credentials
[2025-10-14T09:48:20.192Z] [INFO] [#5 Enter valid credentials @smoke] 🔹 Step: Verify page loads and elements are visible
[2025-10-14T09:48:20.193Z] [INFO] [LoginPage] Verifying login page elements
[2025-10-14T09:48:20.193Z] [INFO] [LoginPage] Waiting for element to be visible: input[type="text"]
[2025-10-14T09:48:20.306Z] [INFO] [LoginPage] Element is now visible: input[type="text"]
[2025-10-14T09:48:20.306Z] [INFO] [LoginPage] Waiting for element to be visible: input[type="password"]
[2025-10-14T09:48:20.450Z] [INFO] [LoginPage] Element is now visible: input[type="password"]
[2025-10-14T09:48:20.451Z] [INFO] [LoginPage] Waiting for element to be visible: //button[@type="submit"]
[2025-10-14T09:48:20.551Z] [INFO] [LoginPage] Element is now visible: //button[@type="submit"]
[2025-10-14T09:48:20.552Z] [INFO] [LoginPage] All login page elements verified
[2025-10-14T09:48:20.552Z] [INFO] [#5 Enter valid credentials @smoke] ✅ Step completed: Verify page loads and elements are visible
[2025-10-14T09:48:20.555Z] [INFO] [#5 Enter valid credentials @smoke] Test completed: #5 Enter valid credentials @smoke
]]>
</system-out>
</testcase>
<testcase name="Login Page Tests › #6 Enter valid credentials @smoke" classname="login.spec.ts" time="30.019">
<system-out>
<![CDATA[🔍 LoginPage constructor - url param: http://devwebpanel.sadadqa.com:3004, defaultUrl: http://devwebpanel.sadadqa.com:3004
🔍 LoginPage constructor - final URL: http://devwebpanel.sadadqa.com:3004
[2025-10-14T09:47:54.455Z] [INFO] [LoginPage] User data loaded successfully
🔍 Starting navigation with maxRetries: 0
🔍 Calling navigateToLogin() - attempt 1
[2025-10-14T09:47:54.459Z] [INFO] [LoginPage] Navigating to: http://devwebpanel.sadadqa.com:3004
[2025-10-14T09:47:54.460Z] [INFO] [LoginPage] Navigating to: http://devwebpanel.sadadqa.com:3004
[2025-10-14T09:47:58.333Z] [INFO] [LoginPage] DOM content loaded
[2025-10-14T09:48:08.351Z] [INFO] [LoginPage] Network idle timeout (expected for pages with continuous activity). DOM is ready.
🔍 navigateToLogin() completed successfully
[2025-10-14T09:48:08.354Z] [INFO] [#6 Enter valid credentials @smoke] Starting test: #6 Enter valid credentials @smoke
[2025-10-14T09:48:08.356Z] [INFO] [#6 Enter valid credentials @smoke] 🔹 Step: Enter valid credentials
[2025-10-14T09:48:08.357Z] [INFO] [LoginPage] Attempting login for mobile: 90336607
[2025-10-14T09:48:08.388Z] [INFO] [LoginPage] DOM content loaded
[2025-10-14T09:48:18.410Z] [INFO] [LoginPage] Network idle timeout (expected for pages with continuous activity). DOM is ready.
[2025-10-14T09:48:18.415Z] [INFO] [LoginPage] Waiting until element is present: //h2[normalize-space()='Login in to SADAD']
[2025-10-14T09:48:18.778Z] [INFO] [LoginPage] Comparing text for element: //h2[normalize-space()='Login in to SADAD']
[2025-10-14T09:48:18.779Z] [INFO] [LoginPage] Expected: "Login in to SADAD"
[2025-10-14T09:48:18.779Z] [INFO] [LoginPage] Actual: "Login in to SADAD"
[2025-10-14T09:48:18.779Z] [INFO] [LoginPage] Text comparison result: MATCH
[2025-10-14T09:48:18.780Z] [INFO] [LoginPage] Filling element: input[type="text"] with value: 90336607
[2025-10-14T09:48:19.951Z] [INFO] [LoginPage] Mobile number entered: 90336607
[2025-10-14T09:48:19.952Z] [INFO] [LoginPage] Filling element: input[type="password"] with value: QAble@2020
[2025-10-14T09:48:21.084Z] [INFO] [LoginPage] Password entered
[2025-10-14T09:48:21.084Z] [INFO] [LoginPage] Waiting until element is clickable: //button[@type="submit"]
[2025-10-14T09:48:21.321Z] [INFO] [LoginPage] Clicking on element: //button[@type="submit"]
[2025-10-14T09:48:21.482Z] [INFO] [LoginPage] Login button clicked
[2025-10-14T09:48:21.483Z] [INFO] [LoginPage] Login attempt completed
[2025-10-14T09:48:21.483Z] [INFO] [#6 Enter valid credentials @smoke] ✅ Step completed: Enter valid credentials
[2025-10-14T09:48:21.483Z] [INFO] [#6 Enter valid credentials @smoke] 🔹 Step: Verify page loads and elements are visible
[2025-10-14T09:48:21.483Z] [INFO] [LoginPage] Verifying login page elements
[2025-10-14T09:48:21.483Z] [INFO] [LoginPage] Waiting for element to be visible: input[type="text"]
[2025-10-14T09:48:21.604Z] [INFO] [LoginPage] Element is now visible: input[type="text"]
[2025-10-14T09:48:21.604Z] [INFO] [LoginPage] Waiting for element to be visible: input[type="password"]
[2025-10-14T09:48:21.724Z] [INFO] [LoginPage] Element is now visible: input[type="password"]
[2025-10-14T09:48:21.725Z] [INFO] [LoginPage] Waiting for element to be visible: //button[@type="submit"]
[2025-10-14T09:48:21.849Z] [INFO] [LoginPage] Element is now visible: //button[@type="submit"]
[2025-10-14T09:48:21.849Z] [INFO] [LoginPage] All login page elements verified
[2025-10-14T09:48:21.849Z] [INFO] [#6 Enter valid credentials @smoke] ✅ Step completed: Verify page loads and elements are visible
[2025-10-14T09:48:21.853Z] [INFO] [#6 Enter valid credentials @smoke] Test completed: #6 Enter valid credentials @smoke
]]>
</system-out>
</testcase>
<testcase name="Login Page Tests › #7 Enter valid credentials @smoke" classname="login.spec.ts" time="30.339">
<system-out>
<![CDATA[🔍 LoginPage constructor - url param: http://devwebpanel.sadadqa.com:3004, defaultUrl: http://devwebpanel.sadadqa.com:3004
🔍 LoginPage constructor - final URL: http://devwebpanel.sadadqa.com:3004
[2025-10-14T09:47:53.028Z] [INFO] [LoginPage] User data loaded successfully
🔍 Starting navigation with maxRetries: 0
🔍 Calling navigateToLogin() - attempt 1
[2025-10-14T09:47:53.032Z] [INFO] [LoginPage] Navigating to: http://devwebpanel.sadadqa.com:3004
[2025-10-14T09:47:53.033Z] [INFO] [LoginPage] Navigating to: http://devwebpanel.sadadqa.com:3004
[2025-10-14T09:47:56.907Z] [INFO] [LoginPage] DOM content loaded
[2025-10-14T09:48:06.927Z] [INFO] [LoginPage] Network idle timeout (expected for pages with continuous activity). DOM is ready.
🔍 navigateToLogin() completed successfully
[2025-10-14T09:48:06.929Z] [INFO] [#7 Enter valid credentials @smoke] Starting test: #7 Enter valid credentials @smoke
[2025-10-14T09:48:06.930Z] [INFO] [#7 Enter valid credentials @smoke] 🔹 Step: Enter valid credentials
[2025-10-14T09:48:06.930Z] [INFO] [LoginPage] Attempting login for mobile: 90336607
[2025-10-14T09:48:06.935Z] [INFO] [LoginPage] DOM content loaded
[2025-10-14T09:48:16.951Z] [INFO] [LoginPage] Network idle timeout (expected for pages with continuous activity). DOM is ready.
[2025-10-14T09:48:16.952Z] [INFO] [LoginPage] Waiting until element is present: //h2[normalize-space()='Login in to SADAD']
[2025-10-14T09:48:17.296Z] [INFO] [LoginPage] Comparing text for element: //h2[normalize-space()='Login in to SADAD']
[2025-10-14T09:48:17.297Z] [INFO] [LoginPage] Expected: "Login in to SADAD"
[2025-10-14T09:48:17.297Z] [INFO] [LoginPage] Actual: "Login in to SADAD"
[2025-10-14T09:48:17.297Z] [INFO] [LoginPage] Text comparison result: MATCH
[2025-10-14T09:48:17.298Z] [INFO] [LoginPage] Filling element: input[type="text"] with value: 90336607
[2025-10-14T09:48:18.484Z] [INFO] [LoginPage] Mobile number entered: 90336607
[2025-10-14T09:48:18.485Z] [INFO] [LoginPage] Filling element: input[type="password"] with value: QAble@2020
[2025-10-14T09:48:19.686Z] [INFO] [LoginPage] Password entered
[2025-10-14T09:48:19.687Z] [INFO] [LoginPage] Waiting until element is clickable: //button[@type="submit"]
[2025-10-14T09:48:19.950Z] [INFO] [LoginPage] Clicking on element: //button[@type="submit"]
[2025-10-14T09:48:20.111Z] [INFO] [LoginPage] Login button clicked
[2025-10-14T09:48:20.111Z] [INFO] [LoginPage] Login attempt completed
[2025-10-14T09:48:20.112Z] [INFO] [#7 Enter valid credentials @smoke] ✅ Step completed: Enter valid credentials
[2025-10-14T09:48:20.112Z] [INFO] [#7 Enter valid credentials @smoke] 🔹 Step: Verify page loads and elements are visible
[2025-10-14T09:48:20.112Z] [INFO] [LoginPage] Verifying login page elements
[2025-10-14T09:48:20.112Z] [INFO] [LoginPage] Waiting for element to be visible: input[type="text"]
[2025-10-14T09:48:20.231Z] [INFO] [LoginPage] Element is now visible: input[type="text"]
[2025-10-14T09:48:20.232Z] [INFO] [LoginPage] Waiting for element to be visible: input[type="password"]
[2025-10-14T09:48:20.350Z] [INFO] [LoginPage] Element is now visible: input[type="password"]
[2025-10-14T09:48:20.350Z] [INFO] [LoginPage] Waiting for element to be visible: //button[@type="submit"]
[2025-10-14T09:48:20.477Z] [INFO] [LoginPage] Element is now visible: //button[@type="submit"]
[2025-10-14T09:48:20.477Z] [INFO] [LoginPage] All login page elements verified
[2025-10-14T09:48:20.478Z] [INFO] [#7 Enter valid credentials @smoke] ✅ Step completed: Verify page loads and elements are visible
[2025-10-14T09:48:20.485Z] [INFO] [#7 Enter valid credentials @smoke] Test completed: #7 Enter valid credentials @smoke
]]>
</system-out>
</testcase>
<testcase name="Login Page Tests › #9 Enter valid credentials @smoke" classname="login.spec.ts" time="30.156">
<system-out>
<![CDATA[🔍 LoginPage constructor - url param: http://devwebpanel.sadadqa.com:3004, defaultUrl: http://devwebpanel.sadadqa.com:3004
🔍 LoginPage constructor - final URL: http://devwebpanel.sadadqa.com:3004
[2025-10-14T09:47:56.461Z] [INFO] [LoginPage] User data loaded successfully
🔍 Starting navigation with maxRetries: 0
🔍 Calling navigateToLogin() - attempt 1
[2025-10-14T09:47:56.466Z] [INFO] [LoginPage] Navigating to: http://devwebpanel.sadadqa.com:3004
[2025-10-14T09:47:56.466Z] [INFO] [LoginPage] Navigating to: http://devwebpanel.sadadqa.com:3004
[2025-10-14T09:48:00.546Z] [INFO] [LoginPage] DOM content loaded
[2025-10-14T09:48:10.617Z] [INFO] [LoginPage] Network idle timeout (expected for pages with continuous activity). DOM is ready.
🔍 navigateToLogin() completed successfully
[2025-10-14T09:48:10.631Z] [INFO] [#9 Enter valid credentials @smoke] Starting test: #9 Enter valid credentials @smoke
[2025-10-14T09:48:10.633Z] [INFO] [#9 Enter valid credentials @smoke] 🔹 Step: Enter valid credentials
[2025-10-14T09:48:10.634Z] [INFO] [LoginPage] Attempting login for mobile: 90336607
[2025-10-14T09:48:10.684Z] [INFO] [LoginPage] DOM content loaded
[2025-10-14T09:48:20.930Z] [INFO] [LoginPage] Network idle timeout (expected for pages with continuous activity). DOM is ready.
[2025-10-14T09:48:20.933Z] [INFO] [LoginPage] Waiting until element is present: //h2[normalize-space()='Login in to SADAD']
[2025-10-14T09:48:21.334Z] [INFO] [LoginPage] Comparing text for element: //h2[normalize-space()='Login in to SADAD']
[2025-10-14T09:48:21.334Z] [INFO] [LoginPage] Expected: "Login in to SADAD"
[2025-10-14T09:48:21.334Z] [INFO] [LoginPage] Actual: "Login in to SADAD"
[2025-10-14T09:48:21.334Z] [INFO] [LoginPage] Text comparison result: MATCH
[2025-10-14T09:48:21.335Z] [INFO] [LoginPage] Filling element: input[type="text"] with value: 90336607
[2025-10-14T09:48:22.398Z] [INFO] [LoginPage] Mobile number entered: 90336607
[2025-10-14T09:48:22.399Z] [INFO] [LoginPage] Filling element: input[type="password"] with value: QAble@2020
[2025-10-14T09:48:23.488Z] [INFO] [LoginPage] Password entered
[2025-10-14T09:48:23.488Z] [INFO] [LoginPage] Waiting until element is clickable: //button[@type="submit"]
[2025-10-14T09:48:23.736Z] [INFO] [LoginPage] Clicking on element: //button[@type="submit"]
[2025-10-14T09:48:23.886Z] [INFO] [LoginPage] Login button clicked
[2025-10-14T09:48:23.886Z] [INFO] [LoginPage] Login attempt completed
[2025-10-14T09:48:23.886Z] [INFO] [#9 Enter valid credentials @smoke] ✅ Step completed: Enter valid credentials
[2025-10-14T09:48:23.886Z] [INFO] [#9 Enter valid credentials @smoke] 🔹 Step: Verify page loads and elements are visible
[2025-10-14T09:48:23.886Z] [INFO] [LoginPage] Verifying login page elements
[2025-10-14T09:48:23.886Z] [INFO] [LoginPage] Waiting for element to be visible: input[type="text"]
[2025-10-14T09:48:24.001Z] [INFO] [LoginPage] Element is now visible: input[type="text"]
[2025-10-14T09:48:24.001Z] [INFO] [LoginPage] Waiting for element to be visible: input[type="password"]
[2025-10-14T09:48:24.117Z] [INFO] [LoginPage] Element is now visible: input[type="password"]
[2025-10-14T09:48:24.117Z] [INFO] [LoginPage] Waiting for element to be visible: //button[@type="submit"]
[2025-10-14T09:48:24.231Z] [INFO] [LoginPage] Element is now visible: //button[@type="submit"]
[2025-10-14T09:48:24.231Z] [INFO] [LoginPage] All login page elements verified
[2025-10-14T09:48:24.231Z] [INFO] [#9 Enter valid credentials @smoke] ✅ Step completed: Verify page loads and elements are visible
[2025-10-14T09:48:24.234Z] [INFO] [#9 Enter valid credentials @smoke] Test completed: #9 Enter valid credentials @smoke
]]>
</system-out>
</testcase>
<testcase name="Login Page Tests › #10 Enter valid credentials @smoke" classname="login.spec.ts" time="30.135">
<system-out>
<![CDATA[🔍 LoginPage constructor - url param: http://devwebpanel.sadadqa.com:3004, defaultUrl: http://devwebpanel.sadadqa.com:3004
🔍 LoginPage constructor - final URL: http://devwebpanel.sadadqa.com:3004
[2025-10-14T09:47:56.299Z] [INFO] [LoginPage] User data loaded successfully
🔍 Starting navigation with maxRetries: 0
🔍 Calling navigateToLogin() - attempt 1
[2025-10-14T09:47:56.301Z] [INFO] [LoginPage] Navigating to: http://devwebpanel.sadadqa.com:3004
[2025-10-14T09:47:56.301Z] [INFO] [LoginPage] Navigating to: http://devwebpanel.sadadqa.com:3004
[2025-10-14T09:48:00.149Z] [INFO] [LoginPage] DOM content loaded
[2025-10-14T09:48:10.185Z] [INFO] [LoginPage] Network idle timeout (expected for pages with continuous activity). DOM is ready.
🔍 navigateToLogin() completed successfully
[2025-10-14T09:48:10.187Z] [INFO] [#10 Enter valid credentials @smoke] Starting test: #10 Enter valid credentials @smoke
[2025-10-14T09:48:10.189Z] [INFO] [#10 Enter valid credentials @smoke] 🔹 Step: Enter valid credentials
[2025-10-14T09:48:10.190Z] [INFO] [LoginPage] Attempting login for mobile: 90336607
[2025-10-14T09:48:10.289Z] [INFO] [LoginPage] DOM content loaded
[2025-10-14T09:48:20.704Z] [INFO] [LoginPage] Network idle timeout (expected for pages with continuous activity). DOM is ready.
[2025-10-14T09:48:20.705Z] [INFO] [LoginPage] Waiting until element is present: //h2[normalize-space()='Login in to SADAD']
[2025-10-14T09:48:21.165Z] [INFO] [LoginPage] Comparing text for element: //h2[normalize-space()='Login in to SADAD']
[2025-10-14T09:48:21.165Z] [INFO] [LoginPage] Expected: "Login in to SADAD"
[2025-10-14T09:48:21.165Z] [INFO] [LoginPage] Actual: "Login in to SADAD"
[2025-10-14T09:48:21.165Z] [INFO] [LoginPage] Text comparison result: MATCH
[2025-10-14T09:48:21.166Z] [INFO] [LoginPage] Filling element: input[type="text"] with value: 90336607
[2025-10-14T09:48:22.236Z] [INFO] [LoginPage] Mobile number entered: 90336607
[2025-10-14T09:48:22.236Z] [INFO] [LoginPage] Filling element: input[type="password"] with value: QAble@2020
[2025-10-14T09:48:23.315Z] [INFO] [LoginPage] Password entered
[2025-10-14T09:48:23.316Z] [INFO] [LoginPage] Waiting until element is clickable: //button[@type="submit"]
[2025-10-14T09:48:23.550Z] [INFO] [LoginPage] Clicking on element: //button[@type="submit"]
[2025-10-14T09:48:23.720Z] [INFO] [LoginPage] Login button clicked
[2025-10-14T09:48:23.720Z] [INFO] [LoginPage] Login attempt completed
[2025-10-14T09:48:23.720Z] [INFO] [#10 Enter valid credentials @smoke] ✅ Step completed: Enter valid credentials
[2025-10-14T09:48:23.726Z] [INFO] [#10 Enter valid credentials @smoke] Test completed: #10 Enter valid credentials @smoke
]]>
</system-out>
</testcase>
</testsuite>
<testsuite name="login.spec.ts" timestamp="2025-10-14T09:46:56.852Z" hostname="mobile-chrome" tests="9" failures="0" skipped="0" time="252.797" errors="0">
<testcase name="Login Page Tests › Enter valid credentials @smoke" classname="login.spec.ts" time="28.371">
<system-out>
<![CDATA[🔍 LoginPage constructor - url param: http://devwebpanel.sadadqa.com:3004, defaultUrl: http://devwebpanel.sadadqa.com:3004
🔍 LoginPage constructor - final URL: http://devwebpanel.sadadqa.com:3004
[2025-10-14T09:47:55.656Z] [INFO] [LoginPage] User data loaded successfully
🔍 Starting navigation with maxRetries: 0
🔍 Calling navigateToLogin() - attempt 1
[2025-10-14T09:47:55.660Z] [INFO] [LoginPage] Navigating to: http://devwebpanel.sadadqa.com:3004
[2025-10-14T09:47:55.661Z] [INFO] [LoginPage] Navigating to: http://devwebpanel.sadadqa.com:3004
[2025-10-14T09:47:59.037Z] [INFO] [LoginPage] DOM content loaded
[2025-10-14T09:48:09.063Z] [INFO] [LoginPage] Network idle timeout (expected for pages with continuous activity). DOM is ready.
🔍 navigateToLogin() completed successfully
[2025-10-14T09:48:09.068Z] [INFO] [Enter valid credentials @smoke] Starting test: Enter valid credentials @smoke
[2025-10-14T09:48:09.069Z] [INFO] [Enter valid credentials @smoke] 🔹 Step: Enter valid credentials
[2025-10-14T09:48:09.069Z] [INFO] [LoginPage] Attempting login for mobile: 90336607
[2025-10-14T09:48:09.094Z] [INFO] [LoginPage] DOM content loaded
[2025-10-14T09:48:19.120Z] [INFO] [LoginPage] Network idle timeout (expected for pages with continuous activity). DOM is ready.
[2025-10-14T09:48:19.121Z] [INFO] [LoginPage] Waiting until element is present: //h2[normalize-space()='Login in to SADAD']
[2025-10-14T09:48:19.434Z] [INFO] [LoginPage] Comparing text for element: //h2[normalize-space()='Login in to SADAD']
[2025-10-14T09:48:19.434Z] [INFO] [LoginPage] Expected: "Login in to SADAD"
[2025-10-14T09:48:19.434Z] [INFO] [LoginPage] Actual: "Login in to SADAD"
[2025-10-14T09:48:19.434Z] [INFO] [LoginPage] Text comparison result: MATCH
[2025-10-14T09:48:19.434Z] [INFO] [LoginPage] Filling element: input[type="text"] with value: 90336607
[2025-10-14T09:48:20.668Z] [INFO] [LoginPage] Mobile number entered: 90336607
[2025-10-14T09:48:20.668Z] [INFO] [LoginPage] Filling element: input[type="password"] with value: QAble@2020
[2025-10-14T09:48:21.703Z] [INFO] [LoginPage] Password entered
[2025-10-14T09:48:21.703Z] [INFO] [LoginPage] Waiting until element is clickable: //button[@type="submit"]
[2025-10-14T09:48:21.947Z] [INFO] [LoginPage] Clicking on element: //button[@type="submit"]
[2025-10-14T09:48:22.084Z] [INFO] [LoginPage] Login button clicked
[2025-10-14T09:48:22.084Z] [INFO] [LoginPage] Login attempt completed
[2025-10-14T09:48:22.085Z] [INFO] [Enter valid credentials @smoke] ✅ Step completed: Enter valid credentials
[2025-10-14T09:48:22.085Z] [INFO] [Enter valid credentials @smoke] 🔹 Step: Verify page loads and elements are visible
[2025-10-14T09:48:22.085Z] [INFO] [LoginPage] Verifying login page elements
[2025-10-14T09:48:22.086Z] [INFO] [LoginPage] Waiting for element to be visible: input[type="text"]
[2025-10-14T09:48:22.199Z] [INFO] [LoginPage] Element is now visible: input[type="text"]
[2025-10-14T09:48:22.199Z] [INFO] [LoginPage] Waiting for element to be visible: input[type="password"]
[2025-10-14T09:48:22.328Z] [INFO] [LoginPage] Element is now visible: input[type="password"]
[2025-10-14T09:48:22.328Z] [INFO] [LoginPage] Waiting for element to be visible: //button[@type="submit"]
[2025-10-14T09:48:22.463Z] [INFO] [LoginPage] Element is now visible: //button[@type="submit"]
[2025-10-14T09:48:22.463Z] [INFO] [LoginPage] All login page elements verified
[2025-10-14T09:48:22.464Z] [INFO] [Enter valid credentials @smoke] ✅ Step completed: Verify page loads and elements are visible
[2025-10-14T09:48:22.464Z] [INFO] [Enter valid credentials @smoke] 🔹 Step: Take screenshot of login page
[2025-10-14T09:48:22.465Z] [INFO] [ScreenshotHelper] Taking screenshot: Enter_valid_credentials__smoke_login-page-loaded_2025-10-14T09-48-22-465Z.png
[2025-10-14T09:48:23.087Z] [INFO] [ScreenshotHelper] Screenshot saved: E:\Project\web_pw_framework\screenshots\Enter_valid_credentials__smoke_login-page-loaded_2025-10-14T09-48-22-465Z.png
[2025-10-14T09:48:23.088Z] [INFO] [Enter valid credentials @smoke] ✅ Step completed: Take screenshot of login page
[2025-10-14T09:48:23.095Z] [INFO] [Enter valid credentials @smoke] Test completed: Enter valid credentials @smoke

[[ATTACHMENT|test-results\login-Login-Page-Tests-Enter-valid-credentials-smoke-mobile-chrome\attachments\login-page-loaded-6eb675643305d2ce1c5232b82f9e45d7cfc1ab24.png]]
]]>
</system-out>
</testcase>
<testcase name="Login Page Tests › #2 Enter valid credentials @smoke" classname="login.spec.ts" time="29.075">
<system-out>
<![CDATA[🔍 LoginPage constructor - url param: http://devwebpanel.sadadqa.com:3004, defaultUrl: http://devwebpanel.sadadqa.com:3004
🔍 LoginPage constructor - final URL: http://devwebpanel.sadadqa.com:3004
[2025-10-14T09:47:53.688Z] [INFO] [LoginPage] User data loaded successfully
🔍 Starting navigation with maxRetries: 0
🔍 Calling navigateToLogin() - attempt 1
[2025-10-14T09:47:53.691Z] [INFO] [LoginPage] Navigating to: http://devwebpanel.sadadqa.com:3004
[2025-10-14T09:47:53.692Z] [INFO] [LoginPage] Navigating to: http://devwebpanel.sadadqa.com:3004
[2025-10-14T09:47:57.081Z] [INFO] [LoginPage] DOM content loaded
[2025-10-14T09:48:07.099Z] [INFO] [LoginPage] Network idle timeout (expected for pages with continuous activity). DOM is ready.
🔍 navigateToLogin() completed successfully
[2025-10-14T09:48:07.100Z] [INFO] [#2 Enter valid credentials @smoke] Starting test: #2 Enter valid credentials @smoke
[2025-10-14T09:48:07.100Z] [INFO] [#2 Enter valid credentials @smoke] 🔹 Step: Enter valid credentials
[2025-10-14T09:48:07.100Z] [INFO] [LoginPage] Attempting login for mobile: 90336607
[2025-10-14T09:48:07.106Z] [INFO] [LoginPage] DOM content loaded
[2025-10-14T09:48:17.155Z] [INFO] [LoginPage] Network idle timeout (expected for pages with continuous activity). DOM is ready.
[2025-10-14T09:48:17.164Z] [INFO] [LoginPage] Waiting until element is present: //h2[normalize-space()='Login in to SADAD']
[2025-10-14T09:48:17.502Z] [INFO] [LoginPage] Comparing text for element: //h2[normalize-space()='Login in to SADAD']
[2025-10-14T09:48:17.502Z] [INFO] [LoginPage] Expected: "Login in to SADAD"
[2025-10-14T09:48:17.502Z] [INFO] [LoginPage] Actual: "Login in to SADAD"
[2025-10-14T09:48:17.502Z] [INFO] [LoginPage] Text comparison result: MATCH
[2025-10-14T09:48:17.503Z] [INFO] [LoginPage] Filling element: input[type="text"] with value: 90336607
[2025-10-14T09:48:18.779Z] [INFO] [LoginPage] Mobile number entered: 90336607
[2025-10-14T09:48:18.780Z] [INFO] [LoginPage] Filling element: input[type="password"] with value: QAble@2020
[2025-10-14T09:48:19.953Z] [INFO] [LoginPage] Password entered
[2025-10-14T09:48:19.953Z] [INFO] [LoginPage] Waiting until element is clickable: //button[@type="submit"]
[2025-10-14T09:48:20.191Z] [INFO] [LoginPage] Clicking on element: //button[@type="submit"]
[2025-10-14T09:48:20.336Z] [INFO] [LoginPage] Login button clicked
[2025-10-14T09:48:20.336Z] [INFO] [LoginPage] Login attempt completed
[2025-10-14T09:48:20.336Z] [INFO] [#2 Enter valid credentials @smoke] ✅ Step completed: Enter valid credentials
[2025-10-14T09:48:20.336Z] [INFO] [#2 Enter valid credentials @smoke] 🔹 Step: Verify page loads and elements are visible
[2025-10-14T09:48:20.336Z] [INFO] [LoginPage] Verifying login page elements
[2025-10-14T09:48:20.336Z] [INFO] [LoginPage] Waiting for element to be visible: input[type="text"]
[2025-10-14T09:48:20.468Z] [INFO] [LoginPage] Element is now visible: input[type="text"]
[2025-10-14T09:48:20.468Z] [INFO] [LoginPage] Waiting for element to be visible: input[type="password"]
[2025-10-14T09:48:20.579Z] [INFO] [LoginPage] Element is now visible: input[type="password"]
[2025-10-14T09:48:20.583Z] [INFO] [LoginPage] Waiting for element to be visible: //button[@type="submit"]
[2025-10-14T09:48:20.738Z] [INFO] [LoginPage] Element is now visible: //button[@type="submit"]
[2025-10-14T09:48:20.738Z] [INFO] [LoginPage] All login page elements verified
[2025-10-14T09:48:20.738Z] [INFO] [#2 Enter valid credentials @smoke] ✅ Step completed: Verify page loads and elements are visible
[2025-10-14T09:48:20.738Z] [INFO] [#2 Enter valid credentials @smoke] 🔹 Step: Take screenshot of login page
[2025-10-14T09:48:20.749Z] [INFO] [ScreenshotHelper] Taking screenshot: _2_Enter_valid_credentials__smoke_login-page-loaded_2025-10-14T09-48-20-748Z.png
[2025-10-14T09:48:21.586Z] [INFO] [ScreenshotHelper] Screenshot saved: E:\Project\web_pw_framework\screenshots\_2_Enter_valid_credentials__smoke_login-page-loaded_2025-10-14T09-48-20-748Z.png
[2025-10-14T09:48:21.586Z] [INFO] [#2 Enter valid credentials @smoke] ✅ Step completed: Take screenshot of login page
[2025-10-14T09:48:21.594Z] [INFO] [#2 Enter valid credentials @smoke] Test completed: #2 Enter valid credentials @smoke

[[ATTACHMENT|test-results\login-Login-Page-Tests-2-Enter-valid-credentials-smoke-mobile-chrome\attachments\login-page-loaded-031ba83b8e1d3d0adfe6c219a859dd660b5bc5ee.png]]
]]>
</system-out>
</testcase>
<testcase name="Login Page Tests › #3Enter valid credentials @smoke" classname="login.spec.ts" time="28.516">
<system-out>
<![CDATA[🔍 LoginPage constructor - url param: http://devwebpanel.sadadqa.com:3004, defaultUrl: http://devwebpanel.sadadqa.com:3004
🔍 LoginPage constructor - final URL: http://devwebpanel.sadadqa.com:3004
[2025-10-14T09:48:10.922Z] [INFO] [LoginPage] User data loaded successfully
🔍 Starting navigation with maxRetries: 0
🔍 Calling navigateToLogin() - attempt 1
[2025-10-14T09:48:10.931Z] [INFO] [LoginPage] Navigating to: http://devwebpanel.sadadqa.com:3004
[2025-10-14T09:48:10.932Z] [INFO] [LoginPage] Navigating to: http://devwebpanel.sadadqa.com:3004
[2025-10-14T09:48:14.170Z] [INFO] [LoginPage] DOM content loaded
[2025-10-14T09:48:24.188Z] [INFO] [LoginPage] Network idle timeout (expected for pages with continuous activity). DOM is ready.
🔍 navigateToLogin() completed successfully
[2025-10-14T09:48:24.199Z] [INFO] [#3Enter valid credentials @smoke] Starting test: #3Enter valid credentials @smoke
[2025-10-14T09:48:24.200Z] [INFO] [#3Enter valid credentials @smoke] 🔹 Step: Enter valid credentials
[2025-10-14T09:48:24.200Z] [INFO] [LoginPage] Attempting login for mobile: 90336607
[2025-10-14T09:48:24.432Z] [INFO] [LoginPage] DOM content loaded
[2025-10-14T09:48:34.536Z] [INFO] [LoginPage] Network idle timeout (expected for pages with continuous activity). DOM is ready.
[2025-10-14T09:48:34.538Z] [INFO] [LoginPage] Waiting until element is present: //h2[normalize-space()='Login in to SADAD']
[2025-10-14T09:48:34.911Z] [INFO] [LoginPage] Comparing text for element: //h2[normalize-space()='Login in to SADAD']
[2025-10-14T09:48:34.912Z] [INFO] [LoginPage] Expected: "Login in to SADAD"
[2025-10-14T09:48:34.913Z] [INFO] [LoginPage] Actual: "Login in to SADAD"
[2025-10-14T09:48:34.913Z] [INFO] [LoginPage] Text comparison result: MATCH
[2025-10-14T09:48:34.914Z] [INFO] [LoginPage] Filling element: input[type="text"] with value: 90336607
[2025-10-14T09:48:36.037Z] [INFO] [LoginPage] Mobile number entered: 90336607
[2025-10-14T09:48:36.037Z] [INFO] [LoginPage] Filling element: input[type="password"] with value: QAble@2020
[2025-10-14T09:48:37.067Z] [INFO] [LoginPage] Password entered
[2025-10-14T09:48:37.067Z] [INFO] [LoginPage] Waiting until element is clickable: //button[@type="submit"]
[2025-10-14T09:48:37.297Z] [INFO] [LoginPage] Clicking on element: //button[@type="submit"]
[2025-10-14T09:48:37.434Z] [INFO] [LoginPage] Login button clicked
[2025-10-14T09:48:37.434Z] [INFO] [LoginPage] Login attempt completed
[2025-10-14T09:48:37.435Z] [INFO] [#3Enter valid credentials @smoke] ✅ Step completed: Enter valid credentials
[2025-10-14T09:48:37.435Z] [INFO] [#3Enter valid credentials @smoke] 🔹 Step: Verify page loads and elements are visible
[2025-10-14T09:48:37.435Z] [INFO] [LoginPage] Verifying login page elements
[2025-10-14T09:48:37.435Z] [INFO] [LoginPage] Waiting for element to be visible: input[type="text"]
[2025-10-14T09:48:37.568Z] [INFO] [LoginPage] Element is now visible: input[type="text"]
[2025-10-14T09:48:37.569Z] [INFO] [LoginPage] Waiting for element to be visible: input[type="password"]
[2025-10-14T09:48:37.685Z] [INFO] [LoginPage] Element is now visible: input[type="password"]
[2025-10-14T09:48:37.685Z] [INFO] [LoginPage] Waiting for element to be visible: //button[@type="submit"]
[2025-10-14T09:48:37.787Z] [INFO] [LoginPage] Element is now visible: //button[@type="submit"]
[2025-10-14T09:48:37.787Z] [INFO] [LoginPage] All login page elements verified
[2025-10-14T09:48:37.788Z] [INFO] [#3Enter valid credentials @smoke] ✅ Step completed: Verify page loads and elements are visible
[2025-10-14T09:48:37.788Z] [INFO] [#3Enter valid credentials @smoke] 🔹 Step: Take screenshot of login page
[2025-10-14T09:48:37.789Z] [INFO] [ScreenshotHelper] Taking screenshot: _3Enter_valid_credentials__smoke_login-page-loaded_2025-10-14T09-48-37-788Z.png
[2025-10-14T09:48:38.400Z] [INFO] [ScreenshotHelper] Screenshot saved: E:\Project\web_pw_framework\screenshots\_3Enter_valid_credentials__smoke_login-page-loaded_2025-10-14T09-48-37-788Z.png
[2025-10-14T09:48:38.400Z] [INFO] [#3Enter valid credentials @smoke] ✅ Step completed: Take screenshot of login page
[2025-10-14T09:48:38.405Z] [INFO] [#3Enter valid credentials @smoke] Test completed: #3Enter valid credentials @smoke

[[ATTACHMENT|test-results\login-Login-Page-Tests-3Enter-valid-credentials-smoke-mobile-chrome\attachments\login-page-loaded-537ec2d35bd91ca6c65cf2e937e4daf810df853c.png]]
]]>
</system-out>
</testcase>
<testcase name="Login Page Tests › #4 Enter valid credentials @smoke" classname="login.spec.ts" time="27.832">
<system-out>
<![CDATA[🔍 LoginPage constructor - url param: http://devwebpanel.sadadqa.com:3004, defaultUrl: http://devwebpanel.sadadqa.com:3004
🔍 LoginPage constructor - final URL: http://devwebpanel.sadadqa.com:3004
[2025-10-14T09:47:56.369Z] [INFO] [LoginPage] User data loaded successfully
🔍 Starting navigation with maxRetries: 0
🔍 Calling navigateToLogin() - attempt 1
[2025-10-14T09:47:56.372Z] [INFO] [LoginPage] Navigating to: http://devwebpanel.sadadqa.com:3004
[2025-10-14T09:47:56.372Z] [INFO] [LoginPage] Navigating to: http://devwebpanel.sadadqa.com:3004
[2025-10-14T09:47:59.798Z] [INFO] [LoginPage] DOM content loaded
[2025-10-14T09:48:09.821Z] [INFO] [LoginPage] Network idle timeout (expected for pages with continuous activity). DOM is ready.
🔍 navigateToLogin() completed successfully
[2025-10-14T09:48:09.832Z] [INFO] [#4 Enter valid credentials @smoke] Starting test: #4 Enter valid credentials @smoke
[2025-10-14T09:48:09.833Z] [INFO] [#4 Enter valid credentials @smoke] 🔹 Step: Enter valid credentials
[2025-10-14T09:48:09.833Z] [INFO] [LoginPage] Attempting login for mobile: 90336607
[2025-10-14T09:48:09.904Z] [INFO] [LoginPage] DOM content loaded
[2025-10-14T09:48:19.972Z] [INFO] [LoginPage] Network idle timeout (expected for pages with continuous activity). DOM is ready.
[2025-10-14T09:48:19.973Z] [INFO] [LoginPage] Waiting until element is present: //h2[normalize-space()='Login in to SADAD']
[2025-10-14T09:48:20.216Z] [INFO] [LoginPage] Comparing text for element: //h2[normalize-space()='Login in to SADAD']
[2025-10-14T09:48:20.216Z] [INFO] [LoginPage] Expected: "Login in to SADAD"
[2025-10-14T09:48:20.216Z] [INFO] [LoginPage] Actual: "Login in to SADAD"
[2025-10-14T09:48:20.216Z] [INFO] [LoginPage] Text comparison result: MATCH
[2025-10-14T09:48:20.217Z] [INFO] [LoginPage] Filling element: input[type="text"] with value: 90336607
[2025-10-14T09:48:21.282Z] [INFO] [LoginPage] Mobile number entered: 90336607
[2025-10-14T09:48:21.282Z] [INFO] [LoginPage] Filling element: input[type="password"] with value: QAble@2020
[2025-10-14T09:48:22.328Z] [INFO] [LoginPage] Password entered
[2025-10-14T09:48:22.328Z] [INFO] [LoginPage] Waiting until element is clickable: //button[@type="submit"]
[2025-10-14T09:48:22.583Z] [INFO] [LoginPage] Clicking on element: //button[@type="submit"]
[2025-10-14T09:48:22.720Z] [INFO] [LoginPage] Login button clicked
[2025-10-14T09:48:22.721Z] [INFO] [LoginPage] Login attempt completed
[2025-10-14T09:48:22.721Z] [INFO] [#4 Enter valid credentials @smoke] ✅ Step completed: Enter valid credentials
[2025-10-14T09:48:22.721Z] [INFO] [#4 Enter valid credentials @smoke] 🔹 Step: Verify page loads and elements are visible
[2025-10-14T09:48:22.721Z] [INFO] [LoginPage] Verifying login page elements
[2025-10-14T09:48:22.721Z] [INFO] [LoginPage] Waiting for element to be visible: input[type="text"]
[2025-10-14T09:48:22.837Z] [INFO] [LoginPage] Element is now visible: input[type="text"]
[2025-10-14T09:48:22.837Z] [INFO] [LoginPage] Waiting for element to be visible: input[type="password"]
[2025-10-14T09:48:22.948Z] [INFO] [LoginPage] Element is now visible: input[type="password"]
[2025-10-14T09:48:22.948Z] [INFO] [LoginPage] Waiting for element to be visible: //button[@type="submit"]
[2025-10-14T09:48:23.049Z] [INFO] [LoginPage] Element is now visible: //button[@type="submit"]
[2025-10-14T09:48:23.049Z] [INFO] [LoginPage] All login page elements verified
[2025-10-14T09:48:23.049Z] [INFO] [#4 Enter valid credentials @smoke] ✅ Step completed: Verify page loads and elements are visible
[2025-10-14T09:48:23.053Z] [INFO] [#4 Enter valid credentials @smoke] Test completed: #4 Enter valid credentials @smoke
]]>
</system-out>
</testcase>
<testcase name="Login Page Tests › #5 Enter valid credentials @smoke" classname="login.spec.ts" time="27.956">
<system-out>
<![CDATA[🔍 LoginPage constructor - url param: http://devwebpanel.sadadqa.com:3004, defaultUrl: http://devwebpanel.sadadqa.com:3004
🔍 LoginPage constructor - final URL: http://devwebpanel.sadadqa.com:3004
[2025-10-14T09:47:57.563Z] [INFO] [LoginPage] User data loaded successfully
🔍 Starting navigation with maxRetries: 0
🔍 Calling navigateToLogin() - attempt 1
[2025-10-14T09:47:57.567Z] [INFO] [LoginPage] Navigating to: http://devwebpanel.sadadqa.com:3004
[2025-10-14T09:47:57.567Z] [INFO] [LoginPage] Navigating to: http://devwebpanel.sadadqa.com:3004
[2025-10-14T09:48:01.002Z] [INFO] [LoginPage] DOM content loaded
[2025-10-14T09:48:11.029Z] [INFO] [LoginPage] Network idle timeout (expected for pages with continuous activity). DOM is ready.
🔍 navigateToLogin() completed successfully
[2025-10-14T09:48:11.033Z] [INFO] [#5 Enter valid credentials @smoke] Starting test: #5 Enter valid credentials @smoke
[2025-10-14T09:48:11.034Z] [INFO] [#5 Enter valid credentials @smoke] 🔹 Step: Enter valid credentials
[2025-10-14T09:48:11.035Z] [INFO] [LoginPage] Attempting login for mobile: 90336607
[2025-10-14T09:48:11.072Z] [INFO] [LoginPage] DOM content loaded
[2025-10-14T09:48:21.100Z] [INFO] [LoginPage] Network idle timeout (expected for pages with continuous activity). DOM is ready.
[2025-10-14T09:48:21.101Z] [INFO] [LoginPage] Waiting until element is present: //h2[normalize-space()='Login in to SADAD']
[2025-10-14T09:48:21.350Z] [INFO] [LoginPage] Comparing text for element: //h2[normalize-space()='Login in to SADAD']
[2025-10-14T09:48:21.350Z] [INFO] [LoginPage] Expected: "Login in to SADAD"
[2025-10-14T09:48:21.350Z] [INFO] [LoginPage] Actual: "Login in to SADAD"
[2025-10-14T09:48:21.350Z] [INFO] [LoginPage] Text comparison result: MATCH
[2025-10-14T09:48:21.351Z] [INFO] [LoginPage] Filling element: input[type="text"] with value: 90336607
[2025-10-14T09:48:22.488Z] [INFO] [LoginPage] Mobile number entered: 90336607
[2025-10-14T09:48:22.489Z] [INFO] [LoginPage] Filling element: input[type="password"] with value: QAble@2020
[2025-10-14T09:48:23.517Z] [INFO] [LoginPage] Password entered
[2025-10-14T09:48:23.517Z] [INFO] [LoginPage] Waiting until element is clickable: //button[@type="submit"]
[2025-10-14T09:48:23.752Z] [INFO] [LoginPage] Clicking on element: //button[@type="submit"]
[2025-10-14T09:48:23.886Z] [INFO] [LoginPage] Login button clicked
[2025-10-14T09:48:23.886Z] [INFO] [LoginPage] Login attempt completed
[2025-10-14T09:48:23.886Z] [INFO] [#5 Enter valid credentials @smoke] ✅ Step completed: Enter valid credentials
[2025-10-14T09:48:23.886Z] [INFO] [#5 Enter valid credentials @smoke] 🔹 Step: Verify page loads and elements are visible
[2025-10-14T09:48:23.886Z] [INFO] [LoginPage] Verifying login page elements
[2025-10-14T09:48:23.887Z] [INFO] [LoginPage] Waiting for element to be visible: input[type="text"]
[2025-10-14T09:48:24.001Z] [INFO] [LoginPage] Element is now visible: input[type="text"]
[2025-10-14T09:48:24.001Z] [INFO] [LoginPage] Waiting for element to be visible: input[type="password"]
[2025-10-14T09:48:24.117Z] [INFO] [LoginPage] Element is now visible: input[type="password"]
[2025-10-14T09:48:24.118Z] [INFO] [LoginPage] Waiting for element to be visible: //button[@type="submit"]
[2025-10-14T09:48:24.231Z] [INFO] [LoginPage] Element is now visible: //button[@type="submit"]
[2025-10-14T09:48:24.231Z] [INFO] [LoginPage] All login page elements verified
[2025-10-14T09:48:24.231Z] [INFO] [#5 Enter valid credentials @smoke] ✅ Step completed: Verify page loads and elements are visible
[2025-10-14T09:48:24.234Z] [INFO] [#5 Enter valid credentials @smoke] Test completed: #5 Enter valid credentials @smoke
]]>
</system-out>
</testcase>
<testcase name="Login Page Tests › #6 Enter valid credentials @smoke" classname="login.spec.ts" time="28">
<system-out>
<![CDATA[🔍 LoginPage constructor - url param: http://devwebpanel.sadadqa.com:3004, defaultUrl: http://devwebpanel.sadadqa.com:3004
🔍 LoginPage constructor - final URL: http://devwebpanel.sadadqa.com:3004
[2025-10-14T09:47:57.471Z] [INFO] [LoginPage] User data loaded successfully
🔍 Starting navigation with maxRetries: 0
🔍 Calling navigateToLogin() - attempt 1
[2025-10-14T09:47:57.473Z] [INFO] [LoginPage] Navigating to: http://devwebpanel.sadadqa.com:3004
[2025-10-14T09:47:57.475Z] [INFO] [LoginPage] Navigating to: http://devwebpanel.sadadqa.com:3004
[2025-10-14T09:48:00.870Z] [INFO] [LoginPage] DOM content loaded
[2025-10-14T09:48:10.901Z] [INFO] [LoginPage] Network idle timeout (expected for pages with continuous activity). DOM is ready.
🔍 navigateToLogin() completed successfully
[2025-10-14T09:48:10.903Z] [INFO] [#6 Enter valid credentials @smoke] Starting test: #6 Enter valid credentials @smoke
[2025-10-14T09:48:10.904Z] [INFO] [#6 Enter valid credentials @smoke] 🔹 Step: Enter valid credentials
[2025-10-14T09:48:10.905Z] [INFO] [LoginPage] Attempting login for mobile: 90336607
[2025-10-14T09:48:10.997Z] [INFO] [LoginPage] DOM content loaded
[2025-10-14T09:48:21.029Z] [INFO] [LoginPage] Network idle timeout (expected for pages with continuous activity). DOM is ready.
[2025-10-14T09:48:21.031Z] [INFO] [LoginPage] Waiting until element is present: //h2[normalize-space()='Login in to SADAD']
[2025-10-14T09:48:21.351Z] [INFO] [LoginPage] Comparing text for element: //h2[normalize-space()='Login in to SADAD']
[2025-10-14T09:48:21.351Z] [INFO] [LoginPage] Expected: "Login in to SADAD"
[2025-10-14T09:48:21.351Z] [INFO] [LoginPage] Actual: "Login in to SADAD"
[2025-10-14T09:48:21.351Z] [INFO] [LoginPage] Text comparison result: MATCH
[2025-10-14T09:48:21.352Z] [INFO] [LoginPage] Filling element: input[type="text"] with value: 90336607
[2025-10-14T09:48:22.464Z] [INFO] [LoginPage] Mobile number entered: 90336607
[2025-10-14T09:48:22.465Z] [INFO] [LoginPage] Filling element: input[type="password"] with value: QAble@2020
[2025-10-14T09:48:23.488Z] [INFO] [LoginPage] Password entered
[2025-10-14T09:48:23.488Z] [INFO] [LoginPage] Waiting until element is clickable: //button[@type="submit"]
[2025-10-14T09:48:23.721Z] [INFO] [LoginPage] Clicking on element: //button[@type="submit"]
[2025-10-14T09:48:23.859Z] [INFO] [LoginPage] Login button clicked
[2025-10-14T09:48:23.860Z] [INFO] [LoginPage] Login attempt completed
[2025-10-14T09:48:23.860Z] [INFO] [#6 Enter valid credentials @smoke] ✅ Step completed: Enter valid credentials
[2025-10-14T09:48:23.860Z] [INFO] [#6 Enter valid credentials @smoke] 🔹 Step: Verify page loads and elements are visible
[2025-10-14T09:48:23.861Z] [INFO] [LoginPage] Verifying login page elements
[2025-10-14T09:48:23.862Z] [INFO] [LoginPage] Waiting for element to be visible: input[type="text"]
[2025-10-14T09:48:23.970Z] [INFO] [LoginPage] Element is now visible: input[type="text"]
[2025-10-14T09:48:23.970Z] [INFO] [LoginPage] Waiting for element to be visible: input[type="password"]
[2025-10-14T09:48:24.082Z] [INFO] [LoginPage] Element is now visible: input[type="password"]
[2025-10-14T09:48:24.082Z] [INFO] [LoginPage] Waiting for element to be visible: //button[@type="submit"]
[2025-10-14T09:48:24.209Z] [INFO] [LoginPage] Element is now visible: //button[@type="submit"]
[2025-10-14T09:48:24.210Z] [INFO] [LoginPage] All login page elements verified
[2025-10-14T09:48:24.210Z] [INFO] [#6 Enter valid credentials @smoke] ✅ Step completed: Verify page loads and elements are visible
[2025-10-14T09:48:24.223Z] [INFO] [#6 Enter valid credentials @smoke] Test completed: #6 Enter valid credentials @smoke
]]>
</system-out>
</testcase>
<testcase name="Login Page Tests › #7 Enter valid credentials @smoke" classname="login.spec.ts" time="27.819">
<system-out>
<![CDATA[🔍 LoginPage constructor - url param: http://devwebpanel.sadadqa.com:3004, defaultUrl: http://devwebpanel.sadadqa.com:3004
🔍 LoginPage constructor - final URL: http://devwebpanel.sadadqa.com:3004
[2025-10-14T09:47:58.266Z] [INFO] [LoginPage] User data loaded successfully
🔍 Starting navigation with maxRetries: 0
🔍 Calling navigateToLogin() - attempt 1
[2025-10-14T09:47:58.268Z] [INFO] [LoginPage] Navigating to: http://devwebpanel.sadadqa.com:3004
[2025-10-14T09:47:58.268Z] [INFO] [LoginPage] Navigating to: http://devwebpanel.sadadqa.com:3004
[2025-10-14T09:48:01.464Z] [INFO] [LoginPage] DOM content loaded
[2025-10-14T09:48:11.487Z] [INFO] [LoginPage] Network idle timeout (expected for pages with continuous activity). DOM is ready.
🔍 navigateToLogin() completed successfully
[2025-10-14T09:48:11.488Z] [INFO] [#7 Enter valid credentials @smoke] Starting test: #7 Enter valid credentials @smoke
[2025-10-14T09:48:11.489Z] [INFO] [#7 Enter valid credentials @smoke] 🔹 Step: Enter valid credentials
[2025-10-14T09:48:11.490Z] [INFO] [LoginPage] Attempting login for mobile: 90336607
[2025-10-14T09:48:11.516Z] [INFO] [LoginPage] DOM content loaded
[2025-10-14T09:48:21.539Z] [INFO] [LoginPage] Network idle timeout (expected for pages with continuous activity). DOM is ready.
[2025-10-14T09:48:21.544Z] [INFO] [LoginPage] Waiting until element is present: //h2[normalize-space()='Login in to SADAD']
[2025-10-14T09:48:21.869Z] [INFO] [LoginPage] Comparing text for element: //h2[normalize-space()='Login in to SADAD']
[2025-10-14T09:48:21.870Z] [INFO] [LoginPage] Expected: "Login in to SADAD"
[2025-10-14T09:48:21.870Z] [INFO] [LoginPage] Actual: "Login in to SADAD"
[2025-10-14T09:48:21.870Z] [INFO] [LoginPage] Text comparison result: MATCH
[2025-10-14T09:48:21.870Z] [INFO] [LoginPage] Filling element: input[type="text"] with value: 90336607
[2025-10-14T09:48:22.991Z] [INFO] [LoginPage] Mobile number entered: 90336607
[2025-10-14T09:48:22.993Z] [INFO] [LoginPage] Filling element: input[type="password"] with value: QAble@2020
[2025-10-14T09:48:24.048Z] [INFO] [LoginPage] Password entered
[2025-10-14T09:48:24.048Z] [INFO] [LoginPage] Waiting until element is clickable: //button[@type="submit"]
[2025-10-14T09:48:24.288Z] [INFO] [LoginPage] Clicking on element: //button[@type="submit"]
[2025-10-14T09:48:24.432Z] [INFO] [LoginPage] Login button clicked
[2025-10-14T09:48:24.432Z] [INFO] [LoginPage] Login attempt completed
[2025-10-14T09:48:24.432Z] [INFO] [#7 Enter valid credentials @smoke] ✅ Step completed: Enter valid credentials
[2025-10-14T09:48:24.432Z] [INFO] [#7 Enter valid credentials @smoke] 🔹 Step: Verify page loads and elements are visible
[2025-10-14T09:48:24.433Z] [INFO] [LoginPage] Verifying login page elements
[2025-10-14T09:48:24.433Z] [INFO] [LoginPage] Waiting for element to be visible: input[type="text"]
[2025-10-14T09:48:24.541Z] [INFO] [LoginPage] Element is now visible: input[type="text"]
[2025-10-14T09:48:24.541Z] [INFO] [LoginPage] Waiting for element to be visible: input[type="password"]
[2025-10-14T09:48:24.658Z] [INFO] [LoginPage] Element is now visible: input[type="password"]
[2025-10-14T09:48:24.659Z] [INFO] [LoginPage] Waiting for element to be visible: //button[@type="submit"]
[2025-10-14T09:48:24.766Z] [INFO] [LoginPage] Element is now visible: //button[@type="submit"]
[2025-10-14T09:48:24.766Z] [INFO] [LoginPage] All login page elements verified
[2025-10-14T09:48:24.766Z] [INFO] [#7 Enter valid credentials @smoke] ✅ Step completed: Verify page loads and elements are visible
[2025-10-14T09:48:24.770Z] [INFO] [#7 Enter valid credentials @smoke] Test completed: #7 Enter valid credentials @smoke
]]>
</system-out>
</testcase>
<testcase name="Login Page Tests › #9 Enter valid credentials @smoke" classname="login.spec.ts" time="27.845">
<system-out>
<![CDATA[🔍 LoginPage constructor - url param: http://devwebpanel.sadadqa.com:3004, defaultUrl: http://devwebpanel.sadadqa.com:3004
🔍 LoginPage constructor - final URL: http://devwebpanel.sadadqa.com:3004
[2025-10-14T09:48:00.162Z] [INFO] [LoginPage] User data loaded successfully
🔍 Starting navigation with maxRetries: 0
🔍 Calling navigateToLogin() - attempt 1
[2025-10-14T09:48:00.166Z] [INFO] [LoginPage] Navigating to: http://devwebpanel.sadadqa.com:3004
[2025-10-14T09:48:00.167Z] [INFO] [LoginPage] Navigating to: http://devwebpanel.sadadqa.com:3004
[2025-10-14T09:48:03.378Z] [INFO] [LoginPage] DOM content loaded
[2025-10-14T09:48:13.403Z] [INFO] [LoginPage] Network idle timeout (expected for pages with continuous activity). DOM is ready.
🔍 navigateToLogin() completed successfully
[2025-10-14T09:48:13.411Z] [INFO] [#9 Enter valid credentials @smoke] Starting test: #9 Enter valid credentials @smoke
[2025-10-14T09:48:13.413Z] [INFO] [#9 Enter valid credentials @smoke] 🔹 Step: Enter valid credentials
[2025-10-14T09:48:13.415Z] [INFO] [LoginPage] Attempting login for mobile: 90336607
[2025-10-14T09:48:13.444Z] [INFO] [LoginPage] DOM content loaded
[2025-10-14T09:48:23.478Z] [INFO] [LoginPage] Network idle timeout (expected for pages with continuous activity). DOM is ready.
[2025-10-14T09:48:23.482Z] [INFO] [LoginPage] Waiting until element is present: //h2[normalize-space()='Login in to SADAD']
[2025-10-14T09:48:23.750Z] [INFO] [LoginPage] Comparing text for element: //h2[normalize-space()='Login in to SADAD']
[2025-10-14T09:48:23.751Z] [INFO] [LoginPage] Expected: "Login in to SADAD"
[2025-10-14T09:48:23.751Z] [INFO] [LoginPage] Actual: "Login in to SADAD"
[2025-10-14T09:48:23.751Z] [INFO] [LoginPage] Text comparison result: MATCH
[2025-10-14T09:48:23.751Z] [INFO] [LoginPage] Filling element: input[type="text"] with value: 90336607
[2025-10-14T09:48:24.953Z] [INFO] [LoginPage] Mobile number entered: 90336607
[2025-10-14T09:48:24.954Z] [INFO] [LoginPage] Filling element: input[type="password"] with value: QAble@2020
[2025-10-14T09:48:25.969Z] [INFO] [LoginPage] Password entered
[2025-10-14T09:48:25.969Z] [INFO] [LoginPage] Waiting until element is clickable: //button[@type="submit"]
[2025-10-14T09:48:26.201Z] [INFO] [LoginPage] Clicking on element: //button[@type="submit"]
[2025-10-14T09:48:26.343Z] [INFO] [LoginPage] Login button clicked
[2025-10-14T09:48:26.344Z] [INFO] [LoginPage] Login attempt completed
[2025-10-14T09:48:26.344Z] [INFO] [#9 Enter valid credentials @smoke] ✅ Step completed: Enter valid credentials
[2025-10-14T09:48:26.344Z] [INFO] [#9 Enter valid credentials @smoke] 🔹 Step: Verify page loads and elements are visible
[2025-10-14T09:48:26.344Z] [INFO] [LoginPage] Verifying login page elements
[2025-10-14T09:48:26.345Z] [INFO] [LoginPage] Waiting for element to be visible: input[type="text"]
[2025-10-14T09:48:26.453Z] [INFO] [LoginPage] Element is now visible: input[type="text"]
[2025-10-14T09:48:26.453Z] [INFO] [LoginPage] Waiting for element to be visible: input[type="password"]
[2025-10-14T09:48:26.563Z] [INFO] [LoginPage] Element is now visible: input[type="password"]
[2025-10-14T09:48:26.564Z] [INFO] [LoginPage] Waiting for element to be visible: //button[@type="submit"]
[2025-10-14T09:48:26.665Z] [INFO] [LoginPage] Element is now visible: //button[@type="submit"]
[2025-10-14T09:48:26.665Z] [INFO] [LoginPage] All login page elements verified
[2025-10-14T09:48:26.666Z] [INFO] [#9 Enter valid credentials @smoke] ✅ Step completed: Verify page loads and elements are visible
[2025-10-14T09:48:26.669Z] [INFO] [#9 Enter valid credentials @smoke] Test completed: #9 Enter valid credentials @smoke
]]>
</system-out>
</testcase>
<testcase name="Login Page Tests › #10 Enter valid credentials @smoke" classname="login.spec.ts" time="27.383">
<system-out>
<![CDATA[🔍 LoginPage constructor - url param: http://devwebpanel.sadadqa.com:3004, defaultUrl: http://devwebpanel.sadadqa.com:3004
🔍 LoginPage constructor - final URL: http://devwebpanel.sadadqa.com:3004
[2025-10-14T09:48:00.970Z] [INFO] [LoginPage] User data loaded successfully
🔍 Starting navigation with maxRetries: 0
🔍 Calling navigateToLogin() - attempt 1
[2025-10-14T09:48:00.971Z] [INFO] [LoginPage] Navigating to: http://devwebpanel.sadadqa.com:3004
[2025-10-14T09:48:00.972Z] [INFO] [LoginPage] Navigating to: http://devwebpanel.sadadqa.com:3004
[2025-10-14T09:48:04.161Z] [INFO] [LoginPage] DOM content loaded
[2025-10-14T09:48:14.176Z] [INFO] [LoginPage] Network idle timeout (expected for pages with continuous activity). DOM is ready.
🔍 navigateToLogin() completed successfully
[2025-10-14T09:48:14.181Z] [INFO] [#10 Enter valid credentials @smoke] Starting test: #10 Enter valid credentials @smoke
[2025-10-14T09:48:14.182Z] [INFO] [#10 Enter valid credentials @smoke] 🔹 Step: Enter valid credentials
[2025-10-14T09:48:14.182Z] [INFO] [LoginPage] Attempting login for mobile: 90336607
[2025-10-14T09:48:14.194Z] [INFO] [LoginPage] DOM content loaded
[2025-10-14T09:48:24.220Z] [INFO] [LoginPage] Network idle timeout (expected for pages with continuous activity). DOM is ready.
[2025-10-14T09:48:24.221Z] [INFO] [LoginPage] Waiting until element is present: //h2[normalize-space()='Login in to SADAD']
[2025-10-14T09:48:24.469Z] [INFO] [LoginPage] Comparing text for element: //h2[normalize-space()='Login in to SADAD']
[2025-10-14T09:48:24.470Z] [INFO] [LoginPage] Expected: "Login in to SADAD"
[2025-10-14T09:48:24.470Z] [INFO] [LoginPage] Actual: "Login in to SADAD"
[2025-10-14T09:48:24.470Z] [INFO] [LoginPage] Text comparison result: MATCH
[2025-10-14T09:48:24.470Z] [INFO] [LoginPage] Filling element: input[type="text"] with value: 90336607
[2025-10-14T09:48:25.565Z] [INFO] [LoginPage] Mobile number entered: 90336607
[2025-10-14T09:48:25.565Z] [INFO] [LoginPage] Filling element: input[type="password"] with value: QAble@2020
[2025-10-14T09:48:26.585Z] [INFO] [LoginPage] Password entered
[2025-10-14T09:48:26.586Z] [INFO] [LoginPage] Waiting until element is clickable: //button[@type="submit"]
[2025-10-14T09:48:26.881Z] [INFO] [LoginPage] Clicking on element: //button[@type="submit"]
[2025-10-14T09:48:27.035Z] [INFO] [LoginPage] Login button clicked
[2025-10-14T09:48:27.035Z] [INFO] [LoginPage] Login attempt completed
[2025-10-14T09:48:27.035Z] [INFO] [#10 Enter valid credentials @smoke] ✅ Step completed: Enter valid credentials
[2025-10-14T09:48:27.040Z] [INFO] [#10 Enter valid credentials @smoke] Test completed: #10 Enter valid credentials @smoke
]]>
</system-out>
</testcase>
</testsuite>
<testsuite name="login.spec.ts" timestamp="2025-10-14T09:46:56.852Z" hostname="mobile-safari" tests="9" failures="0" skipped="0" time="261.126" errors="0">
<testcase name="Login Page Tests › Enter valid credentials @smoke" classname="login.spec.ts" time="29.323">
<system-out>
<![CDATA[🔍 LoginPage constructor - url param: http://devwebpanel.sadadqa.com:3004, defaultUrl: http://devwebpanel.sadadqa.com:3004
🔍 LoginPage constructor - final URL: http://devwebpanel.sadadqa.com:3004
[2025-10-14T09:48:03.437Z] [INFO] [LoginPage] User data loaded successfully
🔍 Starting navigation with maxRetries: 0
🔍 Calling navigateToLogin() - attempt 1
[2025-10-14T09:48:03.438Z] [INFO] [LoginPage] Navigating to: http://devwebpanel.sadadqa.com:3004
[2025-10-14T09:48:03.438Z] [INFO] [LoginPage] Navigating to: http://devwebpanel.sadadqa.com:3004
[2025-10-14T09:48:07.025Z] [INFO] [LoginPage] DOM content loaded
[2025-10-14T09:48:17.039Z] [INFO] [LoginPage] Network idle timeout (expected for pages with continuous activity). DOM is ready.
🔍 navigateToLogin() completed successfully
[2025-10-14T09:48:17.053Z] [INFO] [Enter valid credentials @smoke] Starting test: Enter valid credentials @smoke
[2025-10-14T09:48:17.054Z] [INFO] [Enter valid credentials @smoke] 🔹 Step: Enter valid credentials
[2025-10-14T09:48:17.055Z] [INFO] [LoginPage] Attempting login for mobile: 90336607
[2025-10-14T09:48:17.153Z] [INFO] [LoginPage] DOM content loaded
[2025-10-14T09:48:27.187Z] [INFO] [LoginPage] Network idle timeout (expected for pages with continuous activity). DOM is ready.
[2025-10-14T09:48:27.187Z] [INFO] [LoginPage] Waiting until element is present: //h2[normalize-space()='Login in to SADAD']
[2025-10-14T09:48:27.484Z] [INFO] [LoginPage] Comparing text for element: //h2[normalize-space()='Login in to SADAD']
[2025-10-14T09:48:27.484Z] [INFO] [LoginPage] Expected: "Login in to SADAD"
[2025-10-14T09:48:27.484Z] [INFO] [LoginPage] Actual: "Login in to SADAD"
[2025-10-14T09:48:27.484Z] [INFO] [LoginPage] Text comparison result: MATCH
[2025-10-14T09:48:27.485Z] [INFO] [LoginPage] Filling element: input[type="text"] with value: 90336607
[2025-10-14T09:48:28.551Z] [INFO] [LoginPage] Mobile number entered: 90336607
[2025-10-14T09:48:28.551Z] [INFO] [LoginPage] Filling element: input[type="password"] with value: QAble@2020
[2025-10-14T09:48:29.548Z] [INFO] [LoginPage] Password entered
[2025-10-14T09:48:29.548Z] [INFO] [LoginPage] Waiting until element is clickable: //button[@type="submit"]
[2025-10-14T09:48:29.787Z] [INFO] [LoginPage] Clicking on element: //button[@type="submit"]
[2025-10-14T09:48:29.958Z] [INFO] [LoginPage] Login button clicked
[2025-10-14T09:48:29.958Z] [INFO] [LoginPage] Login attempt completed
[2025-10-14T09:48:29.959Z] [INFO] [Enter valid credentials @smoke] ✅ Step completed: Enter valid credentials
[2025-10-14T09:48:29.959Z] [INFO] [Enter valid credentials @smoke] 🔹 Step: Verify page loads and elements are visible
[2025-10-14T09:48:29.960Z] [INFO] [LoginPage] Verifying login page elements
[2025-10-14T09:48:29.960Z] [INFO] [LoginPage] Waiting for element to be visible: input[type="text"]
[2025-10-14T09:48:30.069Z] [INFO] [LoginPage] Element is now visible: input[type="text"]
[2025-10-14T09:48:30.069Z] [INFO] [LoginPage] Waiting for element to be visible: input[type="password"]
[2025-10-14T09:48:30.172Z] [INFO] [LoginPage] Element is now visible: input[type="password"]
[2025-10-14T09:48:30.172Z] [INFO] [LoginPage] Waiting for element to be visible: //button[@type="submit"]
[2025-10-14T09:48:30.279Z] [INFO] [LoginPage] Element is now visible: //button[@type="submit"]
[2025-10-14T09:48:30.279Z] [INFO] [LoginPage] All login page elements verified
[2025-10-14T09:48:30.280Z] [INFO] [Enter valid credentials @smoke] ✅ Step completed: Verify page loads and elements are visible
[2025-10-14T09:48:30.280Z] [INFO] [Enter valid credentials @smoke] 🔹 Step: Take screenshot of login page
[2025-10-14T09:48:30.282Z] [INFO] [ScreenshotHelper] Taking screenshot: Enter_valid_credentials__smoke_login-page-loaded_2025-10-14T09-48-30-281Z.png
[2025-10-14T09:48:31.060Z] [INFO] [ScreenshotHelper] Screenshot saved: E:\Project\web_pw_framework\screenshots\Enter_valid_credentials__smoke_login-page-loaded_2025-10-14T09-48-30-281Z.png
[2025-10-14T09:48:31.060Z] [INFO] [Enter valid credentials @smoke] ✅ Step completed: Take screenshot of login page
[2025-10-14T09:48:31.065Z] [INFO] [Enter valid credentials @smoke] Test completed: Enter valid credentials @smoke

[[ATTACHMENT|test-results\login-Login-Page-Tests-Enter-valid-credentials-smoke-mobile-safari\attachments\login-page-loaded-81b4d23ad8525f6becef7da25337d35e54d77d65.png]]
]]>
</system-out>
</testcase>
<testcase name="Login Page Tests › #2 Enter valid credentials @smoke" classname="login.spec.ts" time="29.823">
<system-out>
<![CDATA[🔍 LoginPage constructor - url param: http://devwebpanel.sadadqa.com:3004, defaultUrl: http://devwebpanel.sadadqa.com:3004
🔍 LoginPage constructor - final URL: http://devwebpanel.sadadqa.com:3004
[2025-10-14T09:48:04.322Z] [INFO] [LoginPage] User data loaded successfully
🔍 Starting navigation with maxRetries: 0
🔍 Calling navigateToLogin() - attempt 1
[2025-10-14T09:48:04.323Z] [INFO] [LoginPage] Navigating to: http://devwebpanel.sadadqa.com:3004
[2025-10-14T09:48:04.324Z] [INFO] [LoginPage] Navigating to: http://devwebpanel.sadadqa.com:3004
[2025-10-14T09:48:08.296Z] [INFO] [LoginPage] DOM content loaded
[2025-10-14T09:48:18.334Z] [INFO] [LoginPage] Network idle timeout (expected for pages with continuous activity). DOM is ready.
🔍 navigateToLogin() completed successfully
[2025-10-14T09:48:18.338Z] [INFO] [#2 Enter valid credentials @smoke] Starting test: #2 Enter valid credentials @smoke
[2025-10-14T09:48:18.339Z] [INFO] [#2 Enter valid credentials @smoke] 🔹 Step: Enter valid credentials
[2025-10-14T09:48:18.340Z] [INFO] [LoginPage] Attempting login for mobile: 90336607
[2025-10-14T09:48:18.379Z] [INFO] [LoginPage] DOM content loaded
[2025-10-14T09:48:28.403Z] [INFO] [LoginPage] Network idle timeout (expected for pages with continuous activity). DOM is ready.
[2025-10-14T09:48:28.403Z] [INFO] [LoginPage] Waiting until element is present: //h2[normalize-space()='Login in to SADAD']
[2025-10-14T09:48:28.662Z] [INFO] [LoginPage] Comparing text for element: //h2[normalize-space()='Login in to SADAD']
[2025-10-14T09:48:28.663Z] [INFO] [LoginPage] Expected: "Login in to SADAD"
[2025-10-14T09:48:28.663Z] [INFO] [LoginPage] Actual: "Login in to SADAD"
[2025-10-14T09:48:28.663Z] [INFO] [LoginPage] Text comparison result: MATCH
[2025-10-14T09:48:28.664Z] [INFO] [LoginPage] Filling element: input[type="text"] with value: 90336607
[2025-10-14T09:48:29.754Z] [INFO] [LoginPage] Mobile number entered: 90336607
[2025-10-14T09:48:29.754Z] [INFO] [LoginPage] Filling element: input[type="password"] with value: QAble@2020
[2025-10-14T09:48:30.768Z] [INFO] [LoginPage] Password entered
[2025-10-14T09:48:30.768Z] [INFO] [LoginPage] Waiting until element is clickable: //button[@type="submit"]
[2025-10-14T09:48:30.997Z] [INFO] [LoginPage] Clicking on element: //button[@type="submit"]
[2025-10-14T09:48:31.151Z] [INFO] [LoginPage] Login button clicked
[2025-10-14T09:48:31.151Z] [INFO] [LoginPage] Login attempt completed
[2025-10-14T09:48:31.151Z] [INFO] [#2 Enter valid credentials @smoke] ✅ Step completed: Enter valid credentials
[2025-10-14T09:48:31.152Z] [INFO] [#2 Enter valid credentials @smoke] 🔹 Step: Verify page loads and elements are visible
[2025-10-14T09:48:31.152Z] [INFO] [LoginPage] Verifying login page elements
[2025-10-14T09:48:31.152Z] [INFO] [LoginPage] Waiting for element to be visible: input[type="text"]
[2025-10-14T09:48:31.276Z] [INFO] [LoginPage] Element is now visible: input[type="text"]
[2025-10-14T09:48:31.276Z] [INFO] [LoginPage] Waiting for element to be visible: input[type="password"]
[2025-10-14T09:48:31.385Z] [INFO] [LoginPage] Element is now visible: input[type="password"]
[2025-10-14T09:48:31.386Z] [INFO] [LoginPage] Waiting for element to be visible: //button[@type="submit"]
[2025-10-14T09:48:31.496Z] [INFO] [LoginPage] Element is now visible: //button[@type="submit"]
[2025-10-14T09:48:31.497Z] [INFO] [LoginPage] All login page elements verified
[2025-10-14T09:48:31.497Z] [INFO] [#2 Enter valid credentials @smoke] ✅ Step completed: Verify page loads and elements are visible
[2025-10-14T09:48:31.497Z] [INFO] [#2 Enter valid credentials @smoke] 🔹 Step: Take screenshot of login page
[2025-10-14T09:48:31.498Z] [INFO] [ScreenshotHelper] Taking screenshot: _2_Enter_valid_credentials__smoke_login-page-loaded_2025-10-14T09-48-31-498Z.png
[2025-10-14T09:48:32.310Z] [INFO] [ScreenshotHelper] Screenshot saved: E:\Project\web_pw_framework\screenshots\_2_Enter_valid_credentials__smoke_login-page-loaded_2025-10-14T09-48-31-498Z.png
[2025-10-14T09:48:32.310Z] [INFO] [#2 Enter valid credentials @smoke] ✅ Step completed: Take screenshot of login page
[2025-10-14T09:48:32.317Z] [INFO] [#2 Enter valid credentials @smoke] Test completed: #2 Enter valid credentials @smoke

[[ATTACHMENT|test-results\login-Login-Page-Tests-2-Enter-valid-credentials-smoke-mobile-safari\attachments\login-page-loaded-332c85b1b59e805def1ff6e480602d7aa8194ae0.png]]
]]>
</system-out>
</testcase>
<testcase name="Login Page Tests › #3Enter valid credentials @smoke" classname="login.spec.ts" time="29.325">
<system-out>
<![CDATA[🔍 LoginPage constructor - url param: http://devwebpanel.sadadqa.com:3004, defaultUrl: http://devwebpanel.sadadqa.com:3004
🔍 LoginPage constructor - final URL: http://devwebpanel.sadadqa.com:3004
[2025-10-14T09:48:16.284Z] [INFO] [LoginPage] User data loaded successfully
🔍 Starting navigation with maxRetries: 0
🔍 Calling navigateToLogin() - attempt 1
[2025-10-14T09:48:16.286Z] [INFO] [LoginPage] Navigating to: http://devwebpanel.sadadqa.com:3004
[2025-10-14T09:48:16.287Z] [INFO] [LoginPage] Navigating to: http://devwebpanel.sadadqa.com:3004
[2025-10-14T09:48:19.954Z] [INFO] [LoginPage] DOM content loaded
[2025-10-14T09:48:29.982Z] [INFO] [LoginPage] Network idle timeout (expected for pages with continuous activity). DOM is ready.
🔍 navigateToLogin() completed successfully
[2025-10-14T09:48:29.985Z] [INFO] [#3Enter valid credentials @smoke] Starting test: #3Enter valid credentials @smoke
[2025-10-14T09:48:29.986Z] [INFO] [#3Enter valid credentials @smoke] 🔹 Step: Enter valid credentials
[2025-10-14T09:48:29.986Z] [INFO] [LoginPage] Attempting login for mobile: 90336607
[2025-10-14T09:48:30.006Z] [INFO] [LoginPage] DOM content loaded
[2025-10-14T09:48:40.035Z] [INFO] [LoginPage] Network idle timeout (expected for pages with continuous activity). DOM is ready.
[2025-10-14T09:48:40.048Z] [INFO] [LoginPage] Waiting until element is present: //h2[normalize-space()='Login in to SADAD']
[2025-10-14T09:48:40.302Z] [INFO] [LoginPage] Comparing text for element: //h2[normalize-space()='Login in to SADAD']
[2025-10-14T09:48:40.303Z] [INFO] [LoginPage] Expected: "Login in to SADAD"
[2025-10-14T09:48:40.303Z] [INFO] [LoginPage] Actual: "Login in to SADAD"
[2025-10-14T09:48:40.303Z] [INFO] [LoginPage] Text comparison result: MATCH
[2025-10-14T09:48:40.303Z] [INFO] [LoginPage] Filling element: input[type="text"] with value: 90336607
[2025-10-14T09:48:41.395Z] [INFO] [LoginPage] Mobile number entered: 90336607
[2025-10-14T09:48:41.396Z] [INFO] [LoginPage] Filling element: input[type="password"] with value: QAble@2020
[2025-10-14T09:48:42.410Z] [INFO] [LoginPage] Password entered
[2025-10-14T09:48:42.411Z] [INFO] [LoginPage] Waiting until element is clickable: //button[@type="submit"]
[2025-10-14T09:48:42.633Z] [INFO] [LoginPage] Clicking on element: //button[@type="submit"]
[2025-10-14T09:48:42.782Z] [INFO] [LoginPage] Login button clicked
[2025-10-14T09:48:42.783Z] [INFO] [LoginPage] Login attempt completed
[2025-10-14T09:48:42.783Z] [INFO] [#3Enter valid credentials @smoke] ✅ Step completed: Enter valid credentials
[2025-10-14T09:48:42.783Z] [INFO] [#3Enter valid credentials @smoke] 🔹 Step: Verify page loads and elements are visible
[2025-10-14T09:48:42.783Z] [INFO] [LoginPage] Verifying login page elements
[2025-10-14T09:48:42.783Z] [INFO] [LoginPage] Waiting for element to be visible: input[type="text"]
[2025-10-14T09:48:42.887Z] [INFO] [LoginPage] Element is now visible: input[type="text"]
[2025-10-14T09:48:42.887Z] [INFO] [LoginPage] Waiting for element to be visible: input[type="password"]
[2025-10-14T09:48:42.994Z] [INFO] [LoginPage] Element is now visible: input[type="password"]
[2025-10-14T09:48:42.994Z] [INFO] [LoginPage] Waiting for element to be visible: //button[@type="submit"]
[2025-10-14T09:48:43.102Z] [INFO] [LoginPage] Element is now visible: //button[@type="submit"]
[2025-10-14T09:48:43.103Z] [INFO] [LoginPage] All login page elements verified
[2025-10-14T09:48:43.103Z] [INFO] [#3Enter valid credentials @smoke] ✅ Step completed: Verify page loads and elements are visible
[2025-10-14T09:48:43.103Z] [INFO] [#3Enter valid credentials @smoke] 🔹 Step: Take screenshot of login page
[2025-10-14T09:48:43.103Z] [INFO] [ScreenshotHelper] Taking screenshot: _3Enter_valid_credentials__smoke_login-page-loaded_2025-10-14T09-48-43-103Z.png
[2025-10-14T09:48:43.882Z] [INFO] [ScreenshotHelper] Screenshot saved: E:\Project\web_pw_framework\screenshots\_3Enter_valid_credentials__smoke_login-page-loaded_2025-10-14T09-48-43-103Z.png
[2025-10-14T09:48:43.882Z] [INFO] [#3Enter valid credentials @smoke] ✅ Step completed: Take screenshot of login page
[2025-10-14T09:48:43.885Z] [INFO] [#3Enter valid credentials @smoke] Test completed: #3Enter valid credentials @smoke

[[ATTACHMENT|test-results\login-Login-Page-Tests-3Enter-valid-credentials-smoke-mobile-safari\attachments\login-page-loaded-51e0ee3d1f81cf91673e77b4f0f86e0a41395a82.png]]
]]>
</system-out>
</testcase>
<testcase name="Login Page Tests › #4 Enter valid credentials @smoke" classname="login.spec.ts" time="29.885">
<system-out>
<![CDATA[🔍 LoginPage constructor - url param: http://devwebpanel.sadadqa.com:3004, defaultUrl: http://devwebpanel.sadadqa.com:3004
🔍 LoginPage constructor - final URL: http://devwebpanel.sadadqa.com:3004
[2025-10-14T09:48:13.446Z] [INFO] [LoginPage] User data loaded successfully
🔍 Starting navigation with maxRetries: 0
🔍 Calling navigateToLogin() - attempt 1
[2025-10-14T09:48:13.450Z] [INFO] [LoginPage] Navigating to: http://devwebpanel.sadadqa.com:3004
[2025-10-14T09:48:13.450Z] [INFO] [LoginPage] Navigating to: http://devwebpanel.sadadqa.com:3004
[2025-10-14T09:48:17.320Z] [INFO] [LoginPage] DOM content loaded
[2025-10-14T09:48:27.352Z] [INFO] [LoginPage] Network idle timeout (expected for pages with continuous activity). DOM is ready.
🔍 navigateToLogin() completed successfully
[2025-10-14T09:48:27.354Z] [INFO] [#4 Enter valid credentials @smoke] Starting test: #4 Enter valid credentials @smoke
[2025-10-14T09:48:27.357Z] [INFO] [#4 Enter valid credentials @smoke] 🔹 Step: Enter valid credentials
[2025-10-14T09:48:27.359Z] [INFO] [LoginPage] Attempting login for mobile: 90336607
[2025-10-14T09:48:27.426Z] [INFO] [LoginPage] DOM content loaded
[2025-10-14T09:48:37.483Z] [INFO] [LoginPage] Network idle timeout (expected for pages with continuous activity). DOM is ready.
[2025-10-14T09:48:37.484Z] [INFO] [LoginPage] Waiting until element is present: //h2[normalize-space()='Login in to SADAD']
[2025-10-14T09:48:37.821Z] [INFO] [LoginPage] Comparing text for element: //h2[normalize-space()='Login in to SADAD']
[2025-10-14T09:48:37.821Z] [INFO] [LoginPage] Expected: "Login in to SADAD"
[2025-10-14T09:48:37.821Z] [INFO] [LoginPage] Actual: "Login in to SADAD"
[2025-10-14T09:48:37.821Z] [INFO] [LoginPage] Text comparison result: MATCH
[2025-10-14T09:48:37.822Z] [INFO] [LoginPage] Filling element: input[type="text"] with value: 90336607
[2025-10-14T09:48:38.913Z] [INFO] [LoginPage] Mobile number entered: 90336607
[2025-10-14T09:48:38.914Z] [INFO] [LoginPage] Filling element: input[type="password"] with value: QAble@2020
[2025-10-14T09:48:40.333Z] [INFO] [LoginPage] Password entered
[2025-10-14T09:48:40.333Z] [INFO] [LoginPage] Waiting until element is clickable: //button[@type="submit"]
[2025-10-14T09:48:40.585Z] [INFO] [LoginPage] Clicking on element: //button[@type="submit"]
[2025-10-14T09:48:40.756Z] [INFO] [LoginPage] Login button clicked
[2025-10-14T09:48:40.756Z] [INFO] [LoginPage] Login attempt completed
[2025-10-14T09:48:40.756Z] [INFO] [#4 Enter valid credentials @smoke] ✅ Step completed: Enter valid credentials
[2025-10-14T09:48:40.756Z] [INFO] [#4 Enter valid credentials @smoke] 🔹 Step: Verify page loads and elements are visible
[2025-10-14T09:48:40.757Z] [INFO] [LoginPage] Verifying login page elements
[2025-10-14T09:48:40.757Z] [INFO] [LoginPage] Waiting for element to be visible: input[type="text"]
[2025-10-14T09:48:40.872Z] [INFO] [LoginPage] Element is now visible: input[type="text"]
[2025-10-14T09:48:40.873Z] [INFO] [LoginPage] Waiting for element to be visible: input[type="password"]
[2025-10-14T09:48:40.997Z] [INFO] [LoginPage] Element is now visible: input[type="password"]
[2025-10-14T09:48:40.998Z] [INFO] [LoginPage] Waiting for element to be visible: //button[@type="submit"]
[2025-10-14T09:48:41.104Z] [INFO] [LoginPage] Element is now visible: //button[@type="submit"]
[2025-10-14T09:48:41.104Z] [INFO] [LoginPage] All login page elements verified
[2025-10-14T09:48:41.104Z] [INFO] [#4 Enter valid credentials @smoke] ✅ Step completed: Verify page loads and elements are visible
[2025-10-14T09:48:41.112Z] [INFO] [#4 Enter valid credentials @smoke] Test completed: #4 Enter valid credentials @smoke
]]>
</system-out>
</testcase>
<testcase name="Login Page Tests › #5 Enter valid credentials @smoke" classname="login.spec.ts" time="28.355">
<system-out>
<![CDATA[🔍 LoginPage constructor - url param: http://devwebpanel.sadadqa.com:3004, defaultUrl: http://devwebpanel.sadadqa.com:3004
🔍 LoginPage constructor - final URL: http://devwebpanel.sadadqa.com:3004
[2025-10-14T09:48:30.338Z] [INFO] [LoginPage] User data loaded successfully
🔍 Starting navigation with maxRetries: 0
🔍 Calling navigateToLogin() - attempt 1
[2025-10-14T09:48:30.343Z] [INFO] [LoginPage] Navigating to: http://devwebpanel.sadadqa.com:3004
[2025-10-14T09:48:30.343Z] [INFO] [LoginPage] Navigating to: http://devwebpanel.sadadqa.com:3004
[2025-10-14T09:48:33.782Z] [INFO] [LoginPage] DOM content loaded
[2025-10-14T09:48:43.800Z] [INFO] [LoginPage] Network idle timeout (expected for pages with continuous activity). DOM is ready.
🔍 navigateToLogin() completed successfully
[2025-10-14T09:48:43.802Z] [INFO] [#5 Enter valid credentials @smoke] Starting test: #5 Enter valid credentials @smoke
[2025-10-14T09:48:43.802Z] [INFO] [#5 Enter valid credentials @smoke] 🔹 Step: Enter valid credentials
[2025-10-14T09:48:43.803Z] [INFO] [LoginPage] Attempting login for mobile: 90336607
[2025-10-14T09:48:43.819Z] [INFO] [LoginPage] DOM content loaded
[2025-10-14T09:48:53.848Z] [INFO] [LoginPage] Network idle timeout (expected for pages with continuous activity). DOM is ready.
[2025-10-14T09:48:53.849Z] [INFO] [LoginPage] Waiting until element is present: //h2[normalize-space()='Login in to SADAD']
[2025-10-14T09:48:54.093Z] [INFO] [LoginPage] Comparing text for element: //h2[normalize-space()='Login in to SADAD']
[2025-10-14T09:48:54.094Z] [INFO] [LoginPage] Expected: "Login in to SADAD"
[2025-10-14T09:48:54.094Z] [INFO] [LoginPage] Actual: "Login in to SADAD"
[2025-10-14T09:48:54.094Z] [INFO] [LoginPage] Text comparison result: MATCH
[2025-10-14T09:48:54.094Z] [INFO] [LoginPage] Filling element: input[type="text"] with value: 90336607
[2025-10-14T09:48:55.131Z] [INFO] [LoginPage] Mobile number entered: 90336607
[2025-10-14T09:48:55.132Z] [INFO] [LoginPage] Filling element: input[type="password"] with value: QAble@2020
[2025-10-14T09:48:56.143Z] [INFO] [LoginPage] Password entered
[2025-10-14T09:48:56.144Z] [INFO] [LoginPage] Waiting until element is clickable: //button[@type="submit"]
[2025-10-14T09:48:56.386Z] [INFO] [LoginPage] Clicking on element: //button[@type="submit"]
[2025-10-14T09:48:56.545Z] [INFO] [LoginPage] Login button clicked
[2025-10-14T09:48:56.545Z] [INFO] [LoginPage] Login attempt completed
[2025-10-14T09:48:56.546Z] [INFO] [#5 Enter valid credentials @smoke] ✅ Step completed: Enter valid credentials
[2025-10-14T09:48:56.546Z] [INFO] [#5 Enter valid credentials @smoke] 🔹 Step: Verify page loads and elements are visible
[2025-10-14T09:48:56.546Z] [INFO] [LoginPage] Verifying login page elements
[2025-10-14T09:48:56.547Z] [INFO] [LoginPage] Waiting for element to be visible: input[type="text"]
[2025-10-14T09:48:56.656Z] [INFO] [LoginPage] Element is now visible: input[type="text"]
[2025-10-14T09:48:56.657Z] [INFO] [LoginPage] Waiting for element to be visible: input[type="password"]
[2025-10-14T09:48:56.787Z] [INFO] [LoginPage] Element is now visible: input[type="password"]
[2025-10-14T09:48:56.787Z] [INFO] [LoginPage] Waiting for element to be visible: //button[@type="submit"]
[2025-10-14T09:48:56.900Z] [INFO] [LoginPage] Element is now visible: //button[@type="submit"]
[2025-10-14T09:48:56.900Z] [INFO] [LoginPage] All login page elements verified
[2025-10-14T09:48:56.900Z] [INFO] [#5 Enter valid credentials @smoke] ✅ Step completed: Verify page loads and elements are visible
[2025-10-14T09:48:56.902Z] [INFO] [#5 Enter valid credentials @smoke] Test completed: #5 Enter valid credentials @smoke
]]>
</system-out>
</testcase>
<testcase name="Login Page Tests › #6 Enter valid credentials @smoke" classname="login.spec.ts" time="28.644">
<system-out>
<![CDATA[🔍 LoginPage constructor - url param: http://devwebpanel.sadadqa.com:3004, defaultUrl: http://devwebpanel.sadadqa.com:3004
🔍 LoginPage constructor - final URL: http://devwebpanel.sadadqa.com:3004
[2025-10-14T09:48:30.790Z] [INFO] [LoginPage] User data loaded successfully
🔍 Starting navigation with maxRetries: 0
🔍 Calling navigateToLogin() - attempt 1
[2025-10-14T09:48:30.794Z] [INFO] [LoginPage] Navigating to: http://devwebpanel.sadadqa.com:3004
[2025-10-14T09:48:30.795Z] [INFO] [LoginPage] Navigating to: http://devwebpanel.sadadqa.com:3004
[2025-10-14T09:48:34.630Z] [INFO] [LoginPage] DOM content loaded
[2025-10-14T09:48:44.652Z] [INFO] [LoginPage] Network idle timeout (expected for pages with continuous activity). DOM is ready.
🔍 navigateToLogin() completed successfully
[2025-10-14T09:48:44.655Z] [INFO] [#6 Enter valid credentials @smoke] Starting test: #6 Enter valid credentials @smoke
[2025-10-14T09:48:44.656Z] [INFO] [#6 Enter valid credentials @smoke] 🔹 Step: Enter valid credentials
[2025-10-14T09:48:44.657Z] [INFO] [LoginPage] Attempting login for mobile: 90336607
[2025-10-14T09:48:44.679Z] [INFO] [LoginPage] DOM content loaded
[2025-10-14T09:48:54.699Z] [INFO] [LoginPage] Network idle timeout (expected for pages with continuous activity). DOM is ready.
[2025-10-14T09:48:54.700Z] [INFO] [LoginPage] Waiting until element is present: //h2[normalize-space()='Login in to SADAD']
[2025-10-14T09:48:54.947Z] [INFO] [LoginPage] Comparing text for element: //h2[normalize-space()='Login in to SADAD']
[2025-10-14T09:48:54.948Z] [INFO] [LoginPage] Expected: "Login in to SADAD"
[2025-10-14T09:48:54.948Z] [INFO] [LoginPage] Actual: "Login in to SADAD"
[2025-10-14T09:48:54.948Z] [INFO] [LoginPage] Text comparison result: MATCH
[2025-10-14T09:48:54.948Z] [INFO] [LoginPage] Filling element: input[type="text"] with value: 90336607
[2025-10-14T09:48:55.987Z] [INFO] [LoginPage] Mobile number entered: 90336607
[2025-10-14T09:48:55.987Z] [INFO] [LoginPage] Filling element: input[type="password"] with value: QAble@2020
[2025-10-14T09:48:57.000Z] [INFO] [LoginPage] Password entered
[2025-10-14T09:48:57.001Z] [INFO] [LoginPage] Waiting until element is clickable: //button[@type="submit"]
[2025-10-14T09:48:57.217Z] [INFO] [LoginPage] Clicking on element: //button[@type="submit"]
[2025-10-14T09:48:57.365Z] [INFO] [LoginPage] Login button clicked
[2025-10-14T09:48:57.366Z] [INFO] [LoginPage] Login attempt completed
[2025-10-14T09:48:57.366Z] [INFO] [#6 Enter valid credentials @smoke] ✅ Step completed: Enter valid credentials
[2025-10-14T09:48:57.366Z] [INFO] [#6 Enter valid credentials @smoke] 🔹 Step: Verify page loads and elements are visible
[2025-10-14T09:48:57.367Z] [INFO] [LoginPage] Verifying login page elements
[2025-10-14T09:48:57.367Z] [INFO] [LoginPage] Waiting for element to be visible: input[type="text"]
[2025-10-14T09:48:57.481Z] [INFO] [LoginPage] Element is now visible: input[type="text"]
[2025-10-14T09:48:57.481Z] [INFO] [LoginPage] Waiting for element to be visible: input[type="password"]
[2025-10-14T09:48:57.586Z] [INFO] [LoginPage] Element is now visible: input[type="password"]
[2025-10-14T09:48:57.586Z] [INFO] [LoginPage] Waiting for element to be visible: //button[@type="submit"]
[2025-10-14T09:48:57.688Z] [INFO] [LoginPage] Element is now visible: //button[@type="submit"]
[2025-10-14T09:48:57.688Z] [INFO] [LoginPage] All login page elements verified
[2025-10-14T09:48:57.688Z] [INFO] [#6 Enter valid credentials @smoke] ✅ Step completed: Verify page loads and elements are visible
[2025-10-14T09:48:57.694Z] [INFO] [#6 Enter valid credentials @smoke] Test completed: #6 Enter valid credentials @smoke
]]>
</system-out>
</testcase>
<testcase name="Login Page Tests › #7 Enter valid credentials @smoke" classname="login.spec.ts" time="28.552">
<system-out>
<![CDATA[🔍 LoginPage constructor - url param: http://devwebpanel.sadadqa.com:3004, defaultUrl: http://devwebpanel.sadadqa.com:3004
🔍 LoginPage constructor - final URL: http://devwebpanel.sadadqa.com:3004
[2025-10-14T09:48:31.765Z] [INFO] [LoginPage] User data loaded successfully
🔍 Starting navigation with maxRetries: 0
🔍 Calling navigateToLogin() - attempt 1
[2025-10-14T09:48:31.767Z] [INFO] [LoginPage] Navigating to: http://devwebpanel.sadadqa.com:3004
[2025-10-14T09:48:31.768Z] [INFO] [LoginPage] Navigating to: http://devwebpanel.sadadqa.com:3004
[2025-10-14T09:48:35.407Z] [INFO] [LoginPage] DOM content loaded
[2025-10-14T09:48:45.436Z] [INFO] [LoginPage] Network idle timeout (expected for pages with continuous activity). DOM is ready.
🔍 navigateToLogin() completed successfully
[2025-10-14T09:48:45.437Z] [INFO] [#7 Enter valid credentials @smoke] Starting test: #7 Enter valid credentials @smoke
[2025-10-14T09:48:45.438Z] [INFO] [#7 Enter valid credentials @smoke] 🔹 Step: Enter valid credentials
[2025-10-14T09:48:45.438Z] [INFO] [LoginPage] Attempting login for mobile: 90336607
[2025-10-14T09:48:45.453Z] [INFO] [LoginPage] DOM content loaded
[2025-10-14T09:48:55.481Z] [INFO] [LoginPage] Network idle timeout (expected for pages with continuous activity). DOM is ready.
[2025-10-14T09:48:55.483Z] [INFO] [LoginPage] Waiting until element is present: //h2[normalize-space()='Login in to SADAD']
[2025-10-14T09:48:55.753Z] [INFO] [LoginPage] Comparing text for element: //h2[normalize-space()='Login in to SADAD']
[2025-10-14T09:48:55.753Z] [INFO] [LoginPage] Expected: "Login in to SADAD"
[2025-10-14T09:48:55.753Z] [INFO] [LoginPage] Actual: "Login in to SADAD"
[2025-10-14T09:48:55.753Z] [INFO] [LoginPage] Text comparison result: MATCH
[2025-10-14T09:48:55.753Z] [INFO] [LoginPage] Filling element: input[type="text"] with value: 90336607
[2025-10-14T09:48:56.802Z] [INFO] [LoginPage] Mobile number entered: 90336607
[2025-10-14T09:48:56.803Z] [INFO] [LoginPage] Filling element: input[type="password"] with value: QAble@2020
[2025-10-14T09:48:57.796Z] [INFO] [LoginPage] Password entered
[2025-10-14T09:48:57.797Z] [INFO] [LoginPage] Waiting until element is clickable: //button[@type="submit"]
[2025-10-14T09:48:58.020Z] [INFO] [LoginPage] Clicking on element: //button[@type="submit"]
[2025-10-14T09:48:58.209Z] [INFO] [LoginPage] Login button clicked
[2025-10-14T09:48:58.209Z] [INFO] [LoginPage] Login attempt completed
[2025-10-14T09:48:58.209Z] [INFO] [#7 Enter valid credentials @smoke] ✅ Step completed: Enter valid credentials
[2025-10-14T09:48:58.209Z] [INFO] [#7 Enter valid credentials @smoke] 🔹 Step: Verify page loads and elements are visible
[2025-10-14T09:48:58.209Z] [INFO] [LoginPage] Verifying login page elements
[2025-10-14T09:48:58.210Z] [INFO] [LoginPage] Waiting for element to be visible: input[type="text"]
[2025-10-14T09:48:58.319Z] [INFO] [LoginPage] Element is now visible: input[type="text"]
[2025-10-14T09:48:58.319Z] [INFO] [LoginPage] Waiting for element to be visible: input[type="password"]
[2025-10-14T09:48:58.427Z] [INFO] [LoginPage] Element is now visible: input[type="password"]
[2025-10-14T09:48:58.428Z] [INFO] [LoginPage] Waiting for element to be visible: //button[@type="submit"]
[2025-10-14T09:48:58.534Z] [INFO] [LoginPage] Element is now visible: //button[@type="submit"]
[2025-10-14T09:48:58.535Z] [INFO] [LoginPage] All login page elements verified
[2025-10-14T09:48:58.535Z] [INFO] [#7 Enter valid credentials @smoke] ✅ Step completed: Verify page loads and elements are visible
[2025-10-14T09:48:58.538Z] [INFO] [#7 Enter valid credentials @smoke] Test completed: #7 Enter valid credentials @smoke
]]>
</system-out>
</testcase>
<testcase name="Login Page Tests › #9 Enter valid credentials @smoke" classname="login.spec.ts" time="28.498">
<system-out>
<![CDATA[🔍 LoginPage constructor - url param: http://devwebpanel.sadadqa.com:3004, defaultUrl: http://devwebpanel.sadadqa.com:3004
🔍 LoginPage constructor - final URL: http://devwebpanel.sadadqa.com:3004
[2025-10-14T09:48:32.457Z] [INFO] [LoginPage] User data loaded successfully
🔍 Starting navigation with maxRetries: 0
🔍 Calling navigateToLogin() - attempt 1
[2025-10-14T09:48:32.461Z] [INFO] [LoginPage] Navigating to: http://devwebpanel.sadadqa.com:3004
[2025-10-14T09:48:32.462Z] [INFO] [LoginPage] Navigating to: http://devwebpanel.sadadqa.com:3004
[2025-10-14T09:48:36.084Z] [INFO] [LoginPage] DOM content loaded
[2025-10-14T09:48:46.103Z] [INFO] [LoginPage] Network idle timeout (expected for pages with continuous activity). DOM is ready.
🔍 navigateToLogin() completed successfully
[2025-10-14T09:48:46.105Z] [INFO] [#9 Enter valid credentials @smoke] Starting test: #9 Enter valid credentials @smoke
[2025-10-14T09:48:46.108Z] [INFO] [#9 Enter valid credentials @smoke] 🔹 Step: Enter valid credentials
[2025-10-14T09:48:46.109Z] [INFO] [LoginPage] Attempting login for mobile: 90336607
[2025-10-14T09:48:46.121Z] [INFO] [LoginPage] DOM content loaded
[2025-10-14T09:48:56.136Z] [INFO] [LoginPage] Network idle timeout (expected for pages with continuous activity). DOM is ready.
[2025-10-14T09:48:56.137Z] [INFO] [LoginPage] Waiting until element is present: //h2[normalize-space()='Login in to SADAD']
[2025-10-14T09:48:56.385Z] [INFO] [LoginPage] Comparing text for element: //h2[normalize-space()='Login in to SADAD']
[2025-10-14T09:48:56.385Z] [INFO] [LoginPage] Expected: "Login in to SADAD"
[2025-10-14T09:48:56.385Z] [INFO] [LoginPage] Actual: "Login in to SADAD"
[2025-10-14T09:48:56.385Z] [INFO] [LoginPage] Text comparison result: MATCH
[2025-10-14T09:48:56.386Z] [INFO] [LoginPage] Filling element: input[type="text"] with value: 90336607
[2025-10-14T09:48:57.434Z] [INFO] [LoginPage] Mobile number entered: 90336607
[2025-10-14T09:48:57.435Z] [INFO] [LoginPage] Filling element: input[type="password"] with value: QAble@2020
[2025-10-14T09:48:58.433Z] [INFO] [LoginPage] Password entered
[2025-10-14T09:48:58.434Z] [INFO] [LoginPage] Waiting until element is clickable: //button[@type="submit"]
[2025-10-14T09:48:58.660Z] [INFO] [LoginPage] Clicking on element: //button[@type="submit"]
[2025-10-14T09:48:58.818Z] [INFO] [LoginPage] Login button clicked
[2025-10-14T09:48:58.818Z] [INFO] [LoginPage] Login attempt completed
[2025-10-14T09:48:58.818Z] [INFO] [#9 Enter valid credentials @smoke] ✅ Step completed: Enter valid credentials
[2025-10-14T09:48:58.818Z] [INFO] [#9 Enter valid credentials @smoke] 🔹 Step: Verify page loads and elements are visible
[2025-10-14T09:48:58.818Z] [INFO] [LoginPage] Verifying login page elements
[2025-10-14T09:48:58.819Z] [INFO] [LoginPage] Waiting for element to be visible: input[type="text"]
[2025-10-14T09:48:58.931Z] [INFO] [LoginPage] Element is now visible: input[type="text"]
[2025-10-14T09:48:58.931Z] [INFO] [LoginPage] Waiting for element to be visible: input[type="password"]
[2025-10-14T09:48:59.046Z] [INFO] [LoginPage] Element is now visible: input[type="password"]
[2025-10-14T09:48:59.046Z] [INFO] [LoginPage] Waiting for element to be visible: //button[@type="submit"]
[2025-10-14T09:48:59.152Z] [INFO] [LoginPage] Element is now visible: //button[@type="submit"]
[2025-10-14T09:48:59.152Z] [INFO] [LoginPage] All login page elements verified
[2025-10-14T09:48:59.152Z] [INFO] [#9 Enter valid credentials @smoke] ✅ Step completed: Verify page loads and elements are visible
[2025-10-14T09:48:59.154Z] [INFO] [#9 Enter valid credentials @smoke] Test completed: #9 Enter valid credentials @smoke
]]>
</system-out>
</testcase>
<testcase name="Login Page Tests › #10 Enter valid credentials @smoke" classname="login.spec.ts" time="28.721">
<system-out>
<![CDATA[🔍 LoginPage constructor - url param: http://devwebpanel.sadadqa.com:3004, defaultUrl: http://devwebpanel.sadadqa.com:3004
🔍 LoginPage constructor - final URL: http://devwebpanel.sadadqa.com:3004
[2025-10-14T09:48:33.933Z] [INFO] [LoginPage] User data loaded successfully
🔍 Starting navigation with maxRetries: 0
🔍 Calling navigateToLogin() - attempt 1
[2025-10-14T09:48:33.936Z] [INFO] [LoginPage] Navigating to: http://devwebpanel.sadadqa.com:3004
[2025-10-14T09:48:33.936Z] [INFO] [LoginPage] Navigating to: http://devwebpanel.sadadqa.com:3004
[2025-10-14T09:48:37.829Z] [INFO] [LoginPage] DOM content loaded
[2025-10-14T09:48:47.871Z] [INFO] [LoginPage] Network idle timeout (expected for pages with continuous activity). DOM is ready.
🔍 navigateToLogin() completed successfully
[2025-10-14T09:48:47.879Z] [INFO] [#10 Enter valid credentials @smoke] Starting test: #10 Enter valid credentials @smoke
[2025-10-14T09:48:47.883Z] [INFO] [#10 Enter valid credentials @smoke] 🔹 Step: Enter valid credentials
[2025-10-14T09:48:47.884Z] [INFO] [LoginPage] Attempting login for mobile: 90336607
[2025-10-14T09:48:47.921Z] [INFO] [LoginPage] DOM content loaded
[2025-10-14T09:48:57.952Z] [INFO] [LoginPage] Network idle timeout (expected for pages with continuous activity). DOM is ready.
[2025-10-14T09:48:57.952Z] [INFO] [LoginPage] Waiting until element is present: //h2[normalize-space()='Login in to SADAD']
[2025-10-14T09:48:58.194Z] [INFO] [LoginPage] Comparing text for element: //h2[normalize-space()='Login in to SADAD']
[2025-10-14T09:48:58.195Z] [INFO] [LoginPage] Expected: "Login in to SADAD"
[2025-10-14T09:48:58.195Z] [INFO] [LoginPage] Actual: "Login in to SADAD"
[2025-10-14T09:48:58.195Z] [INFO] [LoginPage] Text comparison result: MATCH
[2025-10-14T09:48:58.196Z] [INFO] [LoginPage] Filling element: input[type="text"] with value: 90336607
[2025-10-14T09:48:59.242Z] [INFO] [LoginPage] Mobile number entered: 90336607
[2025-10-14T09:48:59.243Z] [INFO] [LoginPage] Filling element: input[type="password"] with value: QAble@2020
[2025-10-14T09:49:00.234Z] [INFO] [LoginPage] Password entered
[2025-10-14T09:49:00.234Z] [INFO] [LoginPage] Waiting until element is clickable: //button[@type="submit"]
[2025-10-14T09:49:00.465Z] [INFO] [LoginPage] Clicking on element: //button[@type="submit"]
[2025-10-14T09:49:00.621Z] [INFO] [LoginPage] Login button clicked
[2025-10-14T09:49:00.621Z] [INFO] [LoginPage] Login attempt completed
[2025-10-14T09:49:00.622Z] [INFO] [#10 Enter valid credentials @smoke] ✅ Step completed: Enter valid credentials
[2025-10-14T09:49:00.630Z] [INFO] [#10 Enter valid credentials @smoke] Test completed: #10 Enter valid credentials @smoke
]]>
</system-out>
</testcase>
</testsuite>
</testsuites>